05-07 16:54:12.962 D/MagnificationConnectionManager(30245): requestConnection :false mConnectionState : 3
05-07 16:54:12.962 W/MagnificationConnectionManager(30245): requestConnection duplicated request: connect=false, mConnectionState=DISCONNECTED
05-07 16:54:12.963 I/ActivityManager(30245): Changes in 10255 10 to 19, 384 to 0
05-07 16:54:12.964 I/SurfaceFlinger( 1880): id=418219 createSurf, flag=84004, WindowToken{497d4eb type=2032 android.os.Binder@4a5603a}#418219
05-07 16:54:12.967 I/SafetyCenterAccessibilityListener(12475): accessibility event occurred, safety center feature not enabled.
05-07 16:54:12.967 W/libbinder.IPCThreadState(30245): Sending oneway calls to frozen process.
05-07 16:54:12.968 W/libbinder.IPCThreadState(30245): Sending oneway calls to frozen process.
05-07 16:54:12.968 V/AccessibilityManagerService(30245): onUserStateChangedLocked for userId: 0, forceUpdate: false
05-07 16:54:12.968 W/libbinder.IPCThreadState(30245): Sending oneway calls to frozen process.
05-07 16:54:12.968 W/libbinder.IPCThreadState(30245): Sending oneway calls to frozen process.
05-07 16:54:12.968 W/libbinder.IPCThreadState(30245): Sending oneway calls to frozen process.
05-07 16:54:12.968 D/MagnificationConnectionManager(30245): requestConnection :false mConnectionState : 3
05-07 16:54:12.968 W/MagnificationConnectionManager(30245): requestConnection duplicated request: connect=false, mConnectionState=DISCONNECTED
05-07 16:54:12.969 W/libbinder.IPCThreadState(30245): Sending oneway calls to frozen process.
05-07 16:54:12.969 W/libbinder.IPCThreadState(30245): Sending oneway calls to frozen process.
05-07 16:54:12.969 W/libbinder.IPCThreadState(30245): Sending oneway calls to frozen process.
05-07 16:54:12.969 W/libbinder.IPCThreadState(30245): Sending oneway calls to frozen process.
05-07 16:54:12.969 W/libbinder.IPCThreadState(30245): Sending oneway calls to frozen process.
05-07 16:54:12.970 W/libbinder.IPCThreadState(30245): Sending oneway calls to frozen process.
05-07 16:54:12.970 W/libbinder.IPCThreadState(30245): Sending oneway calls to frozen process.
05-07 16:54:12.970 I/SurfaceFlinger( 1880): Current= 120, Period= 120, Distance= 120
05-07 16:54:12.970 I/SurfaceFlinger( 1880): [LayerHierarchy{RequestedLayerState{WindowToken{91a3f67 type=2032 android.os.Binder@f753726}#418218 z=3} no children}] reparent to OffscreenRoot
05-07 16:54:12.970 I/SurfaceFlinger( 1880): [LayerHierarchy{RequestedLayerState{WindowToken{91a3f67 type=2032 android.os.Binder@f753726}#418218 z=3} no children}] RelativeParent to null
05-07 16:54:12.970 I/SurfaceFlinger( 1880): [LayerHierarchy{RequestedLayerState{WindowToken{dcc4a81 type=2032 android.os.Binder@bae7668}#418217 z=2} no children}] reparent to OffscreenRoot
05-07 16:54:12.970 I/SurfaceFlinger( 1880): [LayerHierarchy{RequestedLayerState{WindowToken{dcc4a81 type=2032 android.os.Binder@bae7668}#418217 z=2} no children}] RelativeParent to null
05-07 16:54:12.970 I/SurfaceFlinger( 1880): [WindowToken{497d4eb type=2032 android.os.Binder@4a5603a}#418219] attach to parent LayerHierarchy{RequestedLayerState{Leaf:26:31#172732 parentId=172731} 3 children}
05-07 16:54:12.970 W/libbinder.IPCThreadState(30245): Sending oneway calls to frozen process.
05-07 16:54:12.970 I/SafetyCenterAccessibilityListener(12475): accessibility event occurred, safety center feature not enabled.
05-07 16:54:12.971 W/libbinder.IPCThreadState(30245): Sending oneway calls to frozen process.
05-07 16:54:12.971 W/libbinder.IPCThreadState(30245): Sending oneway calls to frozen process.
05-07 16:54:12.971 W/libbinder.IPCThreadState(30245): Sending oneway calls to frozen process.
05-07 16:54:12.971 W/libbinder.IPCThreadState(30245): Sending oneway calls to frozen process.
05-07 16:54:12.971 W/libbinder.IPCThreadState(30245): Sending oneway calls to frozen process.
05-07 16:54:12.971 I/SurfaceFlinger( 1880): id=418217 Removed WindowToken{dcc4a81 type=2032 android.os.Binder@bae7668}#418217 (314)
05-07 16:54:12.971 I/SurfaceFlinger( 1880): id=418218 Removed WindowToken{91a3f67 type=2032 android.os.Binder@f753726}#418218 (314)
05-07 16:54:12.971 W/libbinder.IPCThreadState(30245): Sending oneway calls to frozen process.
05-07 16:54:12.971 W/libbinder.IPCThreadState(30245): Sending oneway calls to frozen process.
05-07 16:54:12.971 W/libbinder.IPCThreadState(30245): Sending oneway calls to frozen process.
05-07 16:54:12.971 W/libbinder.IPCThreadState(30245): Sending oneway calls to frozen process.
05-07 16:54:12.971 W/libbinder.IPCThreadState(30245): Sending oneway calls to frozen process.
05-07 16:54:12.971 W/libbinder.IPCThreadState(30245): Sending oneway calls to frozen process.
05-07 16:54:12.972 W/libbinder.IPCThreadState(30245): Sending oneway calls to frozen process.
05-07 16:54:12.972 W/libbinder.IPCThreadState(30245): Sending oneway calls to frozen process.
05-07 16:54:12.972 W/libbinder.IPCThreadState(30245): Sending oneway calls to frozen process.
05-07 16:54:12.972 W/libbinder.IPCThreadState(30245): Sending oneway calls to frozen process.
05-07 16:54:12.972 W/libbinder.IPCThreadState(30245): Sending oneway calls to frozen process.
05-07 16:54:12.972 W/libbinder.IPCThreadState(30245): Sending oneway calls to frozen process.
05-07 16:54:12.972 W/libbinder.IPCThreadState(30245): Sending oneway calls to frozen process.
05-07 16:54:12.972 W/libbinder.IPCThreadState(30245): Sending oneway calls to frozen process.
05-07 16:54:12.972 W/libbinder.IPCThreadState(30245): Sending oneway calls to frozen process.
05-07 16:54:12.972 W/libbinder.IPCThreadState(30245): Sending oneway calls to frozen process.
05-07 16:54:12.972 W/libbinder.IPCThreadState(30245): Sending oneway calls to frozen process.
05-07 16:54:12.972 W/libbinder.IPCThreadState(30245): Sending oneway calls to frozen process.
05-07 16:54:12.973 W/libbinder.IPCThreadState(30245): Sending oneway calls to frozen process.
05-07 16:54:12.973 W/libbinder.IPCThreadState(30245): Sending oneway calls to frozen process.
05-07 16:54:12.973 W/libbinder.IPCThreadState(30245): Sending oneway calls to frozen process.
05-07 16:54:12.973 W/libbinder.IPCThreadState(30245): Sending oneway calls to frozen process.
05-07 16:54:12.973 W/libbinder.IPCThreadState(30245): Sending oneway calls to frozen process.
05-07 16:54:12.973 W/libbinder.IPCThreadState(30245): Sending oneway calls to frozen process.
05-07 16:54:12.973 W/libbinder.IPCThreadState(30245): Sending oneway calls to frozen process.
05-07 16:54:12.973 W/libbinder.IPCThreadState(30245): Sending oneway calls to frozen process.
05-07 16:54:12.973 W/libbinder.IPCThreadState(30245): Sending oneway calls to frozen process.
05-07 16:54:12.973 W/libbinder.IPCThreadState(30245): Sending oneway calls to frozen process.
05-07 16:54:12.973 W/libbinder.IPCThreadState(30245): Sending oneway calls to frozen process.
05-07 16:54:12.973 W/libbinder.IPCThreadState(30245): Sending oneway calls to frozen process.
05-07 16:54:12.973 I/AccessibilityManagerService(30245): semIsAccessibilityServiceEnabled()
05-07 16:54:12.974 I/AccessibilityManagerService(30245): semIsAccessibilityServiceEnabled()
05-07 16:54:12.974 D/AS.AudioService(30245): Accessibility volume enabled = false
05-07 16:54:12.974 W/libbinder.IPCThreadState(30245): Sending oneway calls to frozen process.
05-07 16:54:12.974 W/libbinder.IPCThreadState(30245): Sending oneway calls to frozen process.
05-07 16:54:12.974 W/libbinder.IPCThreadState(30245): Sending oneway calls to frozen process.
05-07 16:54:12.974 W/libbinder.IPCThreadState(30245): Sending oneway calls to frozen process.
05-07 16:54:12.974 W/libbinder.IPCThreadState(30245): Sending oneway calls to frozen process.
05-07 16:54:12.974 W/libbinder.IPCThreadState(30245): Sending oneway calls to frozen process.
05-07 16:54:12.975 W/libbinder.IPCThreadState(30245): Sending oneway calls to frozen process.
05-07 16:54:12.975 W/libbinder.IPCThreadState(30245): Sending oneway calls to frozen process.
05-07 16:54:12.975 W/libbinder.IPCThreadState(30245): Sending oneway calls to frozen process.
05-07 16:54:12.975 W/libbinder.IPCThreadState(30245): Sending oneway calls to frozen process.
05-07 16:54:12.975 W/libbinder.IPCThreadState(30245): Sending oneway calls to frozen process.
05-07 16:54:12.975 W/libbinder.IPCThreadState(30245): Sending oneway calls to frozen process.
05-07 16:54:12.975 W/libbinder.IPCThreadState(30245): Sending oneway calls to frozen process.
05-07 16:54:12.975 I/SafetyCenterAccessibilityListener(12475): accessibility event occurred, safety center feature not enabled.
05-07 16:54:12.975 W/libbinder.IPCThreadState(30245): Sending oneway calls to frozen process.
05-07 16:54:12.975 W/libbinder.IPCThreadState(30245): Sending oneway calls to frozen process.
05-07 16:54:12.975 W/libbinder.IPCThreadState(30245): Sending oneway calls to frozen process.
05-07 16:54:12.975 W/libbinder.IPCThreadState(30245): Sending oneway calls to frozen process.
05-07 16:54:12.975 W/libbinder.IPCThreadState(30245): Sending oneway calls to frozen process.
05-07 16:54:12.976 W/libbinder.IPCThreadState(30245): Sending oneway calls to frozen process.
05-07 16:54:12.976 W/libbinder.IPCThreadState(30245): Sending oneway calls to frozen process.
05-07 16:54:12.976 W/libbinder.IPCThreadState(30245): Sending oneway calls to frozen process.
05-07 16:54:12.976 W/libbinder.IPCThreadState(30245): Sending oneway calls to frozen process.
05-07 16:54:12.976 W/libbinder.IPCThreadState(30245): Sending oneway calls to frozen process.
05-07 16:54:12.976 W/libbinder.IPCThreadState(30245): Sending oneway calls to frozen process.
05-07 16:54:12.976 I/AccessibilityManagerService(30245): semIsAccessibilityServiceEnabled()
05-07 16:54:12.976 I/AccessibilityManagerService(30245): semIsAccessibilityServiceEnabled()
05-07 16:54:12.976 D/AS.AudioService(30245): Accessibility volume enabled = false
05-07 16:54:12.976 I/AccessibilityManagerService(30245): semIsAccessibilityServiceEnabled()
05-07 16:54:12.976 I/AccessibilityManagerService(30245): semIsAccessibilityServiceEnabled()
05-07 16:54:12.976 D/AS.AudioService(30245): Accessibility volume enabled = false
05-07 16:54:12.979 I/SurfaceFlinger( 1880): RequestedLayer [WindowToken{497d4eb type=2032 android.os.Binder@4a5603a}#418219] hidden!! flag  from(1) --> to(0)
05-07 16:54:12.979 I/SurfaceFlinger( 1880): destroyed WindowToken{91a3f67 type=2032 android.os.Binder@f753726}#418218 form LifecycleManager
05-07 16:54:12.979 I/SurfaceFlinger( 1880): destroyed WindowToken{dcc4a81 type=2032 android.os.Binder@bae7668}#418217 form LifecycleManager
05-07 16:54:12.979 I/SurfaceFlinger( 1880): id=418218 onLayerDestroyed from LayerHierarchyBuilder(RequestedLayerState{WindowToken{91a3f67 type=2032 android.os.Binder@f753726}#418218 !handle z=3})
05-07 16:54:12.979 I/SurfaceFlinger( 1880): id=418217 onLayerDestroyed from LayerHierarchyBuilder(RequestedLayerState{WindowToken{dcc4a81 type=2032 android.os.Binder@bae7668}#418217 !handle z=2})
05-07 16:54:12.979 I/SurfaceFlinger( 1880): id=418218 Destroyed WindowToken{91a3f67 type=2032 android.os.Binder@f753726}#418218
05-07 16:54:12.979 I/SurfaceFlinger( 1880): id=418217 Destroyed WindowToken{dcc4a81 type=2032 android.os.Binder@bae7668}#418217
05-07 16:54:12.994 I/sensors-hal( 1767): handle_sns_std_sensor_event:90, light_cct: ts = 2605958535526489 ns; value = [317, 317, 199, 219, 317, 99, 0, 1379, 72623, 0]
05-07 16:54:13.008 W/PackageConfigPersister(30245): App-specific configuration not found for packageName: dev.antigravity.classevivaexpressive and userId: 0
05-07 16:54:13.089 D/io_stats( 1093): !@   8,0 r 472649601 14170354276 w 106403616 2382845136 d 11899656 2088341540 f 1576802 7906048 iot 35810168 0 th 0 0 0 pt 0 inp 0 0 1466512.594
05-07 16:54:13.089 W/PackageConfigPersister(30245): App-specific configuration not found for packageName: dev.antigravity.classevivaexpressive and userId: 0
05-07 16:54:13.204 I/EPDG-0 [WifiProfiler](30864): handleWifiRssiIntent, rssi=-48
05-07 16:54:13.204 I/EPDG-0 [WifiProfiler](30864): isProfiling, hash=20724337, started=true
05-07 16:54:13.206 I/EPDG-0 [LogMetrics](30864): set, type=WIFI_RSSI_LAST, value=-48
05-07 16:54:13.206 I/EPDG-0 [WifiProfiler](30864): isProfiling, hash=20724337, started=true
05-07 16:54:13.207 I/EPDG-0 [WifiProfiler](30864): Rssi : -49 highrange : -71 lowrange : -80 mIsRssiInHystersis : false
05-07 16:54:13.207 I/EPDG-0 [WifiProfiler](30864): Rssi : -48 highrange : -71 lowrange : -80 mIsRssiInHystersis : false
05-07 16:54:13.207 I/EPDG-0 [Subscription](30864): isEpdgAvailable, IwlanPsState=2/2
05-07 16:54:13.207 I/EPDG-0 [WifiProfiler](30864): getHandoverThresholdMet: value is: false
05-07 16:54:13.208 W/DeviceStorageMonitorService(30245): updateBroadcasts(/data) oldLevel:0, newLevel:0, seq:1
05-07 16:54:13.209 D/DeviceStorageMonitorService(30245): Available File Node Number is [12296462]
05-07 16:54:13.209 W/DeviceStorageMonitorService(30245): updateBroadcasts_filenode(/data) fn_oldLevel:0, fn_newLevel:0, seq:1
05-07 16:54:13.284 W/PackageConfigPersister(30245): App-specific configuration not found for packageName: dev.antigravity.classevivaexpressive and userId: 0
05-07 16:54:13.394 I/sensors-hal( 1767): handle_sns_client_event:379, [0][54521096] accel_sample [ 0.208, -0.036,  9.741] 2605958901718052
05-07 16:54:13.510 W/PackageConfigPersister(30245): App-specific configuration not found for packageName: dev.antigravity.classevivaexpressive and userId: 0
05-07 16:54:13.696 D/PowerManagerService(30245): UserActivityStateListenerState: 0
05-07 16:54:13.700 I/VRI[MainActivity]@ffbdb0(24886): call setFrameRateCategory for touch hint category=no preference, reason=boost timeout, vri=VRI[MainActivity]@ffbdb0
05-07 16:54:13.704 I/SurfaceFlinger( 1880): [dev.antigravity.classevivaexpressive/dev.antigravity.classevivaexpressive.MainActivity$_24886#418125] setFrameRateCategory: NoPreference
05-07 16:54:13.706 I/SurfaceFlinger( 1880): Current= 120, Period= 120, Distance= 1
05-07 16:54:13.712 I/SurfaceFlinger( 1880): Current= 120, Period= 120, Distance= 120
05-07 16:54:13.783 W/PackageConfigPersister(30245): App-specific configuration not found for packageName: dev.antigravity.classevivaexpressive and userId: 0
05-07 16:54:13.825 I/SDHMS:LOAD(  543): type: LoadsFreqs, value: 3:0:3:1017600:1017600:1017600:711936:2745600:556800:218:222:160
05-07 16:54:13.979 D/SemCscFeature(28755): Encoded
05-07 16:54:13.988 W/MediaProvider(32502): isAppCloneUserPair for user 0: false
05-07 16:54:13.999 D/SyncManager(30245): userId - 0 auto - true
05-07 16:54:14.002 D/SyncManager(30245): userId - 0 auto - true
05-07 16:54:14.010 W/PackageConfigPersister(30245): App-specific configuration not found for packageName: dev.antigravity.classevivaexpressive and userId: 0
05-07 16:54:14.016 I/AccessibilityNodeInfoDumper(28755): Skipping invisible child: android.view.accessibility.AccessibilityNodeInfo@c656; boundsInParent: Rect(0, 0 - 0, 0); boundsInScreen: Rect(37, 2140 - 163, 2266); boundsInWindow: Rect(37, 2140 - 163, 2266); packageName: dev.antigravity.classevivaexpressive; className: android.view.View; text: null; error: null; maxTextLength: -1; stateDescription: null; contentDescription: null; tooltipText: null; containerTitle: null; viewIdResName: null; uniqueId: null; checkable: false; checked: false; focusable: false; focused: false; selected: false; clickable: false; longClickable: false; contextClickable: false; enabled: true; password: false; scrollable: false; granularScrollingSupported: false; importantForAccessibility: false; visible: false; actions: [AccessibilityAction: ACTION_ACCESSIBILITY_FOCUS - null]; isTextSelectable: false
05-07 16:54:14.019 I/AccessibilityNodeInfoDumper(28755): Skipping invisible child: android.view.accessibility.AccessibilityNodeInfo@c76d; boundsInParent: Rect(0, 0 - 0, 0); boundsInScreen: Rect(257, 2140 - 383, 2266); boundsInWindow: Rect(257, 2140 - 383, 2266); packageName: dev.antigravity.classevivaexpressive; className: android.view.View; text: null; error: null; maxTextLength: -1; stateDescription: null; contentDescription: null; tooltipText: null; containerTitle: null; viewIdResName: null; uniqueId: null; checkable: false; checked: false; focusable: false; focused: false; selected: false; clickable: false; longClickable: false; contextClickable: false; enabled: true; password: false; scrollable: false; granularScrollingSupported: false; importantForAccessibility: false; visible: false; actions: [AccessibilityAction: ACTION_ACCESSIBILITY_FOCUS - null]; isTextSelectable: false
05-07 16:54:14.021 I/AccessibilityNodeInfoDumper(28755): Skipping invisible child: android.view.accessibility.AccessibilityNodeInfo@c884; boundsInParent: Rect(0, 0 - 0, 0); boundsInScreen: Rect(477, 2140 - 603, 2266); boundsInWindow: Rect(477, 2140 - 603, 2266); packageName: dev.antigravity.classevivaexpressive; className: android.view.View; text: null; error: null; maxTextLength: -1; stateDescription: null; contentDescription: null; tooltipText: null; containerTitle: null; viewIdResName: null; uniqueId: null; checkable: false; checked: false; focusable: false; focused: false; selected: false; clickable: false; longClickable: false; contextClickable: false; enabled: true; password: false; scrollable: false; granularScrollingSupported: false; importantForAccessibility: false; visible: false; actions: [AccessibilityAction: ACTION_ACCESSIBILITY_FOCUS - null]; isTextSelectable: false
05-07 16:54:14.026 I/AccessibilityNodeInfoDumper(28755): Skipping invisible child: android.view.accessibility.AccessibilityNodeInfo@cab2; boundsInParent: Rect(0, 0 - 0, 0); boundsInScreen: Rect(917, 2140 - 1043, 2266); boundsInWindow: Rect(917, 2140 - 1043, 2266); packageName: dev.antigravity.classevivaexpressive; className: android.view.View; text: null; error: null; maxTextLength: -1; stateDescription: null; contentDescription: null; tooltipText: null; containerTitle: null; viewIdResName: null; uniqueId: null; checkable: false; checked: false; focusable: false; focused: false; selected: false; clickable: false; longClickable: false; contextClickable: false; enabled: true; password: false; scrollable: false; granularScrollingSupported: false; importantForAccessibility: false; visible: false; actions: [AccessibilityAction: ACTION_ACCESSIBILITY_FOCUS - null]; isTextSelectable: false
05-07 16:54:14.027 W/AccessibilityNodeInfoDumper(28755): Fetch time: 45ms
05-07 16:54:14.027 V/AccessibilityManagerService(30245): onUserStateChangedLocked for userId: 0, forceUpdate: false
05-07 16:54:14.029 D/BackgroundInstallControlService(30245): Package event received: 0
05-07 16:54:14.030 D/BackgroundInstallControlService(30245): Package event received: 0
05-07 16:54:14.030 I/ActivityManager(30245): Changes in 10160 4 to 4, 505 to 511
05-07 16:54:14.031 D/BackgroundInstallControlService(30245): Package event received: 0
05-07 16:54:14.031 I/ActivityManager(30245): Changes in 10255 19 to 5, 0 to 511
05-07 16:54:14.031 D/BackgroundInstallControlService(30245): Package event received: 0
05-07 16:54:14.032 D/MagnificationConnectionManager(30245): requestConnection :false mConnectionState : 3
05-07 16:54:14.032 W/MagnificationConnectionManager(30245): requestConnection duplicated request: connect=false, mConnectionState=DISCONNECTED
05-07 16:54:14.032 D/AccessibilityManagerService(30245): restoreCurrentUserForTestAutomationIfNeededLocked(): ignoring because device doesn't support visible background users
05-07 16:54:14.032 W/libbinder.IPCThreadState(30245): Sending oneway calls to frozen process.
05-07 16:54:14.032 I/KineStop(28308): [07May 16:54:14.032, main]: DDC: Accessibility onCreate null
05-07 16:54:14.032 W/libbinder.IPCThreadState(30245): Sending oneway calls to frozen process.
05-07 16:54:14.032 V/WindowManager(30245): Computed rotation=ROTATION_0 (0) for display id=0 based on lastOrientation=SCREEN_ORIENTATION_UNSPECIFIED (-1) and oldRotation=ROTATION_0 (0), caller=com.android.server.wm.WindowManagerService.updateRotationUnchecked:82 com.android.server.wm.WindowManagerService.thawDisplayRotation:126 com.android.server.wm.WindowManagerService.thawRotation:2 android.view.IWindowManager$Stub.onTransact:3776 com.android.server.wm.WindowManagerService.onTransact:1 android.os.Binder.execTransactInternal:1509 
05-07 16:54:14.033 W/libbinder.IPCThreadState(30245): Sending oneway calls to frozen process.
05-07 16:54:14.033 W/libbinder.IPCThreadState(30245): Sending oneway calls to frozen process.
05-07 16:54:14.033 W/libbinder.IPCThreadState(30245): Sending oneway calls to frozen process.
05-07 16:54:14.033 W/libbinder.IPCThreadState(30245): Sending oneway calls to frozen process.
05-07 16:54:14.033 W/libbinder.IPCThreadState(28755): call to talkWithDriver in joinThreadPool returned error: -9 (Bad file descriptor), FD: -1
05-07 16:54:14.033 W/libbinder.IPCThreadState(28755): call to talkWithDriver in joinThreadPool returned error: -9 (Bad file descriptor), FD: -1
05-07 16:54:14.033 W/libbinder.IPCThreadState(28755): call to talkWithDriver in joinThreadPool returned error: -9 (Bad file descriptor), FD: -1
05-07 16:54:14.033 W/libbinder.IPCThreadState(30245): Sending oneway calls to frozen process.
05-07 16:54:14.033 D/AndroidRuntime(28755): Shutting down VM
05-07 16:54:14.034 W/libbinder.IPCThreadState(30245): Sending oneway calls to frozen process.
05-07 16:54:14.034 W/libbinder.IPCThreadState(30245): Sending oneway calls to frozen process.
05-07 16:54:14.034 W/libbinder.IPCThreadState(30245): Sending oneway calls to frozen process.
05-07 16:54:14.034 W/libbinder.IPCThreadState(30245): Sending oneway calls to frozen process.
05-07 16:54:14.034 D/BackgroundInstallControlService(30245): Package event received: 0
05-07 16:54:14.034 W/libbinder.IPCThreadState(30245): Sending oneway calls to frozen process.
05-07 16:54:14.035 W/libbinder.IPCThreadState(30245): Sending oneway calls to frozen process.
05-07 16:54:14.035 W/libbinder.IPCThreadState(30245): Sending oneway calls to frozen process.
05-07 16:54:14.035 W/libbinder.IPCThreadState(30245): Sending oneway calls to frozen process.
05-07 16:54:14.035 W/libbinder.IPCThreadState(30245): Sending oneway calls to frozen process.
05-07 16:54:14.035 W/libbinder.IPCThreadState(30245): Sending oneway calls to frozen process.
05-07 16:54:14.035 W/libbinder.IPCThreadState(30245): Sending oneway calls to frozen process.
05-07 16:54:14.035 W/libbinder.IPCThreadState(30245): Sending oneway calls to frozen process.
05-07 16:54:14.035 W/libbinder.IPCThreadState(30245): Sending oneway calls to frozen process.
05-07 16:54:14.035 W/libbinder.IPCThreadState(30245): Sending oneway calls to frozen process.
05-07 16:54:14.036 W/libbinder.IPCThreadState(30245): Sending oneway calls to frozen process.
05-07 16:54:14.036 W/libbinder.IPCThreadState(30245): Sending oneway calls to frozen process.
05-07 16:54:14.036 W/libbinder.IPCThreadState(30245): Sending oneway calls to frozen process.
05-07 16:54:14.036 I/SurfaceFlinger( 1880): id=418220 createSurf, flag=84004, WindowToken{469ac51 type=2032 android.os.Binder@fdffd78}#418220
05-07 16:54:14.037 V/AccessibilityManagerService(30245): onUserStateChangedLocked for userId: 0, forceUpdate: false
05-07 16:54:14.037 I/SurfaceFlinger( 1880): Current= 120, Period= 120, Distance= 3
05-07 16:54:14.037 I/SurfaceFlinger( 1880): [LayerHierarchy{RequestedLayerState{WindowToken{497d4eb type=2032 android.os.Binder@4a5603a}#418219 z=2} no children}] reparent to OffscreenRoot
05-07 16:54:14.037 D/MagnificationConnectionManager(30245): requestConnection :false mConnectionState : 3
05-07 16:54:14.037 W/MagnificationConnectionManager(30245): requestConnection duplicated request: connect=false, mConnectionState=DISCONNECTED
05-07 16:54:14.037 I/SurfaceFlinger( 1880): [LayerHierarchy{RequestedLayerState{WindowToken{497d4eb type=2032 android.os.Binder@4a5603a}#418219 z=2} no children}] RelativeParent to null
05-07 16:54:14.037 I/SurfaceFlinger( 1880): [WindowToken{469ac51 type=2032 android.os.Binder@fdffd78}#418220] attach to parent LayerHierarchy{RequestedLayerState{Leaf:26:31#172732 parentId=172731} 3 children}
05-07 16:54:14.037 I/SurfaceFlinger( 1880): id=418221 createSurf, flag=84004, WindowToken{21e7db7 type=2032 android.os.Binder@b253cb6}#418221
05-07 16:54:14.037 V/AccessibilityManagerService(30245): onUserStateChangedLocked for userId: 0, forceUpdate: false
05-07 16:54:14.038 I/SurfaceFlinger( 1880): id=418219 Removed WindowToken{497d4eb type=2032 android.os.Binder@4a5603a}#418219 (314)
05-07 16:54:14.039 D/MagnificationConnectionManager(30245): requestConnection :false mConnectionState : 3
05-07 16:54:14.039 W/MagnificationConnectionManager(30245): requestConnection duplicated request: connect=false, mConnectionState=DISCONNECTED
05-07 16:54:14.040 W/libbinder.IPCThreadState(30245): Sending oneway calls to frozen process.
05-07 16:54:14.040 W/libbinder.IPCThreadState(30245): Sending oneway calls to frozen process.
05-07 16:54:14.040 I/SafetyCenterAccessibilityListener(12475): accessibility event occurred, safety center feature not enabled.
05-07 16:54:14.040 W/libbinder.IPCThreadState(30245): Sending oneway calls to frozen process.
05-07 16:54:14.040 W/libbinder.IPCThreadState(30245): Sending oneway calls to frozen process.
05-07 16:54:14.040 W/libbinder.IPCThreadState(30245): Sending oneway calls to frozen process.
05-07 16:54:14.040 W/libbinder.IPCThreadState(30245): Sending oneway calls to frozen process.
05-07 16:54:14.041 W/libbinder.IPCThreadState(30245): Sending oneway calls to frozen process.
05-07 16:54:14.041 W/libbinder.IPCThreadState(30245): Sending oneway calls to frozen process.
05-07 16:54:14.041 W/libbinder.IPCThreadState(30245): Sending oneway calls to frozen process.
05-07 16:54:14.041 W/libbinder.IPCThreadState(30245): Sending oneway calls to frozen process.
05-07 16:54:14.041 W/libbinder.IPCThreadState(30245): Sending oneway calls to frozen process.
05-07 16:54:14.041 W/libbinder.IPCThreadState(30245): Sending oneway calls to frozen process.
05-07 16:54:14.041 W/libbinder.IPCThreadState(30245): Sending oneway calls to frozen process.
05-07 16:54:14.041 W/libbinder.IPCThreadState(30245): Sending oneway calls to frozen process.
05-07 16:54:14.042 W/libbinder.IPCThreadState(30245): Sending oneway calls to frozen process.
05-07 16:54:14.042 W/libbinder.IPCThreadState(30245): Sending oneway calls to frozen process.
05-07 16:54:14.042 W/libbinder.IPCThreadState(30245): Sending oneway calls to frozen process.
05-07 16:54:14.042 W/libbinder.IPCThreadState(30245): Sending oneway calls to frozen process.
05-07 16:54:14.042 W/libbinder.IPCThreadState(30245): Sending oneway calls to frozen process.
05-07 16:54:14.042 W/libbinder.IPCThreadState(30245): Sending oneway calls to frozen process.
05-07 16:54:14.042 W/libbinder.IPCThreadState(30245): Sending oneway calls to frozen process.
05-07 16:54:14.042 W/libbinder.IPCThreadState(30245): Sending oneway calls to frozen process.
05-07 16:54:14.042 W/libbinder.IPCThreadState(30245): Sending oneway calls to frozen process.
05-07 16:54:14.042 W/libbinder.IPCThreadState(30245): Sending oneway calls to frozen process.
05-07 16:54:14.042 W/libbinder.IPCThreadState(30245): Sending oneway calls to frozen process.
05-07 16:54:14.043 W/libbinder.IPCThreadState(30245): Sending oneway calls to frozen process.
05-07 16:54:14.043 W/libbinder.IPCThreadState(30245): Sending oneway calls to frozen process.
05-07 16:54:14.043 W/libbinder.IPCThreadState(30245): Sending oneway calls to frozen process.
05-07 16:54:14.043 W/libbinder.IPCThreadState(30245): Sending oneway calls to frozen process.
05-07 16:54:14.043 W/libbinder.IPCThreadState(30245): Sending oneway calls to frozen process.
05-07 16:54:14.043 W/libbinder.IPCThreadState(30245): Sending oneway calls to frozen process.
05-07 16:54:14.043 W/libbinder.IPCThreadState(30245): Sending oneway calls to frozen process.
05-07 16:54:14.043 W/libbinder.IPCThreadState(30245): Sending oneway calls to frozen process.
05-07 16:54:14.043 W/libbinder.IPCThreadState(30245): Sending oneway calls to frozen process.
05-07 16:54:14.043 W/libbinder.IPCThreadState(30245): Sending oneway calls to frozen process.
05-07 16:54:14.043 W/libbinder.IPCThreadState(30245): Sending oneway calls to frozen process.
05-07 16:54:14.044 W/libbinder.IPCThreadState(30245): Sending oneway calls to frozen process.
05-07 16:54:14.044 I/SafetyCenterAccessibilityListener(12475): accessibility event occurred, safety center feature not enabled.
05-07 16:54:14.044 W/libbinder.IPCThreadState(30245): Sending oneway calls to frozen process.
05-07 16:54:14.044 W/libbinder.IPCThreadState(30245): Sending oneway calls to frozen process.
05-07 16:54:14.044 E/KnoxZtManager(28308): java.lang.NullPointerException: Attempt to invoke interface method 'void com.samsung.android.knox.zt.IKnoxZtManager.onFrameworkEventOccurred(int, int, android.os.PersistableBundle)' on a null object reference
05-07 16:54:14.044 W/libbinder.IPCThreadState(30245): Sending oneway calls to frozen process.
05-07 16:54:14.044 W/libbinder.IPCThreadState(30245): Sending oneway calls to frozen process.
05-07 16:54:14.044 W/libbinder.IPCThreadState(30245): Sending oneway calls to frozen process.
05-07 16:54:14.044 W/libbinder.IPCThreadState(30245): Sending oneway calls to frozen process.
05-07 16:54:14.045 W/libbinder.IPCThreadState(30245): Sending oneway calls to frozen process.
05-07 16:54:14.045 W/libbinder.IPCThreadState(30245): Sending oneway calls to frozen process.
05-07 16:54:14.045 W/libbinder.IPCThreadState(30245): Sending oneway calls to frozen process.
05-07 16:54:14.045 W/libbinder.IPCThreadState(30245): Sending oneway calls to frozen process.
05-07 16:54:14.045 W/libbinder.IPCThreadState(30245): Sending oneway calls to frozen process.
05-07 16:54:14.045 I/SurfaceFlinger( 1880): RequestedLayer [WindowToken{469ac51 type=2032 android.os.Binder@fdffd78}#418220] hidden!! flag  from(1) --> to(0)
05-07 16:54:14.045 I/SurfaceFlinger( 1880): RequestedLayer [WindowToken{21e7db7 type=2032 android.os.Binder@b253cb6}#418221] hidden!! flag  from(1) --> to(0)
05-07 16:54:14.045 I/SurfaceFlinger( 1880): destroyed WindowToken{497d4eb type=2032 android.os.Binder@4a5603a}#418219 form LifecycleManager
05-07 16:54:14.045 I/SurfaceFlinger( 1880): [WindowToken{21e7db7 type=2032 android.os.Binder@b253cb6}#418221] attach to parent LayerHierarchy{RequestedLayerState{Leaf:26:31#172732 parentId=172731} 4 children}
05-07 16:54:14.045 I/SurfaceFlinger( 1880): id=418219 onLayerDestroyed from LayerHierarchyBuilder(RequestedLayerState{WindowToken{497d4eb type=2032 android.os.Binder@4a5603a}#418219 !handle z=2})
05-07 16:54:14.045 W/libbinder.IPCThreadState(30245): Sending oneway calls to frozen process.
05-07 16:54:14.045 W/libbinder.IPCThreadState(30245): Sending oneway calls to frozen process.
05-07 16:54:14.045 W/libbinder.IPCThreadState(30245): Sending oneway calls to frozen process.
05-07 16:54:14.045 W/libbinder.IPCThreadState(30245): Sending oneway calls to frozen process.
05-07 16:54:14.045 W/libbinder.IPCThreadState(30245): Sending oneway calls to frozen process.
05-07 16:54:14.045 I/SurfaceFlinger( 1880): id=418219 Destroyed WindowToken{497d4eb type=2032 android.os.Binder@4a5603a}#418219
05-07 16:54:14.045 I/SurfaceFlinger( 1880): Current= 120, Period= 120, Distance= 120
05-07 16:54:14.046 W/libbinder.IPCThreadState(30245): Sending oneway calls to frozen process.
05-07 16:54:14.046 W/libbinder.IPCThreadState(30245): Sending oneway calls to frozen process.
05-07 16:54:14.046 W/libbinder.IPCThreadState(30245): Sending oneway calls to frozen process.
05-07 16:54:14.046 W/libbinder.IPCThreadState(30245): Sending oneway calls to frozen process.
05-07 16:54:14.046 W/libbinder.IPCThreadState(30245): Sending oneway calls to frozen process.
05-07 16:54:14.046 W/libbinder.IPCThreadState(30245): Sending oneway calls to frozen process.
05-07 16:54:14.046 W/libbinder.IPCThreadState(30245): Sending oneway calls to frozen process.
05-07 16:54:14.046 I/AccessibilityManagerService(30245): semIsAccessibilityServiceEnabled()
05-07 16:54:14.046 I/AccessibilityManagerService(30245): semIsAccessibilityServiceEnabled()
05-07 16:54:14.046 D/AS.AudioService(30245): Accessibility volume enabled = false
05-07 16:54:14.046 I/AccessibilityManagerService(30245): semIsAccessibilityServiceEnabled()
05-07 16:54:14.046 I/AccessibilityManagerService(30245): semIsAccessibilityServiceEnabled()
05-07 16:54:14.047 D/AS.AudioService(30245): Accessibility volume enabled = false
05-07 16:54:14.047 E/KnoxZtManager(31565): java.lang.NullPointerException: Attempt to invoke interface method 'void com.samsung.android.knox.zt.IKnoxZtManager.onFrameworkEventOccurred(int, int, android.os.PersistableBundle)' on a null object reference
05-07 16:54:14.092 I/vendor.qti.bluetooth@1.0-ibs_handler( 1760): ProcessIbsCmd: Received IBS_WAKE_IND: 0xFD
05-07 16:54:14.092 D/vendor.qti.bluetooth@1.0-ibs_handler( 1760): SerialClockVote: vote for UART CLK ON
05-07 16:54:14.092 D/vendor.qti.bluetooth@1.0-wake_lock( 1760): Acquire wakelock is acquired 
05-07 16:54:14.092 I/vendor.qti.bluetooth@1.0-ibs_handler( 1760): ProcessIbsCmd: Writing IBS_WAKE_ACK
05-07 16:54:14.100 W/PackageConfigPersister(30245): App-specific configuration not found for packageName: dev.antigravity.classevivaexpressive and userId: 0
05-07 16:54:14.102 I/ScanController(31253): onScanResult to scannerId: 7- eventType=0x10, addressType=1, address=XX:XX:XX:XX:1D:B9, primaryPhy=1, secondaryPhy=0, advertisingSid=0xff, txPower=127, rssi=-45, periodicAdvInt=0x0
05-07 16:54:14.102 I/ScanController(31253): onScanResult to scannerId: 3- eventType=0x10, addressType=0, address=XX:XX:XX:XX:99:FF, primaryPhy=1, secondaryPhy=0, advertisingSid=0xff, txPower=127, rssi=-64, periodicAdvInt=0x0
05-07 16:54:14.106 I/[+0200]oneconnect[1.8.45.24_01][CORE](27637): DataConvert.parseBleVd - deviceBle : |name:|deviceType:TV|discoverType:_BLE|services:None|connected:false[TvStatusString]POWER_OFF[TvStatus]-128[TvService]102[TvMirrorChannel]1[TvRegisteredDB][-103, 10, -125, 101, 37, 0][TvYear]2016[TvOcfInfo]0[TvAcmStatus]0[ExTvStatus]0[ExtendedStatus]-1[ModuloSn]-1
05-07 16:54:14.135 I/bluetooth(31253): system/gd/hci/le_advertising_manager_impl.cc:871 set_advertising_set_random_address_on_timer: Scheduling address rotation for advertiser_id=5
05-07 16:54:14.135 I/bluetooth(31253): system/gd/hci/le_address_manager.cc:589 GetNextPrivateAddressIntervalRange: client=advertising_set_5, nonwake=7m17s, wake=14m40s
05-07 16:54:14.135 I/vendor.qti.bluetooth@1.0-ibs_handler( 1760): DeviceWakeUp: Writing IBS_WAKE_IND
05-07 16:54:14.136 I/vendor.qti.bluetooth@1.0-ibs_handler( 1760): ProcessIbsCmd: Received IBS_WAKE_ACK: 0xFC
05-07 16:54:14.136 I/vendor.qti.bluetooth@1.0-ibs_handler( 1760): ProcessIbsCmd: Signal wack_cond_
05-07 16:54:14.136 D/vendor.qti.bluetooth@1.0-ibs_handler( 1760): DeviceWakeUp: Unblocked from waiting for FC, pthread_cond_timedwait ret = 0
05-07 16:54:14.137 I/bluetooth(31253): system/gd/hci/le_advertising_manager_impl.cc:1781 on_set_advertising_set_random_address_complete: update random address for advertising set 5 : xx:xx:xx:xx:04:76
05-07 16:54:14.146 I/ScanController(31253): onScanResult to scannerId: 3- eventType=0x10, addressType=0, address=XX:XX:XX:XX:1F:12, primaryPhy=1, secondaryPhy=0, advertisingSid=0xff, txPower=127, rssi=-68, periodicAdvInt=0x0
05-07 16:54:14.148 I/[+0200]oneconnect[1.8.45.24_01][CORE](27637): BleParserForDaDevice.parseBlePacket - DeviceBleDa : [name][BleMac]($)A4:57[DeviceType]MICROWAVE[DeviceInfoVersion]0[DeviceStatus]1,
05-07 16:54:14.185 I/vendor.qti.bluetooth@1.0-ibs_handler( 1760): ProcessIbsCmd: Received IBS_SLEEP_IND: 0xFE
05-07 16:54:14.191 I/vendor.qti.bluetooth@1.0-ibs_handler( 1760): ProcessIbsCmd: Received IBS_WAKE_IND: 0xFD
05-07 16:54:14.191 I/vendor.qti.bluetooth@1.0-ibs_handler( 1760): ProcessIbsCmd: Writing IBS_WAKE_ACK
05-07 16:54:14.196 I/ScanController(31253): onScanResult to scannerId: 7- eventType=0x10, addressType=1, address=XX:XX:XX:XX:1D:B9, primaryPhy=1, secondaryPhy=0, advertisingSid=0xff, txPower=127, rssi=-46, periodicAdvInt=0x0
05-07 16:54:14.216 I/thermal_core(29890): pivot(AP) : 358, skin : 344
05-07 16:54:14.234 I/vendor.qti.bluetooth@1.0-ibs_handler( 1760): ProcessIbsCmd: Received IBS_SLEEP_IND: 0xFE
05-07 16:54:14.243 I/vendor.qti.bluetooth@1.0-ibs_handler( 1760): ProcessIbsCmd: Received IBS_WAKE_IND: 0xFD
05-07 16:54:14.244 I/vendor.qti.bluetooth@1.0-ibs_handler( 1760): ProcessIbsCmd: Writing IBS_WAKE_ACK
05-07 16:54:14.245 I/ScanController(31253): onScanResult to scannerId: 3- eventType=0x10, addressType=0, address=XX:XX:XX:XX:99:FF, primaryPhy=1, secondaryPhy=0, advertisingSid=0xff, txPower=127, rssi=-64, periodicAdvInt=0x0
05-07 16:54:14.248 I/[+0200]oneconnect[1.8.45.24_01][CORE](27637): DataConvert.parseBleVd - deviceBle : |name:|deviceType:TV|discoverType:_BLE|services:None|connected:false[TvStatusString]POWER_OFF[TvStatus]-128[TvService]102[TvMirrorChannel]1[TvRegisteredDB][-103, 10, -125, 101, 37, 0][TvYear]2016[TvOcfInfo]0[TvAcmStatus]0[ExTvStatus]0[ExtendedStatus]-1[ModuloSn]-1
05-07 16:54:14.254 D/AHAL_ModulePrimary_QTI(22892): getVendorParameters: id count: 1
05-07 16:54:14.255 I/PAL: ResourceManager(22892): getActiveStream_l: 6569: no active streams found for device 3 ret -2
05-07 16:54:14.255 D/AHAL_SecModulePrimary(22892): onGetSECGenericParameters get temperature for g_hw_speaker_amp_temp_rcv: 0
05-07 16:54:14.255 D/AHAL_ModulePrimary_QTI(22892): getVendorParameters: id count: 1
05-07 16:54:14.255 I/PAL: ResourceManager(22892): getActiveStream_l: 6569: no active streams found for device 3 ret -2
05-07 16:54:14.255 D/AHAL_SecModulePrimary(22892): onGetSECGenericParameters get temperature for g_hw_speaker_amp_temp_spk: 0
05-07 16:54:14.256 I/SDHMS:x (  543): SIOP:: AP:358 BAT:336 USB:314 CHG:358 PA:357 WIFI:365 CF:353 BLK:0 SUBBAT:0 LRPTHM:349 SKIN:343 SKINF:337 SKINB:343 LRP:343 LRF:337 LRB:343 APT:337 APR:343 RCV:330 SPK:325 CHGF:336 CHGR:343 MEMF:336 MEMR:341 WIFIF:335 WIFIR:340 FCAM:314 UPSPK:353 DNSPK:313 VAP:363 VWIFI:371 AMB2:279 HIGH:0 AVGCUR:958 AVGSYS:295 POWER:4055
05-07 16:54:14.257 I/AudioManager(  543): setParameters keyValuePairs = g_hw_speaker_amp_temp_spk=33
05-07 16:54:14.257 D/AudioFlinger(22891): setParameters: filtered dev setParameters keyvalue g_hw_speaker_amp_temp_spk=33
05-07 16:54:14.258 D/AHAL_HFP_QTI(22892): hfp_set_parameters enter
05-07 16:54:14.258 D/AHAL_HFP_QTI(22892): hfp_set_parameters Exit
05-07 16:54:14.258 D/AHAL_SecModulePrimary(22892): processSetVendorParameters: configured g_hw_speaker_amp_temp_spk
05-07 16:54:14.259 D/AHAL_SecModulePrimary(22892): processSetVendorParameters: handler set on Feature:0
05-07 16:54:14.259 D/AHAL_SecModulePrimary(22892): onSetSECGenericParameters set temperature for g_hw_speaker_amp_temp_spk: 33
05-07 16:54:14.259 I/PAL: API(22892): pal_set_param: 1377: Enter: param id 3002
05-07 16:54:14.259 I/PAL: ResourceManager(22892): getActiveStream_l: 6569: no active streams found for device 3 ret -2
05-07 16:54:14.260 E/DeviceHalAidl(22891): Function: parseAndSetVendorParameters Line: 414 Failed 
05-07 16:54:14.260 E/DeviceHalAidl(22891): Function: parseAndSetVendorParameters Line: 414 Failed 
05-07 16:54:14.260 I/AudioManager(  543): setParameters keyValuePairs = g_hw_speaker_amp_temp_rcv=33
05-07 16:54:14.261 D/AudioFlinger(22891): setParameters: filtered dev setParameters keyvalue g_hw_speaker_amp_temp_rcv=33
05-07 16:54:14.261 D/AHAL_HFP_QTI(22892): hfp_set_parameters enter
05-07 16:54:14.261 D/AHAL_HFP_QTI(22892): hfp_set_parameters Exit
05-07 16:54:14.261 D/AHAL_SecModulePrimary(22892): processSetVendorParameters: configured g_hw_speaker_amp_temp_rcv
05-07 16:54:14.261 D/AHAL_SecModulePrimary(22892): processSetVendorParameters: handler set on Feature:0
05-07 16:54:14.261 D/AHAL_SecModulePrimary(22892): onSetSECGenericParameters set temperature for g_hw_speaker_amp_temp_rcv: 33
05-07 16:54:14.261 I/PAL: API(22892): pal_set_param: 1377: Enter: param id 3001
05-07 16:54:14.261 I/PAL: ResourceManager(22892): getActiveStream_l: 6569: no active streams found for device 3 ret -2
05-07 16:54:14.262 E/DeviceHalAidl(22891): Function: parseAndSetVendorParameters Line: 414 Failed 
05-07 16:54:14.262 E/DeviceHalAidl(22891): Function: parseAndSetVendorParameters Line: 414 Failed 
05-07 16:54:14.284 W/PackageConfigPersister(30245): App-specific configuration not found for packageName: dev.antigravity.classevivaexpressive and userId: 0
05-07 16:54:14.285 I/vendor.qti.bluetooth@1.0-ibs_handler( 1760): ProcessIbsCmd: Received IBS_SLEEP_IND: 0xFE
05-07 16:54:14.296 I/vendor.qti.bluetooth@1.0-ibs_handler( 1760): ProcessIbsCmd: Received IBS_WAKE_IND: 0xFD
05-07 16:54:14.296 I/vendor.qti.bluetooth@1.0-ibs_handler( 1760): ProcessIbsCmd: Writing IBS_WAKE_ACK
05-07 16:54:14.299 I/ScanController(31253): onScanResult to scannerId: 7- eventType=0x10, addressType=1, address=XX:XX:XX:XX:1D:B9, primaryPhy=1, secondaryPhy=0, advertisingSid=0xff, txPower=127, rssi=-45, periodicAdvInt=0x0
05-07 16:54:14.303 I/wpa_supplicant( 6358): Heartbeat 1171
05-07 16:54:14.338 I/vendor.qti.bluetooth@1.0-ibs_handler( 1760): ProcessIbsCmd: Received IBS_SLEEP_IND: 0xFE
05-07 16:54:14.386 I/vendor.qti.bluetooth@1.0-ibs_handler( 1760): DeviceSleep: TX Awake, Sending SLEEP_IND
05-07 16:54:14.387 D/vendor.qti.bluetooth@1.0-ibs_handler( 1760): SerialClockVote: vote for UART CLK OFF
05-07 16:54:14.512 W/PackageConfigPersister(30245): App-specific configuration not found for packageName: dev.antigravity.classevivaexpressive and userId: 0
05-07 16:54:14.538 D/vendor.qti.bluetooth@1.0-wake_lock( 1760): Release wakelock is released 
05-07 16:54:14.755 I/sensors-hal( 1767): handle_sns_std_sensor_event:408, [SSC_LIGHT] P: 311(311),c:268,b:99,m:0,cl:73,l:301,s:311,l0:713429,l1:335643,s0:2390,s1:1242,acl:1,opr:0.85,f(r):93,u(bl):93,if:64,wi:1350,si:1341,64(N:0)
05-07 16:54:14.786 W/PackageConfigPersister(30245): App-specific configuration not found for packageName: dev.antigravity.classevivaexpressive and userId: 0
05-07 16:54:14.808 I/NSLocationMonitor(30245): getGPSUsingApps() called
05-07 16:54:14.809 I/NSLocationManager_FLP(32344): getGPSUsingApps, No change
05-07 16:54:14.815 D/FreecessHandler(30245): skipping freeze com.github.android(10444) result : 2
05-07 16:54:15.014 W/PackageConfigPersister(30245): App-specific configuration not found for packageName: dev.antigravity.classevivaexpressive and userId: 0
05-07 16:54:15.045 W/libbinder.BackendUnifiedServiceManager(28775): Thread Pool max thread count is 0. Cannot cache binder as linkToDeath cannot be implemented. serviceName: SurfaceFlingerAIDL
05-07 16:54:15.046 W/libbinder.BpBinder(28775): Linking to death on android.gui.ISurfaceComposer but there are no threads (yet?) listening to incoming transactions. See ProcessState::startThreadPool and ProcessState::setThreadPoolMaxThreadCount. Generally you should setup the binder threadpool before other initialization steps.
05-07 16:54:15.046 W/libbinder.BackendUnifiedServiceManager(28775): Thread Pool max thread count is 0. Cannot cache binder as linkToDeath cannot be implemented. serviceName: edmnativehelper
05-07 16:54:15.046 I/EDMNativeHelperService(30245): isScreenCaptureEnabled
05-07 16:54:15.046 D/RestrictionPolicy(30245): isScreenCaptureEnabled : ret=true userId=0
05-07 16:54:15.046 W/libbinder.ProcessState(28775): Extra binder thread started, but 0 threads requested. Do not use *startThreadPool when zero threads are requested.
05-07 16:54:15.046 I/SurfaceComposerClient(28775): captureDisplay:Display-4630946249045481107
05-07 16:54:15.047 I/SnapAlloc( 1796): Using graphics libs for alignment calculations
05-07 16:54:15.048 I/SurfaceFlinger( 1880): Capture layer list: 	 dev.antigravity.classevivaexpressive/dev.antigravity.classevivaexpressive.MainActivity$_24886#418125(preserveDisplayColors:0)
05-07 16:54:15.048 I/SurfaceFlinger( 1880): Capture layer list: 	 StatusBar$_31394#172795(preserveDisplayColors:0)
05-07 16:54:15.048 I/SurfaceFlinger( 1880): Capture layer list: 	 com.sec.android.app.launcher/com.samsung.app.honeyspace.edge.edgepanel.app.CocktailBarService$_26305#418101(preserveDisplayColors:0)
05-07 16:54:15.048 I/SurfaceFlinger( 1880): Capture layer list: 	 NavigationBar0$_31394#172791(preserveDisplayColors:0)
05-07 16:54:15.049 D/SurfaceFlinger( 1880): [SEC_SF_EFFECTS] drawLayersInternal,1334, Rendering layer ScreenCaptureFillLayer at index 0
05-07 16:54:15.049 D/SurfaceFlinger( 1880): [SEC_SF_EFFECTS] drawLayersInternal,1334, Rendering layer dev.antigravity.classevivaexpressive/dev.antigravity.classevivaexpressive.MainActivity$_24886#418125 at index 1
05-07 16:54:15.049 D/SurfaceFlinger( 1880): [SEC_SF_EFFECTS] drawLayersInternal,1334, Rendering layer StatusBar$_31394#172795 at index 2
05-07 16:54:15.049 D/SurfaceFlinger( 1880): [SEC_SF_EFFECTS] drawLayersInternal,1334, Rendering layer com.sec.android.app.launcher/com.samsung.app.honeyspace.edge.edgepanel.app.CocktailBarService$_26305#418101 at index 3
05-07 16:54:15.049 D/SurfaceFlinger( 1880): [SEC_SF_EFFECTS] drawLayersInternal,1334, Rendering layer NavigationBar0$_31394#172791 at index 4
05-07 16:54:15.082 D/qdgralloc(28775): Fetching IMapper5 from QtiMapper5
05-07 16:54:15.088 I/SnapAlloc(28775): Graphics lib is available
05-07 16:54:15.089 D/io_stats( 1093): !@   8,0 r 472649601 14170354276 w 106403636 2382846216 d 11899656 2088341540 f 1576803 7906051 iot 35810172 0 th 0 0 0 pt 0 inp 0 0 1466514.594
05-07 16:54:15.089 D/io_stats( 1093): !@ Read_top(KB): .gms:persistent:low(32664) 1400 ced.android.gms:high(6911) 296 system_server:normal(30245) 4
05-07 16:54:15.089 D/io_stats( 1093): !@ Write_top(KB): kworker/u17:1:/(13902) 1044 soft.appmanager:high(31302) 24 ugin:persistent:high(6747) 12
05-07 16:54:15.090 D/io_stats( 1093): !@ fuse-log: WORST (2000 35 8 1 8) (0 18 0 2 0) (2000 1 0 1 0) TOTAL_LATENCY (2000 8 35 8 1 1 0 1 3 0 1) (0 0 18 0 2) TOTAL_CNT (2000 8 25 2 63 2 1 1) (0 2 18 2) 
05-07 16:54:15.095 W/MediaProvider(32502): isAppCloneUserPair for user 0: false
05-07 16:54:15.098 I/MediaSyncer(29790): generation: Generation(added=333911, modified=333919)
05-07 16:54:15.098 D/SyncManager(30245): userId - 0 auto - true
05-07 16:54:15.099 D/SyncManager(30245): userId - 0 auto - true
05-07 16:54:15.100 I/WindowsLink( 2658): (YpcSignatureChecker) isSignatureAllowed in
05-07 16:54:15.101 I/WindowsLink( 2658): (BaseContentProvider) call: method = capability_pre_granted_permissions / subMethod = capability_pre_granted_permissions
05-07 16:54:15.102 I/WindowsLink( 2658): (YpcSignatureChecker) isSignatureAllowed in
05-07 16:54:15.102 I/WindowsLink( 2658): (BaseContentProvider) call: method = capability_pre_granted_permissions / subMethod = capability_pre_granted_permissions
05-07 16:54:15.102 I/WindowsLink( 2658): (YpcSignatureChecker) isSignatureAllowed in
05-07 16:54:15.102 I/WindowsLink( 2658): (BaseContentProvider) call: method = capability_pre_granted_permissions / subMethod = capability_pre_granted_permissions
05-07 16:54:15.102 I/WindowsLink( 2658): (YpcSignatureChecker) isSignatureAllowed in
05-07 16:54:15.102 I/WindowsLink( 2658): (BaseContentProvider) call: method = capability_pre_granted_permissions / subMethod = capability_pre_granted_permissions
05-07 16:54:15.110 W/PackageConfigPersister(30245): App-specific configuration not found for packageName: dev.antigravity.classevivaexpressive and userId: 0
05-07 16:54:15.112 I/MediaSyncer(29790): loaded: 14ms, Success(maxMediaId=0, maxGenAdded=-9223372036854775808, maxGenModified=333931, count=0)
05-07 16:54:15.129 D/SemWifiUsabilityStatsMonitor(30245): onWifiUsabilityStats - seqNum 69192, isSameBssidAndFreq true
05-07 16:54:15.132 W/PackageConfigPersister(30245): App-specific configuration not found for packageName: dev.antigravity.classevivaexpressive and userId: 0
05-07 16:54:15.132 D/SGM:GameManager(30245): identifyGamePackage. dev.antigravity.classevivaexpressive, mCurrentUserId: 0, callingMethodInfo: com.samsung.android.game.SemGameManager.isGamePackage(SemGameManager.java:106)
05-07 16:54:15.132 D/SGM:SemGameManager(30245): isGamePackage(), pkgName=dev.antigravity.classevivaexpressive, ret=false
05-07 16:54:15.185 I/ActivityManager(30245): Broadcasting: Intent { act=android.intent.action.MEDIA_SCANNER_SCAN_FILE dat=file:///... flg=0x400000 }
05-07 16:54:15.185 I/ActivityManager(30245): Enqueued broadcast Intent { act=android.intent.action.MEDIA_SCANNER_SCAN_FILE dat=file:///... flg=0x400000 }: 0
05-07 16:54:15.186 I/MediaServiceV2(32502): Creating work for intent Intent { act=android.intent.action.MEDIA_SCANNER_SCAN_FILE dat=file:///... flg=0x1400010 cmp=com.google.android.providers.media.module/com.android.providers.media.MediaServiceV2 }
05-07 16:54:15.186 I/MediaServiceV2(32502): Work enqueued for intent: Intent { act=android.intent.action.MEDIA_SCANNER_SCAN_FILE dat=file:///... flg=0x1400010 cmp=com.google.android.providers.media.module/com.android.providers.media.MediaServiceV2 }
05-07 16:54:15.186 I/ActivityManager(30245): Broadcast completed: result=0
05-07 16:54:15.190 W/JobInfo (32502): Requested important-while-foreground flag for job14616 is ignored and takes no effect
05-07 16:54:15.190 D/WM-SystemJobScheduler(32502): Scheduling work ID 1e218ecf-d653-4e3f-ac83-469a2ebf449bJob ID 14616
05-07 16:54:15.192 D/WM-GreedyScheduler(32502): Ignoring {WorkSpec: 0424cdca-c835-46c1-94cf-0ef9f3634a2d}. Requires device idle.
05-07 16:54:15.192 D/WM-GreedyScheduler(32502): Ignoring {WorkSpec: 3b11a63f-2a8f-420e-8116-30f20b861566}. Requires device idle.
05-07 16:54:15.192 D/WM-GreedyScheduler(32502): Ignoring {WorkSpec: c1409182-ad1f-4a1b-a5e0-64235f6f0509}. Requires device idle.
05-07 16:54:15.192 D/WM-GreedyScheduler(32502): Starting work for 1e218ecf-d653-4e3f-ac83-469a2ebf449b
05-07 16:54:15.192 D/WM-SystemJobService(32502): onStartJob for WorkGenerationalId(workSpecId=1e218ecf-d653-4e3f-ac83-469a2ebf449b, generation=0)
