05-07 16:54:16.452 I/ejla    (26058): (REDACTED) HDM. Ignoring irrelevant audio permission changes for package %s
05-07 16:54:16.453 I/RequestManager_FLP(32344): onOpChanged, op=0 / packageName=org.telegram.messenger
05-07 16:54:16.521 W/PackageConfigPersister(30245): App-specific configuration not found for packageName: dev.antigravity.classevivaexpressive and userId: 0
05-07 16:54:16.674 I/sensors-hal( 1767): handle_sns_std_sensor_event:127, [SSC_LIGHT] A: 310(310),c:268,b:99,m:0,cl:73,l:299,s:310,l0:707806,l1:331996,s0:2376,s1:1230,acl:1,opr:0.85,f(r):93,u(bl):93,if:64,wi:1332,si:1319,64(N:0)
05-07 16:54:16.701 D/WM-DelayedWorkTracker(32502): Scheduling work 084aad4c-6657-4b5f-8bb5-d11961e51556
05-07 16:54:16.702 D/WM-GreedyScheduler(32502): Starting tracking for 084aad4c-6657-4b5f-8bb5-d11961e51556
05-07 16:54:16.704 D/WM-ConstraintTracker(32502): BatteryNotLowTracker: initial state = true
05-07 16:54:16.704 D/WM-BrdcstRcvrCnstrntTrc(32502): BatteryNotLowTracker: registering receiver
05-07 16:54:16.706 D/WM-GreedyScheduler(32502): Constraints met: Scheduling work ID WorkGenerationalId(workSpecId=084aad4c-6657-4b5f-8bb5-d11961e51556, generation=0)
05-07 16:54:16.707 D/WM-Processor(32502): Processor: processing WorkGenerationalId(workSpecId=084aad4c-6657-4b5f-8bb5-d11961e51556, generation=0)
05-07 16:54:16.709 D/WM-WorkerWrapper(32502): Starting work for com.android.providers.media.photopicker.sync.ProactiveSyncWorker
05-07 16:54:16.710 I/PSyncWorker(32502): Starting proactive picker sync from sync source: 1
05-07 16:54:16.710 I/PickerSyncTracker(32502): Created new sync future java.util.concurrent.CompletableFuture@78c1448[Not completed, 1 dependents]. Future map: {084aad4c-6657-4b5f-8bb5-d11961e51556=java.util.concurrent.CompletableFuture@78c1448[Not completed, 1 dependents]}
05-07 16:54:16.711 D/PickerSyncController(32502): syncAllMediaFromProvider() LOCAL, auth=com.android.providers.media.photopicker, retry=true
05-07 16:54:16.711 D/PickerSyncController(32502): getSyncRequestParams() LOCAL, auth=com.android.providers.media.photopicker
05-07 16:54:16.717 I/ActivityManager(30245): Changes in 10440 4 to 4, 511 to 505
05-07 16:54:16.718 D/BackgroundInstallControlService(30245): Package event received: 0
05-07 16:54:16.718 D/BackgroundInstallControlService(30245): Package event received: 0
05-07 16:54:16.718 D/BackgroundInstallControlService(30245): Package event received: 0
05-07 16:54:16.720 D/WM-SystemJobService(32502): onStartJob for WorkGenerationalId(workSpecId=084aad4c-6657-4b5f-8bb5-d11961e51556, generation=0)
05-07 16:54:16.720 D/SyncManager(30245): userId - 0 auto - true
05-07 16:54:16.721 D/WM-Processor(32502): Work WorkGenerationalId(workSpecId=084aad4c-6657-4b5f-8bb5-d11961e51556, generation=0) is already enqueued for processing
05-07 16:54:16.721 W/libbinder.IPCThreadState(30245): Sending oneway calls to frozen process.
05-07 16:54:16.722 D/BackgroundInstallControlService(30245): Package event received: 0
05-07 16:54:16.722 I/ActivityManager(30245): Changes in 5009 19 to 8, 128 to 384
05-07 16:54:16.723 I/CameraService(29862): onUidStateChanged: uid=5009, procState is changed. (19 -> 8)
05-07 16:54:16.723 W/libbinder.IPCThreadState(30245): Sending oneway calls to frozen process.
05-07 16:54:16.724 W/libbinder.IPCThreadState(29862): Sending oneway calls to frozen process.
05-07 16:54:16.724 W/libbinder.IPCThreadState(29862): Sending oneway calls to frozen process.
05-07 16:54:16.724 I/[SC]MediaSyncService( 9077): onBind
05-07 16:54:16.724 W/libbinder.IPCThreadState(29862): Sending oneway calls to frozen process.
05-07 16:54:16.724 W/libbinder.IPCThreadState(29862): Sending oneway calls to frozen process.
05-07 16:54:16.724 W/libbinder.IPCThreadState(29862): Sending oneway calls to frozen process.
05-07 16:54:16.727 I/[SC]MediaSyncAdapterProxy( 9077): onPerformSync - started. User : false, FMM : false, Push : false
05-07 16:54:16.727 I/[SC]ExtendedMediaUploadManager( 9077): onMediaSyncStartRequest: 0,NONE,0
05-07 16:54:16.727 I/[SC][CloudServiceTypeRepositoryImpl]( 9077): getCloudServiceTypeInfo. result=CloudServiceTypeInfo(serviceType=OneDrive, sequenceNumber=0)
05-07 16:54:16.727 I/[SC]SyncSettingManager( 9077): setSyncStatus: SyncStatusVo{authority='media', state='START', errorCode='999'},false,false
05-07 16:54:16.727 I/[SC]GalleryLogDumpManager( 9077): onGallerySyncStarted
05-07 16:54:16.729 D/PickerSyncController(32502):    Latest ID/Gen=ced2c98dcb9b664a:external_primary/333942
05-07 16:54:16.729 I/SamsungAccount(  856): [OpenContentProvider] query tnc
05-07 16:54:16.729 D/PickerSyncController(32502):    Cached ID/Gen=ced2c98dcb9b664a:external_primary/333922
05-07 16:54:16.729 I/SamsungAccount(  856): [AccountManagerUtil] isSamsungAccountSignedIn : true
05-07 16:54:16.729 D/PickerSyncController(32502):    RESULT=SyncRequestParams{type=MEDIA_INCREMENTAL, gen=333922, latest=Bundle[{last_media_sync_generation=333942, media_collection_id=ced2c98dcb9b664a:external_primary}], pageSize=1000}
05-07 16:54:16.729 I/PickerSyncController(32502): Executing SyncAdd. isLocal: true. authority: com.android.providers.media.photopicker
05-07 16:54:16.729 I/SamsungAccount(  856): [OpenContentProvider] Calling package : android.scloud.
05-07 16:54:16.729 D/PickerSyncLockManager(32502): Trying to acquire lock com.android.providers.media.photopicker.sync.CloseableReentrantLock@e091b8e[Unlocked]. Lock Name = CLOUD_PROVIDER_LOCK. Threads that may be waiting to acquire this lock = [] with timeout.
05-07 16:54:16.729 D/CloseableReentrantLock(32502): Successfully acquired lock com.android.providers.media.photopicker.sync.CloseableReentrantLock@e091b8e[Locked by thread pool-5-thread-763]. Lock Name = CLOUD_PROVIDER_LOCK. Threads that may be waiting to acquire this lock = []
05-07 16:54:16.729 D/CloseableReentrantLock(32502): Successfully released lock com.android.providers.media.photopicker.sync.CloseableReentrantLock@e091b8e[Unlocked]. Lock Name = CLOUD_PROVIDER_LOCK. Threads that may be waiting to acquire this lock = []
05-07 16:54:16.729 D/ExternalDbFacade(32502): Token received for queryMedia = null
05-07 16:54:16.729 I/SamsungAccount(  856): [PackageUtils] getStringValueFromMetaData - key : com.samsung.android.mobileservice.AppId, result : c27bh39q4z
05-07 16:54:16.730 I/SamsungAccount(  856): [PackageUtils] getStringValueFromMetaData - key : com.samsung.android.mobileservice.AppId, result : c27bh39q4z
05-07 16:54:16.732 I/SamsungAccount(  856): [SignatureInfoDbHelper] searchOnUser(fromDb) - [10/c27bh][android.scloud.][64/3291d] => matched
05-07 16:54:16.734 I/[SC][AccountSupplier]( 9077): isValidSamsungAccount: name: 0 email: 0
05-07 16:54:16.737 I/ActivityManager(30245): Changes in 10067 10 to 8, 0 to 384
05-07 16:54:16.737 D/PickerSyncLockManager(32502): Trying to acquire lock com.android.providers.media.photopicker.sync.CloseableReentrantLock@e091b8e[Unlocked]. Lock Name = CLOUD_PROVIDER_LOCK. Threads that may be waiting to acquire this lock = [] with timeout.
05-07 16:54:16.737 D/CloseableReentrantLock(32502): Successfully acquired lock com.android.providers.media.photopicker.sync.CloseableReentrantLock@e091b8e[Locked by thread pool-5-thread-763]. Lock Name = CLOUD_PROVIDER_LOCK. Threads that may be waiting to acquire this lock = []
05-07 16:54:16.737 D/PickerSyncController(32502): Clearing next page token for key: local_provider:media_add:resume
05-07 16:54:16.737 D/CloseableReentrantLock(32502): Successfully released lock com.android.providers.media.photopicker.sync.CloseableReentrantLock@e091b8e[Unlocked]. Lock Name = CLOUD_PROVIDER_LOCK. Threads that may be waiting to acquire this lock = []
05-07 16:54:16.737 D/PickerNotificationSender(32502): Sending a notification for media update
05-07 16:54:16.737 D/SyncManager(30245): userId - 0 auto - true
05-07 16:54:16.737 D/SyncManager(30245): userId - 0 auto - true
05-07 16:54:16.737 D/PickerNotificationSender(32502): Sending a notification for merged album media update Videos
05-07 16:54:16.737 D/PickerNotificationSender(32502): Sending a notification for album media update Videos
05-07 16:54:16.738 D/SyncManager(30245): userId - 0 auto - true
05-07 16:54:16.738 D/SyncManager(30245): userId - 0 auto - true
05-07 16:54:16.738 D/PickerNotificationSender(32502): Sending a notification for merged album media update Favorites
05-07 16:54:16.738 D/PickerNotificationSender(32502): Sending a notification for album media update Favorites
05-07 16:54:16.738 D/SyncManager(30245): userId - 0 auto - true
05-07 16:54:16.738 D/SyncManager(30245): userId - 0 auto - true
05-07 16:54:16.738 I/PickerSyncController(32502): Paged sync successful. QueryArgs: Bundle[{android.provider.extra.SYNC_GENERATION=333922, android.provider.extra.PAGE_SIZE=1000}] Total Rows: 0
05-07 16:54:16.738 I/PickerSyncController(32502): Executing SyncRemove. isLocal: true. authority: com.android.providers.media.photopicker
05-07 16:54:16.738 D/PickerSyncLockManager(32502): Trying to acquire lock com.android.providers.media.photopicker.sync.CloseableReentrantLock@e091b8e[Unlocked]. Lock Name = CLOUD_PROVIDER_LOCK. Threads that may be waiting to acquire this lock = [] with timeout.
05-07 16:54:16.738 D/CloseableReentrantLock(32502): Successfully acquired lock com.android.providers.media.photopicker.sync.CloseableReentrantLock@e091b8e[Locked by thread pool-5-thread-763]. Lock Name = CLOUD_PROVIDER_LOCK. Threads that may be waiting to acquire this lock = []
05-07 16:54:16.738 D/CloseableReentrantLock(32502): Successfully released lock com.android.providers.media.photopicker.sync.CloseableReentrantLock@e091b8e[Unlocked]. Lock Name = CLOUD_PROVIDER_LOCK. Threads that may be waiting to acquire this lock = []
05-07 16:54:16.739 I/[SC]MediaCloudPolicy( 9077): isWiFiOnly(), res - true
05-07 16:54:16.739 I/[SC][Verification]( 9077): [ChinaPnCtcpiSupplier] isPrivacyNoticeAgreed: Not china account
05-07 16:54:16.739 I/[SC][Verification]( 9077): [ChinaPnCtcpiSupplier] isPersonalInfoCollectionAgreed: Not china account
05-07 16:54:16.739 I/[SC]Permission( 9077): isSpecialAccessPermissionGranted: mode: 3
05-07 16:54:16.740 I/[SC]IsAlbumDownloadActiveUseCase( 9077): isAlbumDownloadActive: 0, null
05-07 16:54:16.740 I/[SC]UploadRetryLogLocalDataSourceImpl( 9077): clearRetryLog. 0 logs cleared by expiration
05-07 16:54:16.740 I/[SC]UploadRetryManager( 9077): onSyncStarted
05-07 16:54:16.740 I/[SC]SyncSettingManager( 9077): setSyncStatus: SyncStatusVo{authority='media', state='ACTIVE', errorCode='999'},false,false
05-07 16:54:16.740 I/[SC]MigrationUtil( 9077): setMigrationBrokenImage
05-07 16:54:16.741 D/SyncManager(30245): userId - 0 auto - true
05-07 16:54:16.741 E/PickerDbFacade(32502): Could not get first date taken millis for media id: 58588
05-07 16:54:16.742 I/[SC]AlbumManager( 9077): CheckNewAlum
05-07 16:54:16.742 W/PickerDbFacade(32502): Unable to promote cloud media with localId: 58588
05-07 16:54:16.742 D/PickerSyncLockManager(32502): Trying to acquire lock com.android.providers.media.photopicker.sync.CloseableReentrantLock@e091b8e[Unlocked]. Lock Name = CLOUD_PROVIDER_LOCK. Threads that may be waiting to acquire this lock = [] with timeout.
05-07 16:54:16.742 D/CloseableReentrantLock(32502): Successfully acquired lock com.android.providers.media.photopicker.sync.CloseableReentrantLock@e091b8e[Locked by thread pool-5-thread-763]. Lock Name = CLOUD_PROVIDER_LOCK. Threads that may be waiting to acquire this lock = []
05-07 16:54:16.742 D/PickerSyncController(32502): Clearing next page token for key: local_provider:media_remove:resume
05-07 16:54:16.742 D/CloseableReentrantLock(32502): Successfully released lock com.android.providers.media.photopicker.sync.CloseableReentrantLock@e091b8e[Unlocked]. Lock Name = CLOUD_PROVIDER_LOCK. Threads that may be waiting to acquire this lock = []
05-07 16:54:16.743 D/PickerNotificationSender(32502): Sending a notification for media update
05-07 16:54:16.743 D/SyncManager(30245): userId - 0 auto - true
05-07 16:54:16.743 D/SyncManager(30245): userId - 0 auto - true
05-07 16:54:16.743 D/PickerNotificationSender(32502): Sending a notification for merged album media update Videos
05-07 16:54:16.743 D/PickerNotificationSender(32502): Sending a notification for album media update Videos
05-07 16:54:16.743 D/SyncManager(30245): userId - 0 auto - true
05-07 16:54:16.743 D/SyncManager(30245): userId - 0 auto - true
05-07 16:54:16.743 D/PickerNotificationSender(32502): Sending a notification for merged album media update Favorites
05-07 16:54:16.743 D/PickerNotificationSender(32502): Sending a notification for album media update Favorites
05-07 16:54:16.743 D/SyncManager(30245): userId - 0 auto - true
05-07 16:54:16.744 D/SyncManager(30245): userId - 0 auto - true
05-07 16:54:16.744 I/PickerSyncController(32502): Paged sync successful. QueryArgs: Bundle[{android.provider.extra.SYNC_GENERATION=333922, android.provider.extra.PAGE_SIZE=1000}] Total Rows: 0
05-07 16:54:16.744 I/PickerSyncTracker(32502): Marked sync future complete for work id: 084aad4c-6657-4b5f-8bb5-d11961e51556. Future map: {}
05-07 16:54:16.744 I/PSyncWorker(32502): Completed picker proactive sync complete from local provider.
05-07 16:54:16.744 I/WM-WorkerWrapper(32502): Worker result SUCCESS for Work [ id=084aad4c-6657-4b5f-8bb5-d11961e51556, tags={ com.android.providers.media.photopicker.sync.ProactiveSyncWorker } ]
05-07 16:54:16.744 D/WM-Processor(32502): Processor 084aad4c-6657-4b5f-8bb5-d11961e51556 executed; reschedule = false
05-07 16:54:16.744 D/WM-GreedyScheduler(32502): Stopping tracking for WorkGenerationalId(workSpecId=084aad4c-6657-4b5f-8bb5-d11961e51556, generation=0)
05-07 16:54:16.744 D/WM-SystemJobService(32502): 084aad4c-6657-4b5f-8bb5-d11961e51556 executed on JobScheduler
05-07 16:54:16.746 D/WM-GreedyScheduler(32502): Cancelling work ID 084aad4c-6657-4b5f-8bb5-d11961e51556
05-07 16:54:16.746 D/WM-GreedyScheduler(32502): Ignoring {WorkSpec: 0424cdca-c835-46c1-94cf-0ef9f3634a2d}. Requires device idle.
05-07 16:54:16.746 D/WM-GreedyScheduler(32502): Ignoring {WorkSpec: 3b11a63f-2a8f-420e-8116-30f20b861566}. Requires device idle.
05-07 16:54:16.746 D/WM-GreedyScheduler(32502): Ignoring {WorkSpec: c1409182-ad1f-4a1b-a5e0-64235f6f0509}. Requires device idle.
05-07 16:54:16.746 D/WM-BrdcstRcvrCnstrntTrc(32502): BatteryNotLowTracker: unregistering receiver
05-07 16:54:16.754 I/[SC]MediaApi( 9077): sendSyncStartBroadCase()
05-07 16:54:16.754 I/[SC]SettingsDataBaseManager( 9077): insertSettings key : sync_status, value : 0
05-07 16:54:16.755 I/[SC]AbstractMediaSyncAdapter( 9077): PERFORM SYNC : 
05-07 16:54:16.755 I/[SC][SyncStateNotifierImpl]( 9077): notifySyncStarted
05-07 16:54:16.755 I/[SC]AbstractMediaSyncAdapter( 9077): PERFORM SYNC : START
05-07 16:54:16.755 I/[SC][CloudServiceTypeRepositoryImpl]( 9077): getCloudServiceTypeInfo. result=CloudServiceTypeInfo(serviceType=OneDrive, sequenceNumber=0)
05-07 16:54:16.755 I/[SC][SamsungCloudMedia]( 9077): name: com.samsung.scsp.media, version : 1.2.0001, isAccountRequiredFeature = true, isDrsSupported = false, platformConfigurationRequire = false
05-07 16:54:16.755 I/[SC][ServicePolicyRepositoryImpl]( 9077): isNewGallerySupportedGalleryApp: result=true, checkedAppVersion=1580000049
05-07 16:54:16.755 I/[SC][ServiceAvailabilityRepositoryImpl]( 9077): get. result: availabilityInfo=ServiceAvailabilityInfo(serviceAvailability=OneDriveAvailable, isShowGalleryTips=false, isGracePeriod=false, newGalleryLaunchDate=1784671200000, oneDriveEndDate=1790805600000, isUserVerified=true, extraInfo=[], revision=0)
05-07 16:54:16.755 I/[SC][ServicePolicyRepositoryImpl]( 9077): isNewGallerySupportedGalleryApp: result=true, checkedAppVersion=1580000049
05-07 16:54:16.755 I/[SC][ServiceAvailabilityRepositoryImpl]( 9077): get. result: availabilityInfo=ServiceAvailabilityInfo(serviceAvailability=OneDriveAvailable, isShowGalleryTips=false, isGracePeriod=false, newGalleryLaunchDate=1784671200000, oneDriveEndDate=1790805600000, isUserVerified=true, extraInfo=[], revision=0)
05-07 16:54:16.756 I/KMX|DeviceInfoManagementImpl( 9077): KmxSdk v2.0.16-release
05-07 16:54:16.756 I/KMX|DeviceInfoManagementImpl( 9077): [getE2EEDeviceType] : 1
05-07 16:54:16.756 I/DeviceInfoManagementImpl( 9077): VC :201654900
05-07 16:54:16.756 I/KMX|DeviceInfoManagementImpl( 9077): [getSAKUid] : pSxH4wQtOM7AlQPy7oy3gaG-vSUPLc5oFLiIL707qvg=
05-07 16:54:16.756 I/KMX|DeviceInfoManagementImpl( 9077): KmxSdk v2.0.16-release
05-07 16:54:16.756 I/KMX|DeviceInfoManagementImpl( 9077): [getE2EEDeviceType] : 1
05-07 16:54:16.756 I/[SC][DeviceUtil]( 9077): One UI version : 8.5.0
05-07 16:54:16.756 I/[SC][UserRegistration]( 9077): register
05-07 16:54:16.756 I/[SC][UserRegistration]( 9077): Already user registered.
05-07 16:54:16.756 I/[SC][UserToken]( 9077): Get token
05-07 16:54:16.756 I/[SC][UserToken]( 9077): UserToken is valid
05-07 16:54:16.756 I/[SC][DeviceUtil]( 9077): getSimMcc
05-07 16:54:16.756 I/[SC][DeviceUtil]( 9077): getSimMnc
05-07 16:54:16.757 I/[SC][SamsungCloudMedia]( 9077): public com.samsung.scsp.media.api.MediaApiControlImpl()
05-07 16:54:16.757 I/[SC]SimplePolicyManager( 9077): getPolicy: policy found: LocalTime_Sync_Support / {"parseForDownload":true,"parseForUpload":false,"useCloudOnlyExif":false,"useVideoMetaForUpload":false}/LocalTimeSyncSupport{parseForUpload=false, useVideoMetaForUpload=false, parseForDownload=true, useCloudOnlyExif=false}
05-07 16:54:16.757 I/[SC]SimplePolicyManager( 9077): getPolicy: policy found: LocalTime_Sync_Support / {"parseForDownload":true,"parseForUpload":false,"useCloudOnlyExif":false,"useVideoMetaForUpload":false}/LocalTimeSyncSupport{parseForUpload=false, useVideoMetaForUpload=false, parseForDownload=true, useCloudOnlyExif=false}
05-07 16:54:16.758 I/[SC]AbstractMediaSyncAdapter( 9077): LastChangePoint : MUAwQDE3NzgxNjU1OTA0NDVAMTc3NjQ1MzI0MDk3NkAxNzc2NDUzMjQwOTc1!x
05-07 16:54:16.758 I/[SC]SimplePolicyManager( 9077): getPolicy: policy not found Media_Recovery_Policy
05-07 16:54:16.759 I/[SC]RecoveryThumbnail( 9077): RecoveryThumbnail: MediaRecoveryPolicy{useLegacyRecovery=false, pageSize=50}
05-07 16:54:16.759 I/[SC]RecoveryThumbnail( 9077): Recovery Thumbnail : START
05-07 16:54:16.759 I/[SC]RecoveryDataBaseManager( 9077): getRecoveryItem list : 0
05-07 16:54:16.759 I/[SC]RecoveryDownload( 9077): START
05-07 16:54:16.759 I/[SC]RecoveryDownload( 9077): FINISHED
05-07 16:54:16.760 I/[SC]MediaCloudPolicy( 9077): isWiFiOnly(), res - true
05-07 16:54:16.760 I/[SC][Files]( 9077): getChanges(), type = image, nextChangePoint = MUAwQDE3NzgxNjU1OTA0NDVAMTc3NjQ1MzI0MDk3NkAxNzc2NDUzMjQwOTc1!x
05-07 16:54:16.760 I/[SC][UserToken]( 9077): Get token
05-07 16:54:16.760 I/[SC][UserToken]( 9077): UserToken is valid
05-07 16:54:16.760 I/[SC][OkHttpNetworkImpl]( 9077): [GET_CHANGES][231198908][https://api.samsungcloud.com/media/v2/photos/changes?changePoint=MUAwQDE3NzgxNjU1OTA0NDVAMTc3NjQ1MzI0MDk3NkAxNzc2NDUzMjQwOTc1%21x&includeDetail=true&mediaType=image][d68ce4cf-3000-34f8-bff4-6e482d359a1f]
05-07 16:54:16.761 I/[SC][OkHttpNetworkImpl]( 9077): call is added.
05-07 16:54:16.787 W/PackageConfigPersister(30245): App-specific configuration not found for packageName: dev.antigravity.classevivaexpressive and userId: 0
05-07 16:54:16.794 D/NetdEventListenerService(30245): DNS Requested by 805, 5009(com.samsung.android.scloud,...), SUCCESS, 31ms
05-07 16:54:16.796 I/FusedLocation(18638): (REDACTED) location delivery to %s blocked - too fast
05-07 16:54:16.796 I/FusedLocation(18638): (REDACTED) location delivery to %s blocked - too close
05-07 16:54:16.796 D/SLocation(30245): PositionManager - Passive handleLocationChanged [F, A : 100.00, T : 1778165656794, ET : 2605962337, h : 21/6]
05-07 16:54:16.796 D/SLocation(30245): PositionManager - receive fused location
05-07 16:54:16.797 W/SLocation(30245): GeopointGeofenceManger - refresh wifi to receive loc
05-07 16:54:16.797 I/FusedLocation(18638): (REDACTED) location delivery to %s blocked - too close
05-07 16:54:16.797 D/SLocation(30245): GeopointGeofenceManger - Location reported : fix method = 14 / 100.0
05-07 16:54:16.797 D/SLocation(30245): LocationBuffer - receivedLocation - op[interval(min 60000, max 300000), waitTime 36000000, numOfUpdates 20, minDistance 200.0]dist : 0.0 diffTime : 60004 accept time condition
05-07 16:54:16.797 D/SLocation(30245): LocationBuffer - input buffer, size : 5
05-07 16:54:16.797 D/SLocation(30245): BatchManager - received batch location buffered = true
05-07 16:54:16.797 D/SLocation(30245): LastLocations - update latest location [F, A : 100.00, T : 1778165656794, ET : 2605962337, h : 21/6]
05-07 16:54:16.797 D/SLocation(30245): ARDistanceLibManager - request distance diff to AR Distance Library
05-07 16:54:16.797 D/SLocation(30245): SLocationCoreSem - send to coreSem, packet length : 1 / [34]
05-07 16:54:16.797 D/SemContextLocationCoreAttribute(30245): setAttribute() mode : 0 action : 23
05-07 16:54:16.797 D/SemContextService(30245): lock : changeParameters
05-07 16:54:16.797 D/SemContext.CaeProvider.LocationCoreImpl(30245): setAttribute() mode : 0 action : 23
05-07 16:54:16.797 D/ActivityManager(30245): Received BROADCAST intent 0xb434886 Key{broadcastIntent pkg=com.samsung.android.mcfds intent=act=com.samsung.android.ce.sensor.location.PASSIVE_INTENT xflg=0x4 pkg=com.samsung.android.mcfds flags=0x2000000 u=0} requestCode=20247613 sent=0 from uid 1000
05-07 16:54:16.797 W/CAE     (30245): setCAProperty(ContextAwareService.java:509) - [setProperty 01] Mutex is locked for SLOCATION_RUNNER
05-07 16:54:16.798 I/CAE     (30245): setPropertyValue(SLocationRunner.java:116) - SLocationRunner setProperty header : 34, len : 1
05-07 16:54:16.798 D/SensorService(30245): setSContextDataLocked ints length 2 , byte length 4
05-07 16:54:16.798 D/SensorService(30245): setSContextDataLocked 223717c1
05-07 16:54:16.798 I/FusedLocation(18638): (REDACTED) location delivery to %s blocked - too fast
05-07 16:54:16.798 I/sensors-hal( 1767): inject_sensor_data:413, handle 1502 send inject
05-07 16:54:16.798 I/GmsPassiveListener_FLP(32344): onGmsLocationChanged, provider=fused / speed=0.0 / time=1778165656794 / elapsed=2605962337386847
05-07 16:54:16.798 I/sensors-hal( 1767): sendContextData:343, sensor hal 4, (0xc1, 0x17, 0x37, 0x22)
05-07 16:54:16.798 E/sensors-hal( 1767): sendContextData:133, slocationcore h 193 m 23 s 55
05-07 16:54:16.798 I/sensors-hal( 1767): sendUserData:119, slocationcore sendUserData
05-07 16:54:16.798 E/sensors-hal( 1767): create_send_context_data:64, slocationcore create_send_context_data
05-07 16:54:16.798 I/sensors-hal( 1767): send_context_data:701, slocationcore, 4986366670857974562, 1320970896291267344, msgid:700
05-07 16:54:16.799 I/ActivityManager(30245): Changes in 10440 4 to 4, 505 to 511
05-07 16:54:16.799 W/CAE     (30245): setCAProperty(ContextAwareService.java:515) - [setProperty 02] Mutex is unlocked for SLOCATION_RUNNER
05-07 16:54:16.799 D/SemContextService(30245): unlock : changeParameters
05-07 16:54:16.799 D/SemContextManager(30245):   .changeParameters : listener = Y.i@365b966, service=SLocation Core
05-07 16:54:16.799 D/SLocation(30245): SLocationCoreSem - send to coreSem, packet length : 23 / [2, 26, 32, 130, 75, 6, 174, 177, 188, 0, 0, 0, 100, 2, 0, 0, 1, 158, 2, 238, 172, 218, 0]
05-07 16:54:16.799 D/SemContextLocationCoreAttribute(30245): setAttribute() mode : 0 action : 23
05-07 16:54:16.799 D/SemContextService(30245): lock : changeParameters
05-07 16:54:16.799 D/SemContext.CaeProvider.LocationCoreImpl(30245): setAttribute() mode : 0 action : 23
05-07 16:54:16.799 W/CAE     (30245): setCAProperty(ContextAwareService.java:509) - [setProperty 01] Mutex is locked for SLOCATION_RUNNER
05-07 16:54:16.799 I/sensors-hal( 1767): qsh_conn_resp_cb:972, resp_value = 0 for slocationcore 
05-07 16:54:16.799 I/CAE     (30245): setPropertyValue(SLocationRunner.java:116) - SLocationRunner setProperty header : 2, len : 23
05-07 16:54:16.799 I/sensors-hal( 1767): qsh_conn_event_cb:927, event[0] sensor:slocationcore  Wakeup, msg_id=1025, ts=50034590142726
05-07 16:54:16.799 E/sensors-hal( 1767): handle_sns_client_event:78, slocationcore_event: msgid:1025
05-07 16:54:16.799 I/sensors-hal( 1767): insert_awaking_events:873, smp2p_event, 10.slocationcore, msgid:1025
05-07 16:54:16.800 D/SensorService(30245): setSContextDataLocked ints length 8 , byte length 26
05-07 16:54:16.800 D/SensorService(30245): setSContextDataLocked 23717c1
05-07 16:54:16.800 I/sensors-hal( 1767): inject_sensor_data:413, handle 1502 send inject
05-07 16:54:16.800 I/sensors-hal( 1767): sendContextData:343, sensor hal 26, (0xc1, 0x17, 0x37, 0x2)
05-07 16:54:16.800 E/sensors-hal( 1767): sendContextData:133, slocationcore h 193 m 23 s 55
05-07 16:54:16.800 I/sensors-hal( 1767): sendUserData:119, slocationcore sendUserData
05-07 16:54:16.800 E/sensors-hal( 1767): create_send_context_data:64, slocationcore create_send_context_data
05-07 16:54:16.800 I/sensors-hal( 1767): send_context_data:701, slocationcore, 4986366670857974562, 1320970896291267344, msgid:700
05-07 16:54:16.800 I/Rubin   (17808): [718] Z5.a.onLocationChanged(Unknown Source) : Passive location updated
05-07 16:54:16.800 I/Rubin   (17808): [719] com.samsung.android.rubin.inferenceengine.contextanalytics.engine.loggers.LocationLogger.flush(Unknown Source) : flush
05-07 16:54:16.800 W/CAE     (30245): setCAProperty(ContextAwareService.java:515) - [setProperty 02] Mutex is unlocked for SLOCATION_RUNNER
05-07 16:54:16.800 D/SemContextService(30245): unlock : changeParameters
05-07 16:54:16.800 D/SemContextManager(30245):   .changeParameters : listener = Y.i@365b966, service=SLocation Core
05-07 16:54:16.801 D/SLocation(30245): ReceiverPair - ignore direction of location due to wifi, id = 23, reason = 400
05-07 16:54:16.801 D/SLocation(30245): ReceiverPair - ignore direction of location due to wifi, id = 24, reason = 400
05-07 16:54:16.801 D/SLocation(30245): GeopointReceiver - cancel delay & hold gf id : 116
05-07 16:54:16.801 I/sensors-hal( 1767): qsh_conn_event_cb:927, event[0] sensor:slocationcore  Wakeup, msg_id=1025, ts=50034590142991
05-07 16:54:16.801 E/sensors-hal( 1767): handle_sns_client_event:78, slocationcore_event: msgid:1025
05-07 16:54:16.801 D/SLocation(30245): ReceiverPair - ignore direction of location due to wifi, id = 120, reason = 400
05-07 16:54:16.801 I/sensors-hal( 1767): qsh_conn_event_cb:927, event[0] sensor:slocationcore  Wakeup, msg_id=1025, ts=50034590143196
05-07 16:54:16.801 E/sensors-hal( 1767): handle_sns_client_event:78, slocationcore_event: msgid:1025
05-07 16:54:16.801 D/SLocation(30245): ReceiverPairWithAdaptive - id : 48, dir : 2
05-07 16:54:16.801 I/sensors-hal( 1767): qsh_conn_resp_cb:972, resp_value = 0 for slocationcore 
05-07 16:54:16.801 I/sensors-hal( 1767): qsh_conn_event_cb:927, event[0] sensor:slocationcore  Wakeup, msg_id=1025, ts=50034590169467
05-07 16:54:16.801 E/sensors-hal( 1767): handle_sns_client_event:78, slocationcore_event: msgid:1025
05-07 16:54:16.801 D/SLocation(30245): ReceiverPairWithAdaptive - id : 116, dir : 2
05-07 16:54:16.801 D/SLocation(30245): ReceiverPairWithAdaptive - id : 119, dir : 2
05-07 16:54:16.801 D/SLocation(30245): ReceiverPairWithAdaptive - similar fence, do not update geopoint geofence
05-07 16:54:16.801 I/[CE]_ContextEngineReceiver( 7035): onReceive - action: com.samsung.android.ce.sensor.location.PASSIVE_INTENT
05-07 16:54:16.802 D/SLocation(30245): AlarmManagerWrapper - next alarm time : 2609562340 (WK)
05-07 16:54:16.802 D/SLocation(30245): GeopointLastLocation - last location still available 7 / 9223372036854775807
05-07 16:54:16.802 D/SLocation(30245): GeopointGeofenceObserver - location : [F, A : 100.00, T : 1778165656794, ET : 2605962337, h : 21/6], radius : 6958
05-07 16:54:16.802 I/[CE]_SLocationManager( 7035): onReceive - [Passive Location] 20247613
05-07 16:54:16.803 D/CAE     (30245): onGetSensorHubData(SensorHubParserProvider.java:92) - onGetSensorHubData Event [event buffer len :26], AP_WAKEUP
05-07 16:54:16.803 I/CAE     (30245): parse(SensorHubParserProvider.java:188) - buffer size = 26
05-07 16:54:16.803 I/CAE     (30245): parse(SensorHubParserProvider.java:199) - 1, 1, 55, 0, 21, 5, 7, 2, 0, 0, 0, 0, 3, 50, 64, -88, 7, 2, 0, 0, 0, 10, 3, 50, 103, -72,
05-07 16:54:16.803 I/CAE     (30245): parse(SLocationRunner.java:88) - SLocationRunner parse start : 3
05-07 16:54:16.803 D/CAE     (30245): display(ContextProvider.java:375) - ================= SLOCATION_RUNNER =================
05-07 16:54:16.803 I/CAE     (30245): display(ContextProvider.java:391) - ExtraDataArray=[1, 1, 55, 0, 21, 5, 7, 2, 0, 0, 0, 0, 3, 50, 64, -88, 7, 2, 0, 0, 0, 10, 3, 50, 103, -72]
05-07 16:54:16.803 I/CAE     (30245): parse(SLocationRunner.java:96) - SLocationRunner parse end:26
05-07 16:54:16.803 D/CAE     (30245): onGetSensorHubData(SensorHubParserProvider.java:92) - onGetSensorHubData Event [event buffer len :38], AP_WAKEUP
05-07 16:54:16.804 I/CAE     (30245): parse(SensorHubParserProvider.java:188) - buffer size = 38
05-07 16:54:16.804 I/CAE     (30245): parse(SensorHubParserProvider.java:199) - 1, 1, 55, 0, 33, 33, 0, 0, 0, 0, 0, 0, 1, -98, 2, -105, 23, -56, 26, 32, 114, 64, 6, -82, -103, -8, 0, 0, 0, 29, 3, 50, 64, -88, 0, 0, 0, 3,
05-07 16:54:16.804 I/CAE     (30245): parse(SLocationRunner.java:88) - SLocationRunner parse start : 3
05-07 16:54:16.804 D/SemContextManager(30245): onSemContextChanged() : event = SLocation Core
05-07 16:54:16.804 D/SLocation(30245): SensorHubWrapper - SemContextChanged type = 47, packet received
05-07 16:54:16.804 D/CAE     (30245): display(ContextProvider.java:375) - ================= SLOCATION_RUNNER =================
05-07 16:54:16.804 D/SemContextService(30245): Service.updateContext() : service = SLocation Core
05-07 16:54:16.804 I/CAE     (30245): display(ContextProvider.java:391) - ExtraDataArray=[1, 1, 55, 0, 33, 33, 0, 0, 0, 0, 0, 0, 1, -98, 2, -105, 23, -56, 26, 32, 114, 64, 6, -82, -103, -8, 0, 0, 0, 29, 3, 50, 64, -88, 0, 0, 0, 3]
05-07 16:54:16.804 D/SLocation(30245): GeofenceCoreManager - received Extra Data from core, len : 21
05-07 16:54:16.804 I/CAE     (30245): parse(SLocationRunner.java:96) - SLocationRunner parse end:38
05-07 16:54:16.804 D/SLocation(30245): CommonCoreManager - received Extra Data from core, len : 21
05-07 16:54:16.804 D/CAE     (30245): onGetSensorHubData(SensorHubParserProvider.java:92) - onGetSensorHubData Event [event buffer len :10], AP_WAKEUP
05-07 16:54:16.804 I/CAE     (30245): parse(SensorHubParserProvider.java:188) - buffer size = 10
05-07 16:54:16.804 I/CAE     (30245): parse(SensorHubParserProvider.java:199) - 1, 1, 55, 0, 5, 2, 34, 0, 0, 0,
05-07 16:54:16.804 I/CAE     (30245): parse(SLocationRunner.java:88) - SLocationRunner parse start : 3
05-07 16:54:16.804 D/SemContextService(30245): Service.updateContext() : service = SLocation Core
05-07 16:54:16.804 D/SemContextManager(30245): onSemContextChanged() : event = SLocation Core
05-07 16:54:16.804 D/SLocation(30245): SensorHubWrapper - SemContextChanged type = 47, packet received
05-07 16:54:16.804 D/SLocation(30245): ARDistanceGetARDistance - convertSensorHubTimeToElapsedTime 2600222543
05-07 16:54:16.804 D/CAE     (30245): display(ContextProvider.java:375) - ================= SLOCATION_RUNNER =================
05-07 16:54:16.804 D/SLocation(30245): GeofenceCoreManager - received Extra Data from core, len : 33
05-07 16:54:16.804 D/SLocation(30245): CommonCoreManager - received Extra Data from core, len : 33
05-07 16:54:16.805 W/Settings(30245): Setting airplane_mode_on has moved from android.provider.Settings.System to android.provider.Settings.Global, returning read-only value.
05-07 16:54:16.805 I/CAE     (30245): display(ContextProvider.java:391) - ExtraDataArray=[1, 1, 55, 0, 5, 2, 34, 0, 0, 0]
05-07 16:54:16.805 I/CAE     (30245): parse(SLocationRunner.java:96) - SLocationRunner parse end:10
05-07 16:54:16.805 D/SemContextService(30245): Service.updateContext() : service = SLocation Core
05-07 16:54:16.805 D/CAE     (30245): onGetSensorHubData(SensorHubParserProvider.java:92) - onGetSensorHubData Event [event buffer len :10], AP_WAKEUP
05-07 16:54:16.805 I/CAE     (30245): parse(SensorHubParserProvider.java:188) - buffer size = 10
05-07 16:54:16.805 W/Settings(30245): Setting airplane_mode_on has moved from android.provider.Settings.System to android.provider.Settings.Global, returning read-only value.
05-07 16:54:16.805 D/SemContextManager(30245): onSemContextChanged() : event = SLocation Core
05-07 16:54:16.805 D/SLocation(30245): SensorHubWrapper - SemContextChanged type = 47, packet received
05-07 16:54:16.805 I/CAE     (30245): parse(SensorHubParserProvider.java:199) - 1, 1, 55, 0, 5, 2, 2, 0, 0, 0,
05-07 16:54:16.805 D/SLocation(30245): FilteredLastLocation - notify all last locations, loc : 2
05-07 16:54:16.805 I/CAE     (30245): parse(SLocationRunner.java:88) - SLocationRunner parse start : 3
05-07 16:54:16.805 D/SLocation(30245): ARDistanceLibManager - command callback received - CURRENT_LOCATION_REQUEST_DISTANCE ERROR CODE : ERROR_NONE
05-07 16:54:16.805 D/SLocation(30245): GeofenceCoreManager - received Extra Data from core, len : 5
05-07 16:54:16.805 D/SLocation(30245): GeofenceCoreManager - handleCommandCallback - UNKNOWN_CALLBACK 34 SUCCESS
05-07 16:54:16.805 D/SLocation(30245): CommonCoreManager - received Extra Data from core, len : 5
05-07 16:54:16.805 D/CAE     (30245): display(ContextProvider.java:375) - ================= SLOCATION_RUNNER =================
05-07 16:54:16.805 I/CAE     (30245): display(ContextProvider.java:391) - ExtraDataArray=[1, 1, 55, 0, 5, 2, 2, 0, 0, 0]
05-07 16:54:16.805 I/CAE     (30245): parse(SLocationRunner.java:96) - SLocationRunner parse end:10
05-07 16:54:16.805 D/SemContextService(30245): Service.updateContext() : service = SLocation Core
05-07 16:54:16.806 D/SemContextManager(30245): onSemContextChanged() : event = SLocation Core
05-07 16:54:16.806 D/SLocation(30245): SensorHubWrapper - SemContextChanged type = 47, packet received
05-07 16:54:16.806 D/SLocation(30245): GeofenceCoreManager - received Extra Data from core, len : 5
05-07 16:54:16.806 D/SLocation(30245): GeofenceCoreManager - handleCommandCallback - UNKNOWN_CALLBACK 2 SUCCESS
05-07 16:54:16.806 D/SLocation(30245): CommonCoreManager - received Extra Data from core, len : 5
05-07 16:54:16.806 I/[CE]_ActivityDataManagerImpl( 7035): loadState - StayInfo loaded
05-07 16:54:16.806 D/SLocation(30245): CommonCoreManager - handleCommandCallback - FUNC_TYPE : SET_LOCATION  ERROR_CODE : ERROR_NONE
05-07 16:54:16.807 E/AppOps  (30245): Bad call made by uid 1001. Package "com.android.phone" does not belong to uid 10097.
05-07 16:54:16.807 E/AppOps  (30245): Cannot noteOperation
05-07 16:54:16.807 E/AppOps  (30245): java.lang.SecurityException: Specified package "com.android.phone" under uid 10097 but it is not
05-07 16:54:16.807 E/AppOps  (30245): 	at com.android.server.appop.AppOpsService.verifyAndGetBypass(qb/104701324 cd16acc4801dbe6b32e5a5abae341d7e127cab4e767490f8ee0cd129dfce7922:67)
05-07 16:54:16.807 E/AppOps  (30245): 	at com.android.server.appop.AppOpsService.noteOperationUnchecked(qb/104701324 cd16acc4801dbe6b32e5a5abae341d7e127cab4e767490f8ee0cd129dfce7922:51)
05-07 16:54:16.807 E/AppOps  (30245): 	at com.android.server.appop.AppOpsService.-$$Nest$mnoteOperationImpl(qb/104701324 cd16acc4801dbe6b32e5a5abae341d7e127cab4e767490f8ee0cd129dfce7922:89)
05-07 16:54:16.807 E/AppOps  (30245): 	at com.android.server.appop.AppOpsService$CheckOpsDelegateDispatcher$$ExternalSyntheticLambda4.apply(qb/104701324 cd16acc4801dbe6b32e5a5abae341d7e127cab4e767490f8ee0cd129dfce7922:65)
05-07 16:54:16.807 E/AppOps  (30245): 	at com.android.server.policy.AppOpsPolicy.noteOperation(qb/104701324 cd16acc4801dbe6b32e5a5abae341d7e127cab4e767490f8ee0cd129dfce7922:35)
05-07 16:54:16.807 E/AppOps  (30245): 	at com.android.server.appop.AppOpsService$CheckOpsDelegateDispatcher.noteOperation(qb/104701324 cd16acc4801dbe6b32e5a5abae341d7e127cab4e767490f8ee0cd129dfce7922:66)
05-07 16:54:16.807 E/AppOps  (30245): 	at com.android.server.appop.AppOpsService.noteOperation(qb/104701324 cd16acc4801dbe6b32e5a5abae341d7e127cab4e767490f8ee0cd129dfce7922:20)
05-07 16:54:16.807 E/AppOps  (30245): 	at com.android.internal.app.IAppOpsService$Stub.onTransact(IAppOpsService.java:592)
05-07 16:54:16.807 E/AppOps  (30245): 	at android.os.Binder.execTransactInternal(Binder.java:1514)
05-07 16:54:16.807 E/AppOps  (30245): 	at android.os.Binder.execTransact(Binder.java:1454)
05-07 16:54:16.808 I/[CE]_ActivityDataManagerImpl( 7035): Scan receiver - Stay detected - start time : 1778153722959, end time : 1778165656806, timestamp : 1778165656806
05-07 16:54:16.808 I/[CE]_RealtimeMovingContextProvider( 7035): onReceive - Not started
05-07 16:54:17.023 W/PackageConfigPersister(30245): App-specific configuration not found for packageName: dev.antigravity.classevivaexpressive and userId: 0
05-07 16:54:17.085 I/[SC][OkHttpNetworkImpl]( 9077): call is removed.
05-07 16:54:17.086 I/[SC]CollectServerChanges( 9077): CollectServerChanges: 0 / 0 / 0
05-07 16:54:17.090 D/io_stats( 1093): !@   8,0 r 472649681 14170355768 w 106403737 2382847188 d 11899656 2088341540 f 1576804 7906057 iot 35810188 0 th 0 0 0 pt 0 inp 0 0 1466516.595
05-07 16:54:17.117 W/PackageConfigPersister(30245): App-specific configuration not found for packageName: dev.antigravity.classevivaexpressive and userId: 0
05-07 16:54:17.192 I/[SC]ReconcileItems( 9077): RECONCILE FOR DOWNLOAD : START
05-07 16:54:17.192 I/[SC]ReconcileDownload( 9077): localIteMap : 0
05-07 16:54:17.192 I/[SC]MediaSyncContext_ReconcileDownload( 9077): createFile : 0, createCloudOnly : 0, updateFile : 0, updateMeta : 0, updateCloudOnlyMeta : 0
05-07 16:54:17.192 I/[SC]MediaSyncContext_ReconcileDownload( 9077): downloadMetaList : 0, downloadThumbnailList : 0, downloadChangedThumbnailList : 0
05-07 16:54:17.193 I/[SC]MediaSyncContext_ReconcileDownload( 9077): downloadMetaForUpdateCloud : 0, downloadMetaForUpdateLocal : 0, downloadMetaForInsert : 0, downloadMetaForMoveCaseCloudOnly : 0, downloadMetaForMoveCaseLocalFile : 0
05-07 16:54:17.193 I/[SC]MediaSyncContext_ReconcileDownload( 9077): downloadMetaForUpdateCaseLocalFile : 0, downloadMetaForMoveAndUpdateCaseLocalFile : 0
05-07 16:54:17.193 I/[SC]MediaSyncContext_ReconcileDownload( 9077): completedDeleteFormServerList : 0, deletedFromServer : 0, deleteServerList : 0, permanentlyDeleteServerList : 0
05-07 16:54:17.193 I/[SC]MediaSyncContext_ReconcileDownload( 9077): revertItems : 0
05-07 16:54:17.194 D/SyncManager(30245): userId - 0 auto - true
05-07 16:54:17.195 I/[SC]AlbumManager( 9077): getBucketList : 2
05-07 16:54:17.206 I/[SC]ReconcileServerDelete( 9077): ReconcileServerDelete : START
05-07 16:54:17.206 I/[SC]MediaSyncContext_ReconcileServerDelete( 9077): createFile : 0, createCloudOnly : 0, updateFile : 0, updateMeta : 0, updateCloudOnlyMeta : 0
05-07 16:54:17.206 I/[SC]MediaSyncContext_ReconcileServerDelete( 9077): downloadMetaList : 0, downloadThumbnailList : 0, downloadChangedThumbnailList : 0
05-07 16:54:17.206 I/[SC]MediaSyncContext_ReconcileServerDelete( 9077): downloadMetaForUpdateCloud : 0, downloadMetaForUpdateLocal : 0, downloadMetaForInsert : 0, downloadMetaForMoveCaseCloudOnly : 0, downloadMetaForMoveCaseLocalFile : 0
05-07 16:54:17.206 I/[SC]MediaSyncContext_ReconcileServerDelete( 9077): downloadMetaForUpdateCaseLocalFile : 0, downloadMetaForMoveAndUpdateCaseLocalFile : 0
05-07 16:54:17.206 I/[SC]MediaSyncContext_ReconcileServerDelete( 9077): completedDeleteFormServerList : 0, deletedFromServer : 0, deleteServerList : 0, permanentlyDeleteServerList : 0
05-07 16:54:17.206 I/[SC]MediaSyncContext_ReconcileServerDelete( 9077): revertItems : 0
05-07 16:54:17.206 I/[SC]UploadWithReconcile_1000_1_10485760( 9077): UploadWithReconciles : START
05-07 16:54:17.206 I/[SC]UploadWithReconcile_100_10485761_52428800( 9077): UploadWithReconciles : START
05-07 16:54:17.206 I/[SC]UploadWithReconcile_50_52428801_104857600( 9077): UploadWithReconciles : START
05-07 16:54:17.206 I/[SC]UploadWithReconcile_20_104857601_209715200( 9077): UploadWithReconciles : START
05-07 16:54:17.206 I/[SC]UploadWithReconcile_10_209715201_1073741824( 9077): UploadWithReconciles : START
05-07 16:54:17.206 I/[SC]UploadWithReconcile_5_1073741825_2147483648( 9077): UploadWithReconciles : START
05-07 16:54:17.206 I/[SC]UploadWithReconcile_2_2147483649_4294967296( 9077): UploadWithReconciles : START
05-07 16:54:17.216 I/[SC]MediaBuilderForQuery( 9077): cursor size : 0
05-07 16:54:17.253 D/SyncManager(30245): userId - 0 auto - true
05-07 16:54:17.254 I/[SC]AbstractMediaSyncAdapter( 9077): PERFORM SYNC : END
05-07 16:54:17.254 I/[SC]AbstractMediaSyncAdapter( 9077): PERFORM SYNC : 
05-07 16:54:17.254 I/[SC]AbstractMediaSyncAdapter( 9077): PERFORM SYNC : START
05-07 16:54:17.254 I/[SC][SamsungCloudMedia]( 9077): name: com.samsung.scsp.media, version : 1.2.0001, isAccountRequiredFeature = true, isDrsSupported = false, platformConfigurationRequire = false
05-07 16:54:17.254 I/KMX|DeviceInfoManagementImpl( 9077): KmxSdk v2.0.16-release
05-07 16:54:17.254 I/KMX|DeviceInfoManagementImpl( 9077): [getE2EEDeviceType] : 1
05-07 16:54:17.254 I/DeviceInfoManagementImpl( 9077): VC :201654900
05-07 16:54:17.254 I/KMX|DeviceInfoManagementImpl( 9077): [getSAKUid] : pSxH4wQtOM7AlQPy7oy3gaG-vSUPLc5oFLiIL707qvg=
05-07 16:54:17.254 I/KMX|DeviceInfoManagementImpl( 9077): KmxSdk v2.0.16-release
05-07 16:54:17.254 I/KMX|DeviceInfoManagementImpl( 9077): [getE2EEDeviceType] : 1
05-07 16:54:17.254 I/[SC][DeviceUtil]( 9077): One UI version : 8.5.0
05-07 16:54:17.254 I/[SC][UserRegistration]( 9077): register
05-07 16:54:17.254 I/[SC][UserRegistration]( 9077): Already user registered.
05-07 16:54:17.254 I/[SC][UserToken]( 9077): Get token
05-07 16:54:17.254 I/[SC][UserToken]( 9077): UserToken is valid
05-07 16:54:17.255 I/[SC][DeviceUtil]( 9077): getSimMcc
05-07 16:54:17.255 I/[SC][DeviceUtil]( 9077): getSimMnc
05-07 16:54:17.255 I/[SC][SamsungCloudMedia]( 9077): public com.samsung.scsp.media.api.MediaApiControlImpl()
05-07 16:54:17.256 I/[SC]SimplePolicyManager( 9077): getPolicy: policy found: LocalTime_Sync_Support / {"parseForDownload":true,"parseForUpload":false,"useCloudOnlyExif":false,"useVideoMetaForUpload":false}/LocalTimeSyncSupport{parseForUpload=false, useVideoMetaForUpload=false, parseForDownload=true, useCloudOnlyExif=false}
05-07 16:54:17.256 I/[SC]SimplePolicyManager( 9077): getPolicy: policy found: LocalTime_Sync_Support / {"parseForDownload":true,"parseForUpload":false,"useCloudOnlyExif":false,"useVideoMetaForUpload":false}/LocalTimeSyncSupport{parseForUpload=false, useVideoMetaForUpload=false, parseForDownload=true, useCloudOnlyExif=false}
05-07 16:54:17.257 I/Gallery (20395): [1018:CloudSyncStatusRecei] onReceive {SYNC_STARTED, #G$E60F65Wh1FquFymcMswtv+uT7AnZkhyE8mvVaCY9bJO5+/suMDrYshTiOnqeALbtTMAWCh10LUJQ+FzfNZplptSnWQBg9NCI3wwuZPS1WAgKabdXCVdQ7VXA/RFvtt++HZ/yqPtBSxwjOoprmt857s3sx4bHQ= }
05-07 16:54:17.257 I/Gallery (20395): [1019:     SyncStateHelper] updateSyncStatus(bundle) SyncState{syncing,cloud on}
05-07 16:54:17.257 I/Gallery (20395): [1020:SyncViewUpdateManage] onMediaSyncStatusChanged: 1
05-07 16:54:17.258 I/[SC]AbstractMediaSyncAdapter( 9077): LastChangePoint : MUAxQDE3NzgxNjU1OTA4MDRAMTc2NzUxNzc5OTg2MEAxNzY3NTE3Nzk5ODU5!x
05-07 16:54:17.258 I/[SC]SimplePolicyManager( 9077): getPolicy: policy not found Media_Recovery_Policy
05-07 16:54:17.258 I/[SC]RecoveryThumbnail( 9077): RecoveryThumbnail: MediaRecoveryPolicy{useLegacyRecovery=false, pageSize=50}
05-07 16:54:17.258 I/[SC]RecoveryThumbnail( 9077): Recovery Thumbnail : START
05-07 16:54:17.258 I/[SC]RecoveryDataBaseManager( 9077): getRecoveryItem list : 0
05-07 16:54:17.258 I/[SC]RecoveryDownload( 9077): START
05-07 16:54:17.258 I/[SC]RecoveryDownload( 9077): FINISHED
05-07 16:54:17.258 I/Gallery (20395): [1021: TimelineViewAdapter] setHeaderView position = 2
05-07 16:54:17.259 I/[SC]MediaCloudPolicy( 9077): isWiFiOnly(), res - true
05-07 16:54:17.259 I/[SC][Files]( 9077): getChanges(), type = video, nextChangePoint = MUAxQDE3NzgxNjU1OTA4MDRAMTc2NzUxNzc5OTg2MEAxNzY3NTE3Nzk5ODU5!x
05-07 16:54:17.259 I/[SC][UserToken]( 9077): Get token
05-07 16:54:17.259 I/[SC][UserToken]( 9077): UserToken is valid
05-07 16:54:17.260 I/[SC][OkHttpNetworkImpl]( 9077): [GET_CHANGES][191832024][https://api.samsungcloud.com/media/v2/photos/changes?changePoint=MUAxQDE3NzgxNjU1OTA4MDRAMTc2NzUxNzc5OTg2MEAxNzY3NTE3Nzk5ODU5%21x&includeDetail=true&mediaType=video][d68ce4cf-3000-34f8-bff4-6e482d359a1f]
05-07 16:54:17.260 I/[SC][OkHttpNetworkImpl]( 9077): call is added.
05-07 16:54:17.287 W/PackageConfigPersister(30245): App-specific configuration not found for packageName: dev.antigravity.classevivaexpressive and userId: 0
05-07 16:54:17.298 D/SLocation(30245): WifiBssidMonitor - requestRefresh
05-07 16:54:17.299 W/SLocation(30245): WifiBssidMonitor - connected wifi : (3c:37:12:**:**:52/756)
05-07 16:54:17.398 D/ExifInterface(23412): No image meets the size requirements of a thumbnail image.
05-07 16:54:17.401 D/ExifInterface(23412): No image meets the size requirements of a thumbnail image.
05-07 16:54:17.401 I/sensors-hal( 1767): handle_sns_client_event:379, [0][54521554] accel_sample [ 0.213, -0.033,  9.751] 2605962910750864
05-07 16:54:17.402 D/ExifInterface(23412): No image meets the size requirements of a thumbnail image.
05-07 16:54:17.412 D/ExifInterface(23412): No image meets the size requirements of a thumbnail image.
05-07 16:54:17.414 D/ExifInterface(23412): No image meets the size requirements of a thumbnail image.
05-07 16:54:17.524 W/PackageConfigPersister(30245): App-specific configuration not found for packageName: dev.antigravity.classevivaexpressive and userId: 0
05-07 16:54:17.544 I/[SC][OkHttpNetworkImpl]( 9077): call is removed.
05-07 16:54:17.544 I/[SC]CollectServerChanges( 9077): CollectServerChanges: 0 / 0 / 0
05-07 16:54:17.564 I/[SC]ReconcileItems( 9077): RECONCILE FOR DOWNLOAD : START
05-07 16:54:17.564 I/[SC]ReconcileDownload( 9077): localIteMap : 0
05-07 16:54:17.564 I/[SC]MediaSyncContext_ReconcileDownload( 9077): createFile : 0, createCloudOnly : 0, updateFile : 0, updateMeta : 0, updateCloudOnlyMeta : 0
05-07 16:54:17.564 I/[SC]MediaSyncContext_ReconcileDownload( 9077): downloadMetaList : 0, downloadThumbnailList : 0, downloadChangedThumbnailList : 0
05-07 16:54:17.564 I/[SC]MediaSyncContext_ReconcileDownload( 9077): downloadMetaForUpdateCloud : 0, downloadMetaForUpdateLocal : 0, downloadMetaForInsert : 0, downloadMetaForMoveCaseCloudOnly : 0, downloadMetaForMoveCaseLocalFile : 0
05-07 16:54:17.564 I/[SC]MediaSyncContext_ReconcileDownload( 9077): downloadMetaForUpdateCaseLocalFile : 0, downloadMetaForMoveAndUpdateCaseLocalFile : 0
05-07 16:54:17.564 I/[SC]MediaSyncContext_ReconcileDownload( 9077): completedDeleteFormServerList : 0, deletedFromServer : 0, deleteServerList : 0, permanentlyDeleteServerList : 0
05-07 16:54:17.564 I/[SC]MediaSyncContext_ReconcileDownload( 9077): revertItems : 0
05-07 16:54:17.567 D/SyncManager(30245): userId - 0 auto - true
05-07 16:54:17.567 I/[SC]AlbumManager( 9077): getBucketList : 2
05-07 16:54:17.574 I/[SC]ReconcileServerDelete( 9077): ReconcileServerDelete : START
05-07 16:54:17.574 I/[SC]MediaSyncContext_ReconcileServerDelete( 9077): createFile : 0, createCloudOnly : 0, updateFile : 0, updateMeta : 0, updateCloudOnlyMeta : 0
05-07 16:54:17.574 I/[SC]MediaSyncContext_ReconcileServerDelete( 9077): downloadMetaList : 0, downloadThumbnailList : 0, downloadChangedThumbnailList : 0
05-07 16:54:17.574 I/[SC]MediaSyncContext_ReconcileServerDelete( 9077): downloadMetaForUpdateCloud : 0, downloadMetaForUpdateLocal : 0, downloadMetaForInsert : 0, downloadMetaForMoveCaseCloudOnly : 0, downloadMetaForMoveCaseLocalFile : 0
05-07 16:54:17.574 I/[SC]MediaSyncContext_ReconcileServerDelete( 9077): downloadMetaForUpdateCaseLocalFile : 0, downloadMetaForMoveAndUpdateCaseLocalFile : 0
05-07 16:54:17.574 I/[SC]MediaSyncContext_ReconcileServerDelete( 9077): completedDeleteFormServerList : 0, deletedFromServer : 0, deleteServerList : 0, permanentlyDeleteServerList : 0
05-07 16:54:17.574 I/[SC]MediaSyncContext_ReconcileServerDelete( 9077): revertItems : 0
05-07 16:54:17.574 I/[SC]UploadWithReconcile_1000_1_10485760( 9077): UploadWithReconciles : START
05-07 16:54:17.575 I/[SC]UploadWithReconcile_100_10485761_52428800( 9077): UploadWithReconciles : START
05-07 16:54:17.575 I/[SC]UploadWithReconcile_50_52428801_104857600( 9077): UploadWithReconciles : START
05-07 16:54:17.575 I/[SC]UploadWithReconcile_20_104857601_209715200( 9077): UploadWithReconciles : START
05-07 16:54:17.575 I/[SC]UploadWithReconcile_10_209715201_1073741824( 9077): UploadWithReconciles : START
05-07 16:54:17.575 I/[SC]UploadWithReconcile_5_1073741825_2147483648( 9077): UploadWithReconciles : START
05-07 16:54:17.575 I/[SC]UploadWithReconcile_2_2147483649_4294967296( 9077): UploadWithReconciles : START
05-07 16:54:17.575 D/SyncManager(30245): userId - 0 auto - true
05-07 16:54:17.576 I/[SC]AbstractMediaSyncAdapter( 9077): PERFORM SYNC : END
05-07 16:54:17.576 I/[SC]ExtendedSyncAdapter( 9077): PERFORM SYNC : 
05-07 16:54:17.576 I/[SC]ExtendedSyncAdapter( 9077): PERFORM SYNC : START
05-07 16:54:17.576 I/[SC][SamsungCloudMedia]( 9077): name: com.samsung.scsp.media, version : 1.2.0001, isAccountRequiredFeature = true, isDrsSupported = false, platformConfigurationRequire = false
05-07 16:54:17.576 I/KMX|DeviceInfoManagementImpl( 9077): KmxSdk v2.0.16-release
05-07 16:54:17.576 I/KMX|DeviceInfoManagementImpl( 9077): [getE2EEDeviceType] : 1
05-07 16:54:17.576 I/DeviceInfoManagementImpl( 9077): VC :201654900
05-07 16:54:17.576 I/KMX|DeviceInfoManagementImpl( 9077): [getSAKUid] : pSxH4wQtOM7AlQPy7oy3gaG-vSUPLc5oFLiIL707qvg=
05-07 16:54:17.576 I/KMX|DeviceInfoManagementImpl( 9077): KmxSdk v2.0.16-release
05-07 16:54:17.576 I/KMX|DeviceInfoManagementImpl( 9077): [getE2EEDeviceType] : 1
05-07 16:54:17.576 I/[SC][DeviceUtil]( 9077): One UI version : 8.5.0
