05-07 16:54:00.158 D/nativeloader(28693): Load libframework-connectivity-tiramisu-jni.so using APEX ns com_android_tethering for caller /apex/com.android.tethering/javalib/framework-connectivity-t.jar: ok
05-07 16:54:00.159 D/AndroidRuntime(28693): Calling main entry com.android.commands.uiautomator.Launcher
05-07 16:54:00.160 W/PlatformAconfigPackage(28693): android.os.flagging.AconfigStorageReadException: ERROR_CANNOT_READ_STORAGE_FILE: Fail to mmap storage
05-07 16:54:00.160 I/AconfigPackage(28693): com.android.rkpd.flags is mapped to com.android.rkpd
05-07 16:54:00.160 I/AconfigPackage(28693): com.android.uwb.flags is mapped to com.android.uwb
05-07 16:54:00.160 I/AconfigPackage(28693): com.android.ranging.flags is mapped to com.android.uwb
05-07 16:54:00.160 I/AconfigPackage(28693): com.android.adservices.ondevicepersonalization.flags is mapped to com.android.ondevicepersonalization
05-07 16:54:00.160 I/AconfigPackage(28693): com.android.healthfitness.flags is mapped to com.android.healthfitness
05-07 16:54:00.160 I/AconfigPackage(28693): com.android.ipsec.flags is mapped to com.android.ipsec
05-07 16:54:00.160 I/AconfigPackage(28693): com.android.wifi.flags is mapped to com.android.wifi
05-07 16:54:00.160 I/AconfigPackage(28693): android.os.profiling is mapped to com.android.profiling
05-07 16:54:00.160 I/AconfigPackage(28693): android.os.profiling.anomaly.flags is mapped to com.android.profiling
05-07 16:54:00.160 I/AconfigPackage(28693): android.uprobestats.mainline.flags is mapped to com.android.uprobestats
05-07 16:54:00.160 I/AconfigPackage(28693): android.provider.flags is mapped to com.android.configinfrastructure
05-07 16:54:00.160 I/AconfigPackage(28693): com.android.server.deviceconfig is mapped to com.android.configinfrastructure
05-07 16:54:00.160 I/AconfigPackage(28693): android.graphics.pdf.flags is mapped to com.android.mediaprovider
05-07 16:54:00.160 I/AconfigPackage(28693): com.android.providers.media.flags is mapped to com.android.mediaprovider
05-07 16:54:00.160 I/AconfigPackage(28693): android.graphics.pdf.flags.readonly is mapped to com.android.mediaprovider
05-07 16:54:00.160 I/AconfigPackage(28693): com.android.cellbroadcastreceiver.flags is mapped to com.android.cellbroadcast
05-07 16:54:00.160 I/AconfigPackage(28693): android.media.swcodec.flags is mapped to com.android.media.swcodec
05-07 16:54:00.161 I/AconfigPackage(28693): com.android.appsearch.flags is mapped to com.android.appsearch
05-07 16:54:00.161 I/AconfigPackage(28693): com.android.adservices.flags is mapped to com.android.adservices
05-07 16:54:00.161 I/AconfigPackage(28693): com.android.sdksandbox.flags is mapped to com.android.adservices
05-07 16:54:00.161 I/AconfigPackage(28693): com.android.tethering.mainline.beta is mapped to com.android.tethering
05-07 16:54:00.161 I/AconfigPackage(28693): android.net.http is mapped to com.android.tethering
05-07 16:54:00.161 I/AconfigPackage(28693): com.android.tethering.readonly.flags is mapped to com.android.tethering
05-07 16:54:00.161 I/AconfigPackage(28693): android.net.vcn is mapped to com.android.tethering
05-07 16:54:00.161 I/AconfigPackage(28693): com.android.net.flags is mapped to com.android.tethering
05-07 16:54:00.161 I/AconfigPackage(28693): com.android.tethering.flags is mapped to com.android.tethering
05-07 16:54:00.161 I/AconfigPackage(28693): com.android.tethering.beta.test is mapped to com.android.tethering
05-07 16:54:00.161 I/AconfigPackage(28693): com.android.nearby.flags is mapped to com.android.tethering
05-07 16:54:00.161 I/AconfigPackage(28693): com.android.net.thread.flags is mapped to com.android.tethering
05-07 16:54:00.161 I/AconfigPackage(28693): com.android.net.ct.flags is mapped to com.android.tethering
05-07 16:54:00.161 I/AconfigPackage(28693): com.android.org.conscrypt.flags is mapped to com.android.conscrypt
05-07 16:54:00.161 I/AconfigPackage(28693): com.android.org.conscrypt.net.flags is mapped to com.android.conscrypt
05-07 16:54:00.161 I/AconfigPackage(28693): com.android.art.flags is mapped to com.android.art
05-07 16:54:00.161 I/AconfigPackage(28693): com.android.art.rw.flags is mapped to com.android.art
05-07 16:54:00.161 I/AconfigPackage(28693): com.android.libcore is mapped to com.android.art
05-07 16:54:00.161 I/AconfigPackage(28693): com.android.permission.flags is mapped to com.android.permission
05-07 16:54:00.161 I/AconfigPackage(28693): com.android.permissioncontroller.flags is mapped to com.android.permission
05-07 16:54:00.161 I/AconfigPackage(28693): com.android.media.extractor.flags is mapped to com.android.media
05-07 16:54:00.161 I/AconfigPackage(28693): com.android.media.mainline.flags is mapped to com.android.media
05-07 16:54:00.161 I/AconfigPackage(28693): com.android.os.statsd.flags is mapped to com.android.os.statsd
05-07 16:54:00.161 I/AconfigPackage(28693): com.android.system.virtualmachine.flags is mapped to com.android.virt
05-07 16:54:00.161 I/AconfigPackage(28693): com.android.devicelock.flags is mapped to com.android.devicelock
05-07 16:54:00.161 I/AconfigPackage(28693): com.android.icu is mapped to com.android.i18n
05-07 16:54:00.161 I/AconfigPackage(28693): com.android.bluetooth.flags is mapped to com.android.bt
05-07 16:54:00.161 I/AconfigPackage(28693): com.android.adbd.flags is mapped to com.android.adbd
05-07 16:54:00.161 I/AconfigPackage(28693): com.android.telephony.flags is mapped to com.android.telephonycore
05-07 16:54:00.161 I/AconfigPackage(28693): com.android.compos.flags is mapped to com.android.compos
05-07 16:54:00.161 E/FeatureFlagsImplExport(28693): android.os.flagging.AconfigStorageReadException: ERROR_PACKAGE_NOT_FOUND: package android.xr cannot be found on the device
05-07 16:54:00.162 D/UiAutomationConnection(28693): Created on user UserHandle{0}
05-07 16:54:00.162 I/UiAutomation(28693): Initialized for user 0 on display 0
05-07 16:54:00.162 W/UiAutomation(28693): Created with deprecatead constructor, assumes DEFAULT_DISPLAY
05-07 16:54:00.162 D/AccessibilityManagerService(30245): changeCurrentUserForTestAutomationIfNeededLocked(0): ignoring because device doesn't support visible background users
05-07 16:54:00.162 I/UiAutomationManager(30245): Registering UiTestAutomationService (id=com.android.server.accessibility/UiAutomation, flags=0x0) when called by user 0
05-07 16:54:00.162 V/AccessibilityManagerService(30245): onUserStateChangedLocked for userId: 0, forceUpdate: false
05-07 16:54:00.163 I/ActivityManager(30245): Changes in 10160 4 to 4, 511 to 505
05-07 16:54:00.165 D/ActivityManager(30245): unpendingScheduleServiceRestart: u=10255, drop=false
05-07 16:54:00.165 D/FreecessController(30245): UFZ : com.urbandroid.kinestop(10255) [28308, 28290] reason: ServiceANR
05-07 16:54:00.165 W/LocationManagerService(30245): onFreezeStateChanged, uid[10255]=false
05-07 16:54:00.165 I/PowerManagerService(30245): [PWL] SetWakeLockEnableDisable uid = 10255 , disable= false
05-07 16:54:00.165 I/PowerManagerService(30245): [PWL] can not change uid =  10255
05-07 16:54:00.166 I/ActivityManager(30245): Changes in 10255 5 to 10, 511 to 384
05-07 16:54:00.166 I/KineStop(28308): [07May 16:54:00.166, main]: DDC: Accessibility onDestroy() 
05-07 16:54:00.166 W/ParceledListSlice(30245): Element #33 is 22060 bytes.
05-07 16:54:00.166 W/ParceledListSlice(30245): Element #34 is 22204 bytes.
05-07 16:54:00.166 W/ParceledListSlice(30245): Element #35 is 22016 bytes.
05-07 16:54:00.167 I/ActivityManager(30245): Changes in 10255 10 to 19, 384 to 0
05-07 16:54:00.167 D/MagnificationConnectionManager(30245): requestConnection :false mConnectionState : 3
05-07 16:54:00.167 W/MagnificationConnectionManager(30245): requestConnection duplicated request: connect=false, mConnectionState=DISCONNECTED
05-07 16:54:00.167 W/ParceledListSlice(30245): Element #36 is 22072 bytes.
05-07 16:54:00.167 I/SurfaceFlinger( 1880): id=418216 createSurf, flag=84004, WindowToken{71d8333 type=2032 android.os.Binder@c673aa2}#418216
05-07 16:54:00.168 W/libbinder.IPCThreadState(30245): Sending oneway calls to frozen process.
05-07 16:54:00.168 W/libbinder.IPCThreadState(30245): Sending oneway calls to frozen process.
05-07 16:54:00.169 W/libbinder.IPCThreadState(30245): Sending oneway calls to frozen process.
05-07 16:54:00.169 W/libbinder.IPCThreadState(30245): Sending oneway calls to frozen process.
05-07 16:54:00.169 W/libbinder.IPCThreadState(30245): Sending oneway calls to frozen process.
05-07 16:54:00.169 I/SafetyCenterAccessibilityListener(12475): accessibility event occurred, safety center feature not enabled.
05-07 16:54:00.169 W/libbinder.IPCThreadState(30245): Sending oneway calls to frozen process.
05-07 16:54:00.169 W/libbinder.IPCThreadState(30245): Sending oneway calls to frozen process.
05-07 16:54:00.169 W/libbinder.IPCThreadState(30245): Sending oneway calls to frozen process.
05-07 16:54:00.169 W/libbinder.IPCThreadState(30245): Sending oneway calls to frozen process.
05-07 16:54:00.170 W/libbinder.IPCThreadState(30245): Sending oneway calls to frozen process.
05-07 16:54:00.170 W/libbinder.IPCThreadState(30245): Sending oneway calls to frozen process.
05-07 16:54:00.170 W/libbinder.IPCThreadState(30245): Sending oneway calls to frozen process.
05-07 16:54:00.170 V/AccessibilityManagerService(30245): onUserStateChangedLocked for userId: 0, forceUpdate: false
05-07 16:54:00.170 D/MagnificationConnectionManager(30245): requestConnection :false mConnectionState : 3
05-07 16:54:00.170 W/MagnificationConnectionManager(30245): requestConnection duplicated request: connect=false, mConnectionState=DISCONNECTED
05-07 16:54:00.170 W/libbinder.IPCThreadState(30245): Sending oneway calls to frozen process.
05-07 16:54:00.170 W/libbinder.IPCThreadState(30245): Sending oneway calls to frozen process.
05-07 16:54:00.170 I/SafetyCenterAccessibilityListener(12475): accessibility event occurred, safety center feature not enabled.
05-07 16:54:00.170 W/libbinder.IPCThreadState(30245): Sending oneway calls to frozen process.
05-07 16:54:00.170 W/libbinder.IPCThreadState(30245): Sending oneway calls to frozen process.
05-07 16:54:00.170 W/libbinder.IPCThreadState(30245): Sending oneway calls to frozen process.
05-07 16:54:00.170 W/libbinder.IPCThreadState(30245): Sending oneway calls to frozen process.
05-07 16:54:00.171 W/libbinder.IPCThreadState(30245): Sending oneway calls to frozen process.
05-07 16:54:00.171 W/libbinder.IPCThreadState(30245): Sending oneway calls to frozen process.
05-07 16:54:00.171 W/libbinder.IPCThreadState(30245): Sending oneway calls to frozen process.
05-07 16:54:00.171 W/libbinder.IPCThreadState(30245): Sending oneway calls to frozen process.
05-07 16:54:00.171 W/libbinder.IPCThreadState(30245): Sending oneway calls to frozen process.
05-07 16:54:00.171 W/libbinder.IPCThreadState(30245): Sending oneway calls to frozen process.
05-07 16:54:00.171 I/SurfaceFlinger( 1880): [WindowToken{71d8333 type=2032 android.os.Binder@c673aa2}#418216] attach to parent LayerHierarchy{RequestedLayerState{Leaf:26:31#172732 parentId=172731} 5 children}
05-07 16:54:00.171 W/libbinder.IPCThreadState(30245): Sending oneway calls to frozen process.
05-07 16:54:00.171 W/libbinder.IPCThreadState(30245): Sending oneway calls to frozen process.
05-07 16:54:00.171 W/libbinder.IPCThreadState(30245): Sending oneway calls to frozen process.
05-07 16:54:00.171 W/libbinder.IPCThreadState(30245): Sending oneway calls to frozen process.
05-07 16:54:00.171 W/libbinder.IPCThreadState(30245): Sending oneway calls to frozen process.
05-07 16:54:00.171 W/libbinder.IPCThreadState(30245): Sending oneway calls to frozen process.
05-07 16:54:00.171 W/libbinder.IPCThreadState(30245): Sending oneway calls to frozen process.
05-07 16:54:00.171 W/libbinder.IPCThreadState(30245): Sending oneway calls to frozen process.
05-07 16:54:00.171 W/libbinder.IPCThreadState(30245): Sending oneway calls to frozen process.
05-07 16:54:00.171 W/libbinder.IPCThreadState(30245): Sending oneway calls to frozen process.
05-07 16:54:00.171 W/libbinder.IPCThreadState(30245): Sending oneway calls to frozen process.
05-07 16:54:00.171 W/libbinder.IPCThreadState(30245): Sending oneway calls to frozen process.
05-07 16:54:00.171 W/libbinder.IPCThreadState(30245): Sending oneway calls to frozen process.
05-07 16:54:00.171 W/libbinder.IPCThreadState(30245): Sending oneway calls to frozen process.
05-07 16:54:00.171 W/libbinder.IPCThreadState(30245): Sending oneway calls to frozen process.
05-07 16:54:00.172 W/libbinder.IPCThreadState(30245): Sending oneway calls to frozen process.
05-07 16:54:00.172 W/libbinder.IPCThreadState(30245): Sending oneway calls to frozen process.
05-07 16:54:00.172 W/libbinder.IPCThreadState(30245): Sending oneway calls to frozen process.
05-07 16:54:00.172 W/libbinder.IPCThreadState(30245): Sending oneway calls to frozen process.
05-07 16:54:00.172 W/libbinder.IPCThreadState(30245): Sending oneway calls to frozen process.
05-07 16:54:00.172 W/libbinder.IPCThreadState(30245): Sending oneway calls to frozen process.
05-07 16:54:00.172 W/libbinder.IPCThreadState(30245): Sending oneway calls to frozen process.
05-07 16:54:00.172 W/libbinder.IPCThreadState(30245): Sending oneway calls to frozen process.
05-07 16:54:00.172 W/libbinder.IPCThreadState(30245): Sending oneway calls to frozen process.
05-07 16:54:00.172 I/AccessibilityManagerService(30245): semIsAccessibilityServiceEnabled()
05-07 16:54:00.172 I/AccessibilityManagerService(30245): semIsAccessibilityServiceEnabled()
05-07 16:54:00.172 D/AS.AudioService(30245): Accessibility volume enabled = false
05-07 16:54:00.172 W/libbinder.IPCThreadState(30245): Sending oneway calls to frozen process.
05-07 16:54:00.172 W/libbinder.IPCThreadState(30245): Sending oneway calls to frozen process.
05-07 16:54:00.172 W/libbinder.IPCThreadState(30245): Sending oneway calls to frozen process.
05-07 16:54:00.172 W/libbinder.IPCThreadState(30245): Sending oneway calls to frozen process.
05-07 16:54:00.172 W/libbinder.IPCThreadState(30245): Sending oneway calls to frozen process.
05-07 16:54:00.172 W/libbinder.IPCThreadState(30245): Sending oneway calls to frozen process.
05-07 16:54:00.172 W/libbinder.IPCThreadState(30245): Sending oneway calls to frozen process.
05-07 16:54:00.172 W/libbinder.IPCThreadState(30245): Sending oneway calls to frozen process.
05-07 16:54:00.172 W/libbinder.IPCThreadState(30245): Sending oneway calls to frozen process.
05-07 16:54:00.173 W/libbinder.IPCThreadState(30245): Sending oneway calls to frozen process.
05-07 16:54:00.173 W/libbinder.IPCThreadState(30245): Sending oneway calls to frozen process.
05-07 16:54:00.173 W/libbinder.IPCThreadState(30245): Sending oneway calls to frozen process.
05-07 16:54:00.173 W/libbinder.IPCThreadState(30245): Sending oneway calls to frozen process.
05-07 16:54:00.173 W/libbinder.IPCThreadState(30245): Sending oneway calls to frozen process.
05-07 16:54:00.173 W/libbinder.IPCThreadState(30245): Sending oneway calls to frozen process.
05-07 16:54:00.173 W/libbinder.IPCThreadState(30245): Sending oneway calls to frozen process.
05-07 16:54:00.173 W/libbinder.IPCThreadState(30245): Sending oneway calls to frozen process.
05-07 16:54:00.173 W/libbinder.IPCThreadState(30245): Sending oneway calls to frozen process.
05-07 16:54:00.173 W/libbinder.IPCThreadState(30245): Sending oneway calls to frozen process.
05-07 16:54:00.173 W/libbinder.IPCThreadState(30245): Sending oneway calls to frozen process.
05-07 16:54:00.173 W/libbinder.IPCThreadState(30245): Sending oneway calls to frozen process.
05-07 16:54:00.173 W/libbinder.IPCThreadState(30245): Sending oneway calls to frozen process.
05-07 16:54:00.173 W/libbinder.IPCThreadState(30245): Sending oneway calls to frozen process.
05-07 16:54:00.173 W/libbinder.IPCThreadState(30245): Sending oneway calls to frozen process.
05-07 16:54:00.173 I/AccessibilityManagerService(30245): semIsAccessibilityServiceEnabled()
05-07 16:54:00.173 I/AccessibilityManagerService(30245): semIsAccessibilityServiceEnabled()
05-07 16:54:00.173 D/AS.AudioService(30245): Accessibility volume enabled = false
05-07 16:54:00.173 I/AccessibilityManagerService(30245): semIsAccessibilityServiceEnabled()
05-07 16:54:00.173 I/AccessibilityManagerService(30245): semIsAccessibilityServiceEnabled()
05-07 16:54:00.173 D/AS.AudioService(30245): Accessibility volume enabled = false
05-07 16:54:00.173 I/SafetyCenterAccessibilityListener(12475): accessibility event occurred, safety center feature not enabled.
05-07 16:54:00.174 W/NotificationManager(21363): Shedding cancel (dupe) of NotificationKey[user=UserHandle{0}, pkg=com.locnall.KimGiSa, tag=null, id=436580049], rate limit (5.0) exceeded: input 8.956666, output would be 5.5638614
05-07 16:54:00.179 I/SurfaceFlinger( 1880): RequestedLayer [WindowToken{71d8333 type=2032 android.os.Binder@c673aa2}#418216] hidden!! flag  from(1) --> to(0)
05-07 16:54:00.179 I/SurfaceFlinger( 1880): [LayerHierarchy{RequestedLayerState{WindowToken{67f2e76 type=2032 android.os.Binder@3914d11}#418215 z=3} no children}] reparent to OffscreenRoot
05-07 16:54:00.179 I/SurfaceFlinger( 1880): [LayerHierarchy{RequestedLayerState{WindowToken{67f2e76 type=2032 android.os.Binder@3914d11}#418215 z=3} no children}] RelativeParent to null
05-07 16:54:00.179 I/SurfaceFlinger( 1880): [LayerHierarchy{RequestedLayerState{WindowToken{5d2a938 type=2032 android.os.Binder@362d19b}#418214 z=2} no children}] reparent to OffscreenRoot
05-07 16:54:00.179 I/SurfaceFlinger( 1880): [LayerHierarchy{RequestedLayerState{WindowToken{5d2a938 type=2032 android.os.Binder@362d19b}#418214 z=2} no children}] RelativeParent to null
05-07 16:54:00.180 I/SurfaceFlinger( 1880): id=418214 Removed WindowToken{5d2a938 type=2032 android.os.Binder@362d19b}#418214 (314)
05-07 16:54:00.180 I/SurfaceFlinger( 1880): id=418215 Removed WindowToken{67f2e76 type=2032 android.os.Binder@3914d11}#418215 (314)
05-07 16:54:00.188 I/SurfaceFlinger( 1880): destroyed WindowToken{67f2e76 type=2032 android.os.Binder@3914d11}#418215 form LifecycleManager
05-07 16:54:00.188 I/SurfaceFlinger( 1880): destroyed WindowToken{5d2a938 type=2032 android.os.Binder@362d19b}#418214 form LifecycleManager
05-07 16:54:00.188 I/SurfaceFlinger( 1880): id=418215 onLayerDestroyed from LayerHierarchyBuilder(RequestedLayerState{WindowToken{67f2e76 type=2032 android.os.Binder@3914d11}#418215 !handle z=3})
05-07 16:54:00.188 I/SurfaceFlinger( 1880): id=418214 onLayerDestroyed from LayerHierarchyBuilder(RequestedLayerState{WindowToken{5d2a938 type=2032 android.os.Binder@362d19b}#418214 !handle z=2})
05-07 16:54:00.188 I/SurfaceFlinger( 1880): id=418215 Destroyed WindowToken{67f2e76 type=2032 android.os.Binder@3914d11}#418215
05-07 16:54:00.188 I/SurfaceFlinger( 1880): id=418214 Destroyed WindowToken{5d2a938 type=2032 android.os.Binder@362d19b}#418214
05-07 16:54:00.193 I/sensors-hal( 1767): handle_sns_std_sensor_event:90, light_cct: ts = 2605945735525574 ns; value = [326, 326, 200, 219, 326, 99, 0, 1417, 74218, 0]
05-07 16:54:00.263 W/PackageConfigPersister(30245): App-specific configuration not found for packageName: dev.antigravity.classevivaexpressive and userId: 0
05-07 16:54:00.270 E/Watchdog(30245): !@Sync: 26132 heap(MB): 259 / 268 FD: 1699 Threads: 666 [2026-05-07 16:54:00.270]
05-07 16:54:00.270 I/engmode_java_manager(30245): em library is enabled, will use library
05-07 16:54:00.270 I/engmode_java_manager(30245): android(1000, 0) connects to EngineeringModeNative
05-07 16:54:00.270 I/engmode_java_manager(30245): getStatus() is called.
05-07 16:54:00.270 I/engmode_java_manager(30245): android(1000, 0) call em(65)
05-07 16:54:00.270 I/engmode_jni(30245): EM version = 30.2.06
05-07 16:54:00.273 D/engmode_client_aidl(30245): engmodeManager_hal_getStatus
05-07 16:54:00.273 I/engmode_client_list(30245): EM_version = 40
05-07 16:54:00.273 I/engmode_client_aidl(30245): system_server. android. 1000. 0
05-07 16:54:00.273 I/engmode_client_aidl(30245): process is system_server
05-07 16:54:00.273 I/engmode_client_aidl(30245): system_server called getstatus (0x41)
05-07 16:54:00.273 I/engmode_client_list(30245): checkClient: [ProcessName = system_server]
05-07 16:54:00.273 I/engmode_client_list(30245): Signature check completed
05-07 16:54:00.273 I/engmode_client_aidl(30245): Caller check succes
05-07 16:54:00.273 I/engmode_aidl_service( 1194): Connect to service
05-07 16:54:00.273 I/engmode_binder_client( 1194): engmode client create
05-07 16:54:00.274 I/engmode_binder_client( 1194): EM version = 30.6.14
05-07 16:54:00.274 I/engmode_binder_client( 1194): engmodeclient.get_server 0xb40000742714d350
05-07 16:54:00.274 I/engmode_binder_client( 1194): get service done
05-07 16:54:00.274 I/engmode_binder_server(29884): EngineeringMode version = 30.6.14,(1194/1000)
05-07 16:54:00.274 I/engmode_binder_server(29884): (1194/1000) got mutex
05-07 16:54:00.275 I/engmode_binder_server(29884): acquire_wake_lock : wakelock-emservice
05-07 16:54:00.275 I/engmode_binder_server(29884): onTransact called with 0x00000001
05-07 16:54:00.278 I/engmode_steady(29884): read from steady(11264)
05-07 16:54:00.278 I/engmode_world(29884): Read esi
05-07 16:54:00.278 I/engmode_steady(29884): read from steady(69632)
05-07 16:54:00.278 I/engmode_world(29884): Read token
05-07 16:54:00.278 E/engmode_world(29884): Unknown token(00/00/00)
05-07 16:54:00.279 I/engmode_binder_server(29884): onTransact(0x00000001) ret 0xd0060012
05-07 16:54:00.279 E/engmode_aidl_service( 1194): error to server(0xd0060012)
05-07 16:54:00.279 I/engmode_binder_client( 1194): engmode client destructor
05-07 16:54:00.280 I/ActivityManager(30245): heapdump is not allowed
05-07 16:54:00.326 I/NSLocationMonitor(30245): getGPSUsingApps() called
05-07 16:54:00.326 I/NSLocationManager_FLP(32344): getGPSUsingApps, No change
05-07 16:54:00.333 D/FreecessHandler(30245): skipping freeze eu.spaggiari.classevivastudente(10430) result : 2
05-07 16:54:00.374 D/WifiConnectivityMonitor.NetworkStatsAnalyzer(30245): Backhaul result - RSSI:-48, CE:30, PE:29, TI:41, PTI:39, TW:0, PTW:0, Tx:36, Rx:50, TxS:26, RxS:24, RESULT:true, IC:0, ICT:5, WC:0, WCT:5, R:0, RC:0, IE:0, EC:0
05-07 16:54:00.497 I/HYPER-HAL(29885): [RequestManager.cpp]releaseLocked(): Released ID : 165632
05-07 16:54:00.498 I/HYPER-HAL(29885): [RequestManager.cpp]releaseLocked(): Released ID : 165056
05-07 16:54:00.532 I/NearbyMediums(18638): Found Fast Ble Advertisements :
05-07 16:54:00.532 I/NearbyMediums(18638): BleAdvertisement { version=2, socketVersion=2, isFast=true, serviceIdHash=null, data=[ 0x23 0x47 0x5a 0x46 0x5a 0x11 0x16 0xc3 0x53 0x9b 0x72 0x57 0x98 0xc1 0x98 0x37 0xaa 0xa7 0x01 0xbf 0xfc 0xe1 0x22 ], deviceToken=[ 0x93 0x87 ], rxAdvertisement=null } : 11 times.
05-07 16:54:00.532 I/NearbyMediums(18638): Total 11 fast advertisements from 1 unique advertisers.
05-07 16:54:00.533 I/NearbyMediums(18638): Current Tracked Scanning Clients are : {NearbyConnections.EnvironmentMonitor, NearbySharing, NearbyConnections.TxAdvertisement}
05-07 16:54:00.768 W/PackageConfigPersister(30245): App-specific configuration not found for packageName: dev.antigravity.classevivaexpressive and userId: 0
05-07 16:54:00.802 D/ExifInterface(23412): No image meets the size requirements of a thumbnail image.
05-07 16:54:00.805 D/ExifInterface(23412): No image meets the size requirements of a thumbnail image.
05-07 16:54:00.806 D/ExifInterface(23412): No image meets the size requirements of a thumbnail image.
05-07 16:54:00.822 D/ExifInterface(23412): No image meets the size requirements of a thumbnail image.
05-07 16:54:00.826 D/ExifInterface(23412): No image meets the size requirements of a thumbnail image.
05-07 16:54:00.859 D/HeatmapThread( 1864): Updated plugType via uevent: 2
05-07 16:54:00.859 I/vendor.qti.bluetooth@1.0-ibs_handler( 1760): ProcessIbsCmd: Received IBS_WAKE_IND: 0xFD
05-07 16:54:00.859 D/vendor.qti.bluetooth@1.0-ibs_handler( 1760): SerialClockVote: vote for UART CLK ON
05-07 16:54:00.859 D/vendor.qti.bluetooth@1.0-wake_lock( 1760): Acquire wakelock is acquired 
05-07 16:54:00.859 I/vendor.qti.bluetooth@1.0-ibs_handler( 1760): ProcessIbsCmd: Writing IBS_WAKE_ACK
05-07 16:54:00.861 E/BatteryDump( 1815): !@new_battery_dump : 4240,1036,1200,4189,77,337,314,358,337,0,345,353,0,Charging,NO_CHARGING,Normal,Good,USB,1,Normal,0,0,9101,0x8000,0x10010000,0x0,0,0,306,v0002,0000,0000,00000000,0,0,0,0,227,4170,7689,991,0,
05-07 16:54:00.861 I/seh_thermal_service(29890): getTemperaturesWithType SehTemperatureType: 3
05-07 16:54:00.861 I/sehhealth-service( 1815): updateLrpSysfs: write: 344
05-07 16:54:00.867 I/ScanController(31253): onScanResult to scannerId: 7- eventType=0x10, addressType=1, address=XX:XX:XX:XX:1D:B9, primaryPhy=1, secondaryPhy=0, advertisingSid=0xff, txPower=127, rssi=-46, periodicAdvInt=0x0
05-07 16:54:00.910 I/vendor.qti.bluetooth@1.0-ibs_handler( 1760): ProcessIbsCmd: Received IBS_SLEEP_IND: 0xFE
05-07 16:54:00.910 D/vendor.qti.bluetooth@1.0-ibs_handler( 1760): SerialClockVote: vote for UART CLK OFF
05-07 16:54:00.919 I/vendor.qti.bluetooth@1.0-ibs_handler( 1760): ProcessIbsCmd: Received IBS_WAKE_IND: 0xFD
05-07 16:54:00.919 D/vendor.qti.bluetooth@1.0-ibs_handler( 1760): SerialClockVote: vote for UART CLK ON
05-07 16:54:00.919 I/vendor.qti.bluetooth@1.0-ibs_handler( 1760): ProcessIbsCmd: Writing IBS_WAKE_ACK
05-07 16:54:00.922 I/ScanController(31253): onScanResult to scannerId: 3- eventType=0x10, addressType=0, address=XX:XX:XX:XX:1F:12, primaryPhy=1, secondaryPhy=0, advertisingSid=0xff, txPower=127, rssi=-69, periodicAdvInt=0x0
05-07 16:54:00.923 I/ScanController(31253): onScanResult to scannerId: 3- eventType=0x10, addressType=0, address=XX:XX:XX:XX:99:FF, primaryPhy=1, secondaryPhy=0, advertisingSid=0xff, txPower=127, rssi=-69, periodicAdvInt=0x0
05-07 16:54:00.924 I/[+0200]oneconnect[1.8.45.24_01][CORE](27637): BleParserForDaDevice.parseBlePacket - DeviceBleDa : [name][BleMac]($)A4:57[DeviceType]MICROWAVE[DeviceInfoVersion]0[DeviceStatus]1,
05-07 16:54:00.924 I/[+0200]oneconnect[1.8.45.24_01][CORE](27637): DataConvert.parseBleVd - deviceBle : |name:|deviceType:TV|discoverType:_BLE|services:None|connected:false[TvStatusString]POWER_OFF[TvStatus]-128[TvService]102[TvMirrorChannel]1[TvRegisteredDB][-103, 10, -125, 101, 37, 0][TvYear]2016[TvOcfInfo]0[TvAcmStatus]0[ExTvStatus]0[ExtendedStatus]-1[ModuloSn]-1
05-07 16:54:00.936 I/AfterimageCompensationService(30245): AfcThread mLuminance : 146 , AfpcPeriodCount : 2140 , rotation : 0 , AOD : false
05-07 16:54:00.936 D/mAFPC_ABC(30245): [READ] Start nativeDataRead : size : 1
05-07 16:54:00.936 I/SurfaceComposerClient(30245): captureDisplay:Display-4630946249045481107
05-07 16:54:00.936 I/SnapAlloc( 1796): Using graphics libs for alignment calculations
05-07 16:54:00.937 I/SurfaceFlinger( 1880): Capture layer list: 	 dev.antigravity.classevivaexpressive/dev.antigravity.classevivaexpressive.MainActivity$_24886#418125(preserveDisplayColors:0)
05-07 16:54:00.937 I/SurfaceFlinger( 1880): Capture layer list: 	 StatusBar$_31394#172795(preserveDisplayColors:0)
05-07 16:54:00.937 I/SurfaceFlinger( 1880): Capture layer list: 	 com.sec.android.app.launcher/com.samsung.app.honeyspace.edge.edgepanel.app.CocktailBarService$_26305#418101(preserveDisplayColors:0)
05-07 16:54:00.937 I/SurfaceFlinger( 1880): Capture layer list: 	 NavigationBar0$_31394#172791(preserveDisplayColors:0)
05-07 16:54:00.938 D/SurfaceFlinger( 1880): [SEC_SF_EFFECTS] drawLayersInternal,1334, Rendering layer ScreenCaptureFillLayer at index 0
05-07 16:54:00.938 D/SurfaceFlinger( 1880): [SEC_SF_EFFECTS] drawLayersInternal,1334, Rendering layer dev.antigravity.classevivaexpressive/dev.antigravity.classevivaexpressive.MainActivity$_24886#418125 at index 1
05-07 16:54:00.939 D/SurfaceFlinger( 1880): [SEC_SF_EFFECTS] drawLayersInternal,1334, Rendering layer StatusBar$_31394#172795 at index 2
05-07 16:54:00.939 D/SurfaceFlinger( 1880): [SEC_SF_EFFECTS] drawLayersInternal,1334, Rendering layer com.sec.android.app.launcher/com.samsung.app.honeyspace.edge.edgepanel.app.CocktailBarService$_26305#418101 at index 3
05-07 16:54:00.939 D/SurfaceFlinger( 1880): [SEC_SF_EFFECTS] drawLayersInternal,1334, Rendering layer NavigationBar0$_31394#172791 at index 4
05-07 16:54:00.947 D/mAFPC_ABC(30245): [READ] luminance = 146
05-07 16:54:00.947 D/mAFPC_ABC(30245): [READ] w = 1080, h = 2340, s = 8, f = 4, s_size = 10183680, luminance = 146, count = 2140, captureOrientation = 0
05-07 16:54:00.950 I/ScanController(31253): onScanResult to scannerId: 7- eventType=0x10, addressType=1, address=XX:XX:XX:XX:1D:B9, primaryPhy=1, secondaryPhy=0, advertisingSid=0xff, txPower=127, rssi=-46, periodicAdvInt=0x0
05-07 16:54:00.978 W/PackageConfigPersister(30245): App-specific configuration not found for packageName: dev.antigravity.classevivaexpressive and userId: 0
05-07 16:54:00.979 E/mAFPC_ABC(30245): [READ] [TYPE : 0] saProcess : 0
05-07 16:54:00.979 D/mAFPC_ABC(30245): [READ] END nativeDataRead
05-07 16:54:00.990 I/vendor.qti.bluetooth@1.0-ibs_handler( 1760): ProcessIbsCmd: Received IBS_SLEEP_IND: 0xFE
05-07 16:54:00.990 D/vendor.qti.bluetooth@1.0-ibs_handler( 1760): SerialClockVote: vote for UART CLK OFF
05-07 16:54:01.079 D/io_stats( 1093): !@   8,0 r 472649527 14170352068 w 106403540 2382842208 d 11899656 2088341540 f 1576801 7906040 iot 35810132 0 th 0 0 0 pt 0 inp 0 0 1466500.584
05-07 16:54:01.137 I/EPDG-0 [WifiProfiler](30864): handleWifiRssiIntent, rssi=-48
05-07 16:54:01.140 I/EPDG-0 [WifiProfiler](30864): isProfiling, hash=20724337, started=true
05-07 16:54:01.140 D/vendor.qti.bluetooth@1.0-wake_lock( 1760): Release wakelock is released 
05-07 16:54:01.140 I/EPDG-0 [LogMetrics](30864): set, type=WIFI_RSSI_LAST, value=-48
05-07 16:54:01.141 I/EPDG-0 [WifiProfiler](30864): isProfiling, hash=20724337, started=true
05-07 16:54:01.143 I/EPDG-0 [WifiProfiler](30864): Rssi : -48 highrange : -71 lowrange : -80 mIsRssiInHystersis : false
05-07 16:54:01.143 I/EPDG-0 [WifiProfiler](30864): Rssi : -48 highrange : -71 lowrange : -80 mIsRssiInHystersis : false
05-07 16:54:01.143 I/EPDG-0 [Subscription](30864): isEpdgAvailable, IwlanPsState=2/2
05-07 16:54:01.143 I/EPDG-0 [WifiProfiler](30864): getHandoverThresholdMet: value is: false
05-07 16:54:01.182 D/SemCscFeature(28693): Encoded
05-07 16:54:01.189 W/MediaProvider(32502): isAppCloneUserPair for user 0: false
05-07 16:54:01.194 D/SyncManager(30245): userId - 0 auto - true
05-07 16:54:01.196 D/SyncManager(30245): userId - 0 auto - true
05-07 16:54:01.207 I/AccessibilityNodeInfoDumper(28693): Skipping invisible child: android.view.accessibility.AccessibilityNodeInfo@c656; boundsInParent: Rect(0, 0 - 0, 0); boundsInScreen: Rect(37, 2140 - 163, 2266); boundsInWindow: Rect(37, 2140 - 163, 2266); packageName: dev.antigravity.classevivaexpressive; className: android.view.View; text: null; error: null; maxTextLength: -1; stateDescription: null; contentDescription: null; tooltipText: null; containerTitle: null; viewIdResName: null; uniqueId: null; checkable: false; checked: false; focusable: false; focused: false; selected: false; clickable: false; longClickable: false; contextClickable: false; enabled: true; password: false; scrollable: false; granularScrollingSupported: false; importantForAccessibility: false; visible: false; actions: [AccessibilityAction: ACTION_ACCESSIBILITY_FOCUS - null]; isTextSelectable: false
05-07 16:54:01.210 I/AccessibilityNodeInfoDumper(28693): Skipping invisible child: android.view.accessibility.AccessibilityNodeInfo@c76d; boundsInParent: Rect(0, 0 - 0, 0); boundsInScreen: Rect(257, 2140 - 383, 2266); boundsInWindow: Rect(257, 2140 - 383, 2266); packageName: dev.antigravity.classevivaexpressive; className: android.view.View; text: null; error: null; maxTextLength: -1; stateDescription: null; contentDescription: null; tooltipText: null; containerTitle: null; viewIdResName: null; uniqueId: null; checkable: false; checked: false; focusable: false; focused: false; selected: false; clickable: false; longClickable: false; contextClickable: false; enabled: true; password: false; scrollable: false; granularScrollingSupported: false; importantForAccessibility: false; visible: false; actions: [AccessibilityAction: ACTION_ACCESSIBILITY_FOCUS - null]; isTextSelectable: false
05-07 16:54:01.212 I/AccessibilityNodeInfoDumper(28693): Skipping invisible child: android.view.accessibility.AccessibilityNodeInfo@c884; boundsInParent: Rect(0, 0 - 0, 0); boundsInScreen: Rect(477, 2140 - 603, 2266); boundsInWindow: Rect(477, 2140 - 603, 2266); packageName: dev.antigravity.classevivaexpressive; className: android.view.View; text: null; error: null; maxTextLength: -1; stateDescription: null; contentDescription: null; tooltipText: null; containerTitle: null; viewIdResName: null; uniqueId: null; checkable: false; checked: false; focusable: false; focused: false; selected: false; clickable: false; longClickable: false; contextClickable: false; enabled: true; password: false; scrollable: false; granularScrollingSupported: false; importantForAccessibility: false; visible: false; actions: [AccessibilityAction: ACTION_ACCESSIBILITY_FOCUS - null]; isTextSelectable: false
05-07 16:54:01.216 I/ActivityManager(30245): Changes in 10117 19 to 8, 0 to 384
05-07 16:54:01.219 I/AccessibilityNodeInfoDumper(28693): Skipping invisible child: android.view.accessibility.AccessibilityNodeInfo@c99b; boundsInParent: Rect(0, 0 - 0, 0); boundsInScreen: Rect(697, 2140 - 823, 2266); boundsInWindow: Rect(697, 2140 - 823, 2266); packageName: dev.antigravity.classevivaexpressive; className: android.view.View; text: null; error: null; maxTextLength: -1; stateDescription: null; contentDescription: null; tooltipText: null; containerTitle: null; viewIdResName: null; uniqueId: null; checkable: false; checked: false; focusable: false; focused: false; selected: false; clickable: false; longClickable: false; contextClickable: false; enabled: true; password: false; scrollable: false; granularScrollingSupported: false; importantForAccessibility: false; visible: false; actions: [AccessibilityAction: ACTION_ACCESSIBILITY_FOCUS - null]; isTextSelectable: false
05-07 16:54:01.221 I/NetworkScheduler.Stats(18638): (REDACTED) Task %s/%s started execution. cause:%s exec_start_elapsed_seconds: %s
05-07 16:54:01.224 I/NetworkScheduler.Stats(18638): (REDACTED) Task %s/%s finished executing. cause:%s result: %s elapsed_millis: %s uptime_millis: %s exec_start_elapsed_seconds: %s
05-07 16:54:01.225 I/ActivityManager(30245): Changes in 10117 10 to 19, 384 to 0
05-07 16:54:01.228 W/AccessibilityNodeInfoDumper(28693): Fetch time: 42ms
05-07 16:54:01.228 V/AccessibilityManagerService(30245): onUserStateChangedLocked for userId: 0, forceUpdate: false
05-07 16:54:01.229 I/SurfaceFlinger( 1880): Current= 120, Period= 120, Distance= 1
05-07 16:54:01.230 I/ActivityManager(30245): Changes in 10160 4 to 4, 505 to 511
05-07 16:54:01.230 D/BackgroundInstallControlService(30245): Package event received: 0
05-07 16:54:01.231 D/BackgroundInstallControlService(30245): Package event received: 0
05-07 16:54:01.231 D/BackgroundInstallControlService(30245): Package event received: 0
05-07 16:54:01.231 I/ActivityManager(30245): Changes in 10255 19 to 5, 0 to 511
05-07 16:54:01.231 D/BackgroundInstallControlService(30245): Package event received: 0
05-07 16:54:01.232 D/MagnificationConnectionManager(30245): requestConnection :false mConnectionState : 3
05-07 16:54:01.232 W/MagnificationConnectionManager(30245): requestConnection duplicated request: connect=false, mConnectionState=DISCONNECTED
05-07 16:54:01.232 D/AccessibilityManagerService(30245): restoreCurrentUserForTestAutomationIfNeededLocked(): ignoring because device doesn't support visible background users
05-07 16:54:01.233 I/KineStop(28308): [07May 16:54:01.233, main]: DDC: Accessibility onCreate null
05-07 16:54:01.233 W/libbinder.IPCThreadState(30245): Sending oneway calls to frozen process.
05-07 16:54:01.233 W/libbinder.IPCThreadState(30245): Sending oneway calls to frozen process.
05-07 16:54:01.233 V/WindowManager(30245): Computed rotation=ROTATION_0 (0) for display id=0 based on lastOrientation=SCREEN_ORIENTATION_UNSPECIFIED (-1) and oldRotation=ROTATION_0 (0), caller=com.android.server.wm.WindowManagerService.updateRotationUnchecked:82 com.android.server.wm.WindowManagerService.thawDisplayRotation:126 com.android.server.wm.WindowManagerService.thawRotation:2 android.view.IWindowManager$Stub.onTransact:3776 com.android.server.wm.WindowManagerService.onTransact:1 android.os.Binder.execTransactInternal:1509 
05-07 16:54:01.233 W/libbinder.IPCThreadState(30245): Sending oneway calls to frozen process.
05-07 16:54:01.233 W/libbinder.IPCThreadState(30245): Sending oneway calls to frozen process.
05-07 16:54:01.233 W/libbinder.IPCThreadState(30245): Sending oneway calls to frozen process.
05-07 16:54:01.233 W/libbinder.IPCThreadState(30245): Sending oneway calls to frozen process.
05-07 16:54:01.234 D/BackgroundInstallControlService(30245): Package event received: 0
05-07 16:54:01.234 D/AndroidRuntime(28693): Shutting down VM
05-07 16:54:01.234 W/libbinder.IPCThreadState(28693): call to talkWithDriver in joinThreadPool returned error: -9 (Bad file descriptor), FD: -1
05-07 16:54:01.234 W/libbinder.IPCThreadState(28693): call to talkWithDriver in joinThreadPool returned error: -9 (Bad file descriptor), FD: -1
05-07 16:54:01.234 W/libbinder.IPCThreadState(28693): call to talkWithDriver in joinThreadPool returned error: -9 (Bad file descriptor), FD: -1
05-07 16:54:01.234 W/libbinder.IPCThreadState(30245): Sending oneway calls to frozen process.
05-07 16:54:01.234 W/libbinder.IPCThreadState(30245): Sending oneway calls to frozen process.
05-07 16:54:01.234 W/libbinder.IPCThreadState(30245): Sending oneway calls to frozen process.
05-07 16:54:01.234 W/libbinder.IPCThreadState(30245): Sending oneway calls to frozen process.
05-07 16:54:01.235 W/libbinder.IPCThreadState(30245): Sending oneway calls to frozen process.
05-07 16:54:01.235 W/libbinder.IPCThreadState(30245): Sending oneway calls to frozen process.
05-07 16:54:01.235 W/libbinder.IPCThreadState(30245): Sending oneway calls to frozen process.
05-07 16:54:01.235 W/libbinder.IPCThreadState(30245): Sending oneway calls to frozen process.
05-07 16:54:01.235 W/libbinder.IPCThreadState(30245): Sending oneway calls to frozen process.
05-07 16:54:01.235 W/libbinder.IPCThreadState(30245): Sending oneway calls to frozen process.
05-07 16:54:01.235 W/libbinder.IPCThreadState(30245): Sending oneway calls to frozen process.
05-07 16:54:01.235 W/libbinder.IPCThreadState(30245): Sending oneway calls to frozen process.
05-07 16:54:01.235 W/libbinder.IPCThreadState(30245): Sending oneway calls to frozen process.
05-07 16:54:01.235 W/libbinder.IPCThreadState(30245): Sending oneway calls to frozen process.
05-07 16:54:01.236 W/libbinder.IPCThreadState(30245): Sending oneway calls to frozen process.
05-07 16:54:01.236 W/libbinder.IPCThreadState(30245): Sending oneway calls to frozen process.
05-07 16:54:01.236 W/libbinder.IPCThreadState(30245): Sending oneway calls to frozen process.
05-07 16:54:01.236 W/libbinder.IPCThreadState(30245): Sending oneway calls to frozen process.
05-07 16:54:01.236 I/SurfaceFlinger( 1880): id=418217 createSurf, flag=84004, WindowToken{dcc4a81 type=2032 android.os.Binder@bae7668}#418217
05-07 16:54:01.236 V/AccessibilityManagerService(30245): onUserStateChangedLocked for userId: 0, forceUpdate: false
05-07 16:54:01.236 D/MagnificationConnectionManager(30245): requestConnection :false mConnectionState : 3
05-07 16:54:01.236 W/MagnificationConnectionManager(30245): requestConnection duplicated request: connect=false, mConnectionState=DISCONNECTED
05-07 16:54:01.237 I/SurfaceFlinger( 1880): id=418218 createSurf, flag=84004, WindowToken{91a3f67 type=2032 android.os.Binder@f753726}#418218
05-07 16:54:01.237 V/AccessibilityManagerService(30245): onUserStateChangedLocked for userId: 0, forceUpdate: false
05-07 16:54:01.238 I/SurfaceFlinger( 1880): [LayerHierarchy{RequestedLayerState{WindowToken{71d8333 type=2032 android.os.Binder@c673aa2}#418216 z=2} no children}] reparent to OffscreenRoot
05-07 16:54:01.238 I/SurfaceFlinger( 1880): [LayerHierarchy{RequestedLayerState{WindowToken{71d8333 type=2032 android.os.Binder@c673aa2}#418216 z=2} no children}] RelativeParent to null
05-07 16:54:01.238 I/SurfaceFlinger( 1880): [WindowToken{dcc4a81 type=2032 android.os.Binder@bae7668}#418217] attach to parent LayerHierarchy{RequestedLayerState{Leaf:26:31#172732 parentId=172731} 3 children}
05-07 16:54:01.238 I/SurfaceFlinger( 1880): [WindowToken{91a3f67 type=2032 android.os.Binder@f753726}#418218] attach to parent LayerHierarchy{RequestedLayerState{Leaf:26:31#172732 parentId=172731} 4 children}
05-07 16:54:01.238 D/MagnificationConnectionManager(30245): requestConnection :false mConnectionState : 3
05-07 16:54:01.238 W/MagnificationConnectionManager(30245): requestConnection duplicated request: connect=false, mConnectionState=DISCONNECTED
05-07 16:54:01.238 I/SurfaceFlinger( 1880): Current= 120, Period= 120, Distance= 120
05-07 16:54:01.238 I/SurfaceFlinger( 1880): id=418216 Removed WindowToken{71d8333 type=2032 android.os.Binder@c673aa2}#418216 (314)
05-07 16:54:01.239 W/libbinder.IPCThreadState(30245): Sending oneway calls to frozen process.
05-07 16:54:01.239 I/SafetyCenterAccessibilityListener(12475): accessibility event occurred, safety center feature not enabled.
05-07 16:54:01.239 W/libbinder.IPCThreadState(30245): Sending oneway calls to frozen process.
05-07 16:54:01.239 W/libbinder.IPCThreadState(30245): Sending oneway calls to frozen process.
05-07 16:54:01.239 W/libbinder.IPCThreadState(30245): Sending oneway calls to frozen process.
05-07 16:54:01.239 W/libbinder.IPCThreadState(30245): Sending oneway calls to frozen process.
05-07 16:54:01.239 W/libbinder.IPCThreadState(30245): Sending oneway calls to frozen process.
05-07 16:54:01.239 W/libbinder.IPCThreadState(30245): Sending oneway calls to frozen process.
05-07 16:54:01.239 W/libbinder.IPCThreadState(30245): Sending oneway calls to frozen process.
05-07 16:54:01.239 W/libbinder.IPCThreadState(30245): Sending oneway calls to frozen process.
05-07 16:54:01.239 W/libbinder.IPCThreadState(30245): Sending oneway calls to frozen process.
05-07 16:54:01.239 W/libbinder.IPCThreadState(30245): Sending oneway calls to frozen process.
05-07 16:54:01.239 W/libbinder.IPCThreadState(30245): Sending oneway calls to frozen process.
05-07 16:54:01.240 W/libbinder.IPCThreadState(30245): Sending oneway calls to frozen process.
05-07 16:54:01.240 W/libbinder.IPCThreadState(30245): Sending oneway calls to frozen process.
05-07 16:54:01.240 W/libbinder.IPCThreadState(30245): Sending oneway calls to frozen process.
05-07 16:54:01.240 W/libbinder.IPCThreadState(30245): Sending oneway calls to frozen process.
05-07 16:54:01.240 W/libbinder.IPCThreadState(30245): Sending oneway calls to frozen process.
05-07 16:54:01.240 W/libbinder.IPCThreadState(30245): Sending oneway calls to frozen process.
05-07 16:54:01.240 W/libbinder.IPCThreadState(30245): Sending oneway calls to frozen process.
05-07 16:54:01.240 W/libbinder.IPCThreadState(30245): Sending oneway calls to frozen process.
05-07 16:54:01.241 W/libbinder.IPCThreadState(30245): Sending oneway calls to frozen process.
05-07 16:54:01.241 W/libbinder.IPCThreadState(30245): Sending oneway calls to frozen process.
05-07 16:54:01.241 W/libbinder.IPCThreadState(30245): Sending oneway calls to frozen process.
05-07 16:54:01.241 W/libbinder.IPCThreadState(30245): Sending oneway calls to frozen process.
05-07 16:54:01.242 W/libbinder.IPCThreadState(30245): Sending oneway calls to frozen process.
05-07 16:54:01.242 W/libbinder.IPCThreadState(30245): Sending oneway calls to frozen process.
05-07 16:54:01.243 W/libbinder.IPCThreadState(30245): Sending oneway calls to frozen process.
05-07 16:54:01.243 W/libbinder.IPCThreadState(30245): Sending oneway calls to frozen process.
05-07 16:54:01.243 W/libbinder.IPCThreadState(30245): Sending oneway calls to frozen process.
05-07 16:54:01.243 W/libbinder.IPCThreadState(30245): Sending oneway calls to frozen process.
05-07 16:54:01.243 W/libbinder.IPCThreadState(30245): Sending oneway calls to frozen process.
05-07 16:54:01.243 W/libbinder.IPCThreadState(30245): Sending oneway calls to frozen process.
05-07 16:54:01.243 W/libbinder.IPCThreadState(30245): Sending oneway calls to frozen process.
05-07 16:54:01.243 W/libbinder.IPCThreadState(30245): Sending oneway calls to frozen process.
05-07 16:54:01.243 W/libbinder.IPCThreadState(30245): Sending oneway calls to frozen process.
05-07 16:54:01.243 W/libbinder.IPCThreadState(30245): Sending oneway calls to frozen process.
05-07 16:54:01.244 W/libbinder.IPCThreadState(30245): Sending oneway calls to frozen process.
05-07 16:54:01.244 E/KnoxZtManager(28308): java.lang.NullPointerException: Attempt to invoke interface method 'void com.samsung.android.knox.zt.IKnoxZtManager.onFrameworkEventOccurred(int, int, android.os.PersistableBundle)' on a null object reference
05-07 16:54:01.244 I/SafetyCenterAccessibilityListener(12475): accessibility event occurred, safety center feature not enabled.
05-07 16:54:01.244 W/libbinder.IPCThreadState(30245): Sending oneway calls to frozen process.
05-07 16:54:01.244 W/libbinder.IPCThreadState(30245): Sending oneway calls to frozen process.
05-07 16:54:01.244 W/libbinder.IPCThreadState(30245): Sending oneway calls to frozen process.
05-07 16:54:01.244 W/libbinder.IPCThreadState(30245): Sending oneway calls to frozen process.
05-07 16:54:01.244 W/libbinder.IPCThreadState(30245): Sending oneway calls to frozen process.
05-07 16:54:01.244 W/libbinder.IPCThreadState(30245): Sending oneway calls to frozen process.
05-07 16:54:01.244 W/libbinder.IPCThreadState(30245): Sending oneway calls to frozen process.
05-07 16:54:01.244 W/libbinder.IPCThreadState(30245): Sending oneway calls to frozen process.
05-07 16:54:01.244 W/libbinder.IPCThreadState(30245): Sending oneway calls to frozen process.
05-07 16:54:01.244 W/libbinder.IPCThreadState(30245): Sending oneway calls to frozen process.
05-07 16:54:01.244 W/libbinder.IPCThreadState(30245): Sending oneway calls to frozen process.
05-07 16:54:01.245 W/libbinder.IPCThreadState(30245): Sending oneway calls to frozen process.
05-07 16:54:01.245 W/libbinder.IPCThreadState(30245): Sending oneway calls to frozen process.
05-07 16:54:01.245 W/libbinder.IPCThreadState(30245): Sending oneway calls to frozen process.
05-07 16:54:01.245 W/libbinder.IPCThreadState(30245): Sending oneway calls to frozen process.
05-07 16:54:01.245 W/libbinder.IPCThreadState(30245): Sending oneway calls to frozen process.
05-07 16:54:01.245 W/libbinder.IPCThreadState(30245): Sending oneway calls to frozen process.
05-07 16:54:01.245 W/libbinder.IPCThreadState(30245): Sending oneway calls to frozen process.
05-07 16:54:01.245 W/libbinder.IPCThreadState(30245): Sending oneway calls to frozen process.
05-07 16:54:01.245 W/libbinder.IPCThreadState(30245): Sending oneway calls to frozen process.
05-07 16:54:01.245 W/libbinder.IPCThreadState(30245): Sending oneway calls to frozen process.
05-07 16:54:01.245 W/libbinder.IPCThreadState(30245): Sending oneway calls to frozen process.
05-07 16:54:01.245 W/libbinder.IPCThreadState(30245): Sending oneway calls to frozen process.
05-07 16:54:01.245 I/AccessibilityManagerService(30245): semIsAccessibilityServiceEnabled()
05-07 16:54:01.245 I/AccessibilityManagerService(30245): semIsAccessibilityServiceEnabled()
05-07 16:54:01.245 D/AS.AudioService(30245): Accessibility volume enabled = false
05-07 16:54:01.245 I/AccessibilityManagerService(30245): semIsAccessibilityServiceEnabled()
05-07 16:54:01.246 I/AccessibilityManagerService(30245): semIsAccessibilityServiceEnabled()
05-07 16:54:01.246 D/AS.AudioService(30245): Accessibility volume enabled = false
05-07 16:54:01.246 E/KnoxZtManager(31565): java.lang.NullPointerException: Attempt to invoke interface method 'void com.samsung.android.knox.zt.IKnoxZtManager.onFrameworkEventOccurred(int, int, android.os.PersistableBundle)' on a null object reference
05-07 16:54:01.246 I/SurfaceFlinger( 1880): RequestedLayer [WindowToken{dcc4a81 type=2032 android.os.Binder@bae7668}#418217] hidden!! flag  from(1) --> to(0)
05-07 16:54:01.246 I/SurfaceFlinger( 1880): RequestedLayer [WindowToken{91a3f67 type=2032 android.os.Binder@f753726}#418218] hidden!! flag  from(1) --> to(0)
05-07 16:54:01.246 I/SurfaceFlinger( 1880): destroyed WindowToken{71d8333 type=2032 android.os.Binder@c673aa2}#418216 form LifecycleManager
05-07 16:54:01.246 I/SurfaceFlinger( 1880): id=418216 onLayerDestroyed from LayerHierarchyBuilder(RequestedLayerState{WindowToken{71d8333 type=2032 android.os.Binder@c673aa2}#418216 !handle z=2})
05-07 16:54:01.246 I/SurfaceFlinger( 1880): id=418216 Destroyed WindowToken{71d8333 type=2032 android.os.Binder@c673aa2}#418216
05-07 16:54:01.264 W/PackageConfigPersister(30245): App-specific configuration not found for packageName: dev.antigravity.classevivaexpressive and userId: 0
05-07 16:54:01.264 I/SemWifiServiceDetector(30245): Service det. resumed: T / T / 6547
05-07 16:54:01.390 I/sensors-hal( 1767): handle_sns_client_event:379, [0][54519722] accel_sample [ 0.211, -0.031,  9.748] 2605946874610760
05-07 16:54:01.594 I/bluetooth(31253): system/gd/hci/le_advertising_manager_impl.cc:871 set_advertising_set_random_address_on_timer: Scheduling address rotation for advertiser_id=2
05-07 16:54:01.594 I/bluetooth(31253): system/gd/hci/le_address_manager.cc:589 GetNextPrivateAddressIntervalRange: client=advertising_set_2, nonwake=8m58s, wake=14m34s
05-07 16:54:01.595 D/vendor.qti.bluetooth@1.0-ibs_handler( 1760): SerialClockVote: vote for UART CLK ON
05-07 16:54:01.597 D/vendor.qti.bluetooth@1.0-wake_lock( 1760): Acquire wakelock is acquired 
05-07 16:54:01.597 I/vendor.qti.bluetooth@1.0-ibs_handler( 1760): DeviceWakeUp: Writing IBS_WAKE_IND
