--------- beginning of main
05-07 16:53:58.826 I/HoneySpace.BadgeDataSourceImpl(26305): BadgeProvider Update Event org.telegram.messenger/org.telegram.messenger.VintageIcon/UserHandle{0}: 2322 -> 2323
05-07 16:53:58.826 I/HoneySpace.PackageEventOperator(26305): [AbsFolderViewModel|14] badge count is updated. org.telegram.messenger/.VintageIcon#UserHandle{0}|15 : 0
05-07 16:53:58.826 I/HoneySpace.PackageEventOperator(26305): [WorkspaceViewModel] badge count is updated. org.telegram.messenger/.VintageIcon#UserHandle{0}|15 : 0
05-07 16:53:58.826 I/HoneySpace.PackageEventOperator(26305): [VerticalApplistViewModel] badge count is updated. org.telegram.messenger/.VintageIcon#UserHandle{0}|78 : 0
05-07 16:53:58.826 I/HoneySpace.PackageEventOperator(26305): [AbsFolderViewModel|73] badge count is updated. org.telegram.messenger/.VintageIcon#UserHandle{0}|78 : 0
05-07 16:53:58.828 I/HoneySpace.BadgeDataSourceImpl(26305): Cursor is null
05-07 16:53:58.828 I/BadgeProvider( 6802): query, [calling package]: com.sec.android.app.launcher, [selection]: null
05-07 16:53:58.829 I/HoneySpace.BadgeDataSourceImpl(26305): Cursor is null
05-07 16:53:58.838 I/SSS:TextClassifierDelegateFactory(32588): getDefaultTextClassifier()
05-07 16:53:58.863 I/Kumiho-Kumiho(23412): getPackageName: org.telegram.messenger
05-07 16:53:58.863 I/Kumiho-Kumiho(23412): getPackageName: org.telegram.messenger
05-07 16:53:58.864 I/Kumiho-Kumiho(23412): getPackageName: org.telegram.messenger
05-07 16:53:58.864 I/Kumiho-Kumiho(23412): getPackageName: org.telegram.messenger
05-07 16:53:58.864 I/Kumiho-Kumiho(23412): getPackageName: org.telegram.messenger
05-07 16:53:58.864 I/Kumiho-Kumiho(23412): getPackageName: org.telegram.messenger
05-07 16:53:58.864 I/Kumiho-Kumiho(23412): getPackageName: org.telegram.messenger
05-07 16:53:58.864 I/Kumiho-Kumiho(23412): getPackageName: org.telegram.messenger
05-07 16:53:58.867 I/Kumiho-Kumiho(23412): getPackageName: org.telegram.messenger
05-07 16:53:58.867 I/Kumiho-Kumiho(23412): getPackageName: org.telegram.messenger
--------- beginning of system
05-07 16:53:58.867 I/ActivityManager(30245): Changes in 10531 10 to 16, 384 to 128
05-07 16:53:58.868 I/ActivityManager(30245): Changes in 10279 10 to 17, 384 to 128
05-07 16:53:58.868 I/Kumiho-Kumiho(23412): getPackageName: org.telegram.messenger
05-07 16:53:58.868 I/Kumiho-Kumiho(23412): getPackageName: org.telegram.messenger
05-07 16:53:58.869 I/Kumiho-Kumiho(23412): getPackageName: org.telegram.messenger
05-07 16:53:58.869 I/Kumiho-Kumiho(23412): getPackageName: org.telegram.messenger
05-07 16:53:58.870 I/Kumiho-Kumiho(23412): getPackageName: org.telegram.messenger
05-07 16:53:58.870 I/Kumiho-Kumiho(23412): getPackageName: org.telegram.messenger
05-07 16:53:58.871 I/Kumiho-Kumiho(23412): getPackageName: org.telegram.messenger
05-07 16:53:58.872 I/Kumiho-Kumiho(23412): getPackageName: org.telegram.messenger
05-07 16:53:58.873 I/Kumiho-Kumiho(23412): getPackageName: org.telegram.messenger
05-07 16:53:58.873 I/Kumiho-Kumiho(23412): getPackageName: org.telegram.messenger
05-07 16:53:58.919 I/SemExecuteManagerService(30245): onShortcutChanged: org.telegram.messenger0
05-07 16:53:58.927 I/HoneySpace.PackageOperationTracker(26305): onShortcutsChanged org.telegram.messenger - 5 UserHandle{0}
05-07 16:53:58.928 I/HoneySpace.ShortcutDataSourceImpl(26305): shortcut updated. ShortcutInfo {id=***, flags=0x485 [DynIc-rStrRets], packageName=org.telegram.messenger, activity=ComponentInfo{org.telegram.messenger/org.telegram.messenger.VintageIcon}, shortLabel=***, resId=0[null], longLabel=***, resId=0[null], disabledMessage=***, resId=0[null], disabledReason=[Not disabled], categories={org.telegram.messenger.SHORTCUT_SHARE}, persons=null, icon=null, rank=1, timestamp=1778165638819, intents=null, extras=null}
05-07 16:53:58.928 I/HoneySpace.ShortcutDataSourceImpl(26305): shortcut updated. ShortcutInfo {id=***, flags=0x485 [DynIc-rStrRets], packageName=org.telegram.messenger, activity=ComponentInfo{org.telegram.messenger/org.telegram.messenger.VintageIcon}, shortLabel=***, resId=0[null], longLabel=***, resId=0[null], disabledMessage=***, resId=0[null], disabledReason=[Not disabled], categories=null, persons=null, icon=null, rank=0, timestamp=1778165638819, intents=null, extras=null}
05-07 16:53:58.928 I/HoneySpace.ShortcutDataSourceImpl(26305): shortcut updated. ShortcutInfo {id=***, flags=0x485 [DynIc-rStrRets], packageName=org.telegram.messenger, activity=ComponentInfo{org.telegram.messenger/org.telegram.messenger.VintageIcon}, shortLabel=***, resId=0[null], longLabel=***, resId=0[null], disabledMessage=***, resId=0[null], disabledReason=[Not disabled], categories={org.telegram.messenger.SHORTCUT_SHARE}, persons=null, icon=null, rank=2, timestamp=1778165638819, intents=null, extras=null}
05-07 16:53:58.929 I/HoneySpace.HoneySpaceManagerContainer(26305): packageUpdateEvent - com.honeyspace.sdk.source.entity.PackageOperation$ShortcutChanged@3d6d1a0
05-07 16:53:58.929 I/HoneySpace.HistoryViewModel@33169521@OneUI(26305): handlePackageEvent
05-07 16:53:58.929 I/HoneySpace.HistoryViewModel@33169521@OneUI(26305): skip for alone
05-07 16:53:58.957 W/PackageConfigPersister(30245): App-specific configuration not found for packageName: dev.antigravity.classevivaexpressive and userId: 0
05-07 16:53:58.985 I/vendor.qti.bluetooth@1.0-ibs_handler( 1760): ProcessIbsCmd: Received IBS_WAKE_IND: 0xFD
05-07 16:53:58.985 D/vendor.qti.bluetooth@1.0-ibs_handler( 1760): SerialClockVote: vote for UART CLK ON
05-07 16:53:58.986 D/vendor.qti.bluetooth@1.0-wake_lock( 1760): Acquire wakelock is acquired 
05-07 16:53:58.986 I/vendor.qti.bluetooth@1.0-ibs_handler( 1760): ProcessIbsCmd: Writing IBS_WAKE_ACK
05-07 16:53:58.993 I/ScanController(31253): onScanResult to scannerId: 7- eventType=0x10, addressType=1, address=XX:XX:XX:XX:1D:B9, primaryPhy=1, secondaryPhy=0, advertisingSid=0xff, txPower=127, rssi=-51, periodicAdvInt=0x0
05-07 16:53:58.995 D/InputDispatcher(30245): Inject key (28677/2000): action=0, f=0x0, d=-1, time=1466498500000000
05-07 16:53:58.995 D/PhoneWindowManager(30245): interceptKeyTq keycode=4 interactive=true keyguardActive=false policyFlags=2b000000
05-07 16:53:58.995 D/SingleKeyGesture(30245): interceptKeyDown, info : KeyCode=KEYCODE_UNKNOWN, size=0
05-07 16:53:58.995 D/PhoneWindowManagerExt(30245): interceptKeyTq code=4 down=true repeatCount=0 displayId=-1 interactive=true powerCombination=false
05-07 16:53:58.995 D/PhoneWindowManager(30245): interceptKeyTq interceptKeyResult=4
05-07 16:53:58.996 D/PowerManagerService(30245): [api] userActivityFromNative : button displayId=0 eventTime=1466498500
05-07 16:53:58.996 D/PhoneWindowManager(30245): interceptKeyTi keyCode=4 action=0 repeatCount=0 keyguardOn=false canceled=false
05-07 16:53:58.996 D/PhoneWindowManagerExt(30245): interceptKeyTi code=4 down=true repeatCount=0 displayId=0 interactive=true
05-07 16:53:58.996 I/InputDispatcher(30245): Delivering key to (24886): B action: 0x0 (0), f=0x0, m=0x0, d=0, 'bdbcb84'
05-07 16:53:58.996 I/SemDvfsHyPerManager(  543): acquire hyper - TATouchBoost/543@31, type = -999
05-07 16:53:58.996 I/SemDvfsHyPerManager(  543): acquire hyper - TA_TOUCH_SHARE/543@32, type = -999
05-07 16:53:58.996 I/HYPER-HAL(29885): [RequestManager.cpp]acquire(): Acquired ID : 165056 [543 / 31]  HINT :     list : [TABoost / 1] [TIMEOUT / 1500] 
05-07 16:53:58.997 I/HYPER-HAL(29885): [RequestManager.cpp]acquire(): Acquired ID : 165632 [543 / 32]  HINT : TA_TOUCH_SHARE   list : [TIMEOUT / 1500] 
05-07 16:53:58.997 I/HBD     ( 2755): d skip onKeyDown as physical keyboard not connected 
05-07 16:53:58.997 I/HBD     ( 2755): HoneyBoardService onKeyDown r:b8641bbc consumed:false 0 
05-07 16:53:58.997 I/HBD     ( 2755): e onUpdateEditorToolType was called with unKnown motion event. 
05-07 16:53:58.997 I/InputMethodService( 2755): handleBack: mShowInputRequested=false, doIt=false
05-07 16:53:58.998 I/VRI[MainActivity]@ffbdb0(24886): ViewPostIme key 0
05-07 16:53:58.998 D/Activity(24886): onKeyDown(KEYCODE_BACK), activity=dev.antigravity.classevivaexpressive.MainActivity@6cff232
05-07 16:53:58.998 D/InputDispatcher(30245): Inject key (28677/2000): action=1, f=0x0, d=-1, time=1466498503000000
05-07 16:53:58.998 D/PhoneWindowManager(30245): interceptKeyTq keycode=4 interactive=true keyguardActive=false policyFlags=2b000000
05-07 16:53:58.998 D/PhoneWindowManagerExt(30245): interceptKeyTq code=4 down=false repeatCount=0 displayId=-1 interactive=true powerCombination=false
05-07 16:53:58.998 D/PhoneWindowManager(30245): interceptKeyTq interceptKeyResult=4
05-07 16:53:58.998 D/PhoneWindowManager(30245): interceptKeyTi keyCode=4 action=1 repeatCount=0 keyguardOn=false canceled=false
05-07 16:53:58.998 D/PhoneWindowManagerExt(30245): interceptKeyTi code=4 down=false repeatCount=0 displayId=0 interactive=true
05-07 16:53:58.998 I/InputDispatcher(30245): Delivering key to (24886): B action: 0x1 (0), f=0x0, m=0x0, d=0, 'bdbcb84'
05-07 16:53:58.998 I/HBD     ( 2755): HoneyBoardService onKeyUp r:421ef37c consumed:false 0 
05-07 16:53:58.998 W/InputMethodService( 2755): onKeyUp: event.isTracking=false, event.isCanceled=true
05-07 16:53:58.998 I/VRI[MainActivity]@ffbdb0(24886): ViewPostIme key 1
05-07 16:53:58.998 D/Activity(24886): onKeyUp(KEYCODE_BACK) isTracking()=true isCanceled()=true hasCallback=true
05-07 16:53:58.999 D/BackgroundInstallControlService(30245): Package event received: 0
05-07 16:53:59.000 I/SSS:AugmentedAutofillService(32588): AugmentedAutofillService: onConnected()
05-07 16:53:59.020 I/Telecom (30245): SamsungTelecomServiceImpl : isInManagedCall - callingPackage : android / callingUser : UserHandle{0} / hasCrossUserAccess : true
05-07 16:53:59.028 I/View    (24886): setRequestedFrameRate frameRate=NaN, this=androidx.compose.ui.platform.AndroidComposeView{e4a0cfc VFED..... ......ID 0,0-1080,2340 aid=1073741824}, caller=android.view.ViewGroup.setRequestedFrameRate:10045 androidx.compose.ui.platform.Api35Impl.setRequestedFrameRate:4033 androidx.compose.ui.platform.AndroidComposeView.dispatchDraw:2248 android.view.View.draw:26758 android.view.View.updateDisplayListIfDirty:25577 
05-07 16:53:59.028 I/View    (24886): setRequestedFrameRate frameRate=-4.0, this=android.view.View{ee80cdd V.ED..... ........ 0,0-0,0}, caller=androidx.compose.ui.platform.Api35Impl.setRequestedFrameRate:4033 androidx.compose.ui.platform.AndroidComposeView.dispatchDraw:2251 android.view.View.draw:26758 android.view.View.updateDisplayListIfDirty:25577 android.view.ViewGroup.recreateChildDisplayList:4881 
05-07 16:53:59.028 D/IpClient/wlan0(30850): interfaceLinkStateChanged: ifindex 45 up
05-07 16:53:59.032 I/View    (24886): setRequestedFrameRate frameRate=NaN, this=androidx.compose.ui.platform.AndroidComposeView{e4a0cfc VFED..... ......ID 0,0-1080,2340 aid=1073741824}, caller=android.view.ViewGroup.setRequestedFrameRate:10045 androidx.compose.ui.platform.Api35Impl.setRequestedFrameRate:4033 androidx.compose.ui.platform.AndroidComposeView.dispatchDraw:2248 android.view.View.draw:26758 android.view.View.updateDisplayListIfDirty:25577 
05-07 16:53:59.032 I/View    (24886): setRequestedFrameRate frameRate=-4.0, this=android.view.View{ee80cdd V.ED..... ........ 0,0-0,0}, caller=androidx.compose.ui.platform.Api35Impl.setRequestedFrameRate:4033 androidx.compose.ui.platform.AndroidComposeView.dispatchDraw:2251 android.view.View.draw:26758 android.view.View.updateDisplayListIfDirty:25577 android.view.ViewGroup.recreateChildDisplayList:4881 
05-07 16:53:59.034 I/HoneySpace.NotificationListener(26305): onNotificationPosted org.telegram.messenger: 0|org.telegram.messenger|-1668304281|null|10531: 491
05-07 16:53:59.034 I/HoneySpace.NotificationListener(26305): invalid notification: org.telegram.messenger UserHandle{0}: canShowBadge is false
05-07 16:53:59.035 I/HoneySpace.PackageEventOperator(26305): [AbsFolderViewModel|14] badge count is updated. org.telegram.messenger/.VintageIcon#UserHandle{0}|15 : 0
05-07 16:53:59.035 I/NotificationListener( 6747): [Service]v6.1.9-eap02 Received new notification
05-07 16:53:59.036 I/NotificationPipeline( 6747): Processing new notification: 0|org.telegram.messenger|-1668304281|null|10531
05-07 16:53:59.036 W/Notification4Watch7_NB( 6747): Watch.isEnabled-main switch - off : [0] org.telegram.messenger
05-07 16:53:59.036 I/HoneySpace.PackageEventOperator(26305): [WorkspaceViewModel] badge count is updated. org.telegram.messenger/.VintageIcon#UserHandle{0}|15 : 0
05-07 16:53:59.037 I/HoneySpace.PackageEventOperator(26305): [VerticalApplistViewModel] badge count is updated. org.telegram.messenger/.VintageIcon#UserHandle{0}|78 : 0
05-07 16:53:59.037 I/vendor.qti.bluetooth@1.0-ibs_handler( 1760): ProcessIbsCmd: Received IBS_SLEEP_IND: 0xFE
05-07 16:53:59.037 I/mdec/NotiSyncUtility( 6933): device ready for noti sync : true
05-07 16:53:59.037 D/vendor.qti.bluetooth@1.0-ibs_handler( 1760): SerialClockVote: vote for UART CLK OFF
05-07 16:53:59.037 I/HoneySpace.PackageEventOperator(26305): [AbsFolderViewModel|73] badge count is updated. org.telegram.messenger/.VintageIcon#UserHandle{0}|78 : 0
05-07 16:53:59.037 W/Notification4Watch7_NB( 6747): NotificationBridgeCallback.onNotificationPosted-block : [0] org.telegram.messenger
05-07 16:53:59.037 I/NotificationPipeline( 6747): Discarding notification: 0|org.telegram.messenger|-1668304281|null|10531
05-07 16:53:59.038 I/Routine@Core[5.0.01.6]: PreloadNotificationListenerService( 3273): onNotificationPosted: - begin  - ($)
05-07 16:53:59.038 I/SurfaceFlinger( 1880): Current= 120, Period= 120, Distance= 4
05-07 16:53:59.038 I/SamsungFlow(  339): [v] notificationPermissionGranted in : true (null:32)
05-07 16:53:59.038 I/SamsungFlow(  339): [l] org.telegram.messenger is not exist in NotificationFilter (null:148)
05-07 16:53:59.038 I/Routine@Core[5.0.01.6]: PreloadNotificationListenerService( 3273): isScreenedOut: not interested:  - ($)
05-07 16:53:59.039 I/View    (24886): setRequestedFrameRate frameRate=NaN, this=androidx.compose.ui.platform.AndroidComposeView{e4a0cfc VFED..... ......ID 0,0-1080,2340 aid=1073741824}, caller=android.view.ViewGroup.setRequestedFrameRate:10045 androidx.compose.ui.platform.Api35Impl.setRequestedFrameRate:4033 androidx.compose.ui.platform.AndroidComposeView.dispatchDraw:2248 android.view.View.draw:26758 android.view.View.updateDisplayListIfDirty:25577 
05-07 16:53:59.039 I/View    (24886): setRequestedFrameRate frameRate=-4.0, this=android.view.View{ee80cdd V.ED..... ........ 0,0-0,0}, caller=androidx.compose.ui.platform.Api35Impl.setRequestedFrameRate:4033 androidx.compose.ui.platform.AndroidComposeView.dispatchDraw:2251 android.view.View.draw:26758 android.view.View.updateDisplayListIfDirty:25577 android.view.ViewGroup.recreateChildDisplayList:4881 
05-07 16:53:59.040 D/SGM:GameManager(30245): identifyGamePackage. org.telegram.messenger, mCurrentUserId: 0, callingMethodInfo: com.samsung.android.game.IGameManagerService$Stub.onTransact(IGameManagerService.java:247)
05-07 16:53:59.040 I/Moneta::PdeNotificationListenerService( 5056): filterOutByClassifier: start
05-07 16:53:59.040 I/Moneta::NotificationClassifyAdapter( 5056): extract() in
05-07 16:53:59.040 I/Moneta::NotificationClassifyAdapter( 5056): extractByNlp() in
05-07 16:53:59.040 I/Moneta::NlpNotificationClassifyService( 5056): extract() in
05-07 16:53:59.040 I/DataMlSdk( 5056): [DataMlService] getNotificationClassifier
05-07 16:53:59.041 I/DataMlSdk( 5056): [HeuristicClassifierImpl] HeuristicClassifier classifyOthers Result: UNKNOWN
05-07 16:53:59.041 I/DataMlSdk( 5056): [NotificationClassifierImpl] Notification classification end. NotificationClass(category=UNKNOWN, subCategory=UNKNOWN)
05-07 16:53:59.043 W/TransportRuntime( 5056): Error scheduling event Tried to schedule job for non-existent component: ComponentInfo{com.samsung.android.smartsuggestions/com.google.android.datatransport.runtime.scheduling.jobscheduling.JobInfoSchedulerService}
05-07 16:53:59.043 I/WindowsLink( 2658): (YpcSignatureChecker) isSignatureAllowed in
05-07 16:53:59.043 I/WindowsLink( 2658): (BaseContentProvider) call: method = UserInfo@isTwoPhoneModeEnabled / subMethod = isTwoPhoneModeEnabled
05-07 16:53:59.043 I/WindowsLink( 2658): (UserInfoContentProvider) isEnabled: 0 - isTwoPhoneMode: false
05-07 16:53:59.043 I/WindowsLink( 2658): (UserInfoContentProvider) isTwoPhoneModeEnabled: result = false
05-07 16:53:59.044 D/View    (31394): semSetBlurInfo, blurInfo : null, com.android.systemui.statusbar.notification.row.NotificationBackgroundView{9a42ad8 V.ED..... ......ID 0,0-1020,1148 #7e0a0165 com.android.systemui:id/backgroundNormal}
05-07 16:53:59.044 I/BatteryService_BatteryPropertiesRegistrar(30245): [getProperty]id:4
05-07 16:53:59.044 I/BatteryService_BatteryPropertiesRegistrar(30245): [getProperty]prop.long:-9223372036854775808 ,prop.string:null
05-07 16:53:59.044 D/ExpandableNotifRow(31394): mMaxSmallHeight different before reInflateViews mMaxSmallHeight: 189 mTempSmallHeight:0 0|com.android.systemui|123|INSIGNIFICANT|10053
05-07 16:53:59.044 D/ExpandableNotifRow(31394): mMaxSmallHeight different before reInflateViews mMaxSmallHeight: 189 mTempSmallHeight:0 0|com.android.systemui|123|INSIGNIFICANT|10053
05-07 16:53:59.045 D/View    (31394): semSetBlurInfo, blurInfo : android.view.SemBlurInfo@8bc9191 {BLUR_MODE_WINDOW, mBlurRadius = 128, mBackgroundBlurColor = 0, mCornerRadiusTL = 95.0, mCornerRadiusTR = 95.0, mCornerRadiusBL = 95.0, mCornerRadiusBR = 95.0, mClipRectLeft = 0, mClipRectTop = 0, mClipRectRight = 2147483647, mClipRectBottom = 2147483647, mColorCurve = android.view.SemBlurInfo$ColorCurve@3ca58f6 {minX = 15.0, minY = 169.6, maxX = 235.0, maxY = 246.1, curveBias = 30.0, saturation = 0.55}}, com.android.systemui.statusbar.notification.row.NotificationBackgroundView{9a42ad8 V.ED..... ......ID 0,0-1020,1148 #7e0a0165 com.android.systemui:id/backgroundNormal}
05-07 16:53:59.045 I/PluginActionManager[com.android.systemui.action.PLUGIN_NOTIFICATION_MENU_ROW](31394): Found 0 plugins
05-07 16:53:59.045 D/View    (31394): semSetBlurInfo, blurInfo : android.view.SemBlurInfo@8bc9191 {BLUR_MODE_WINDOW, mBlurRadius = 128, mBackgroundBlurColor = 0, mCornerRadiusTL = 95.0, mCornerRadiusTR = 95.0, mCornerRadiusBL = 95.0, mCornerRadiusBR = 95.0, mClipRectLeft = 0, mClipRectTop = 0, mClipRectRight = 2147483647, mClipRectBottom = 2147483647, mColorCurve = android.view.SemBlurInfo$ColorCurve@3ca58f6 {minX = 15.0, minY = 169.6, maxX = 235.0, maxY = 246.1, curveBias = 30.0, saturation = 0.55}}, com.android.systemui.statusbar.notification.row.NotificationBackgroundView{9a42ad8 V.ED..... ......ID 0,0-1020,1148 #7e0a0165 com.android.systemui:id/backgroundNormal}
05-07 16:53:59.046 I/WindowsLink( 2658): (YpcSignatureChecker) isSignatureAllowed in
05-07 16:53:59.046 I/WindowsLink( 2658): (BaseContentProvider) call: method = DeviceInfo@getVendorRssiLevel / subMethod = getVendorRssiLevel
05-07 16:53:59.046 D/InsetsController(31394): hide(ime())
05-07 16:53:59.046 I/ImeTracker(31394): com.android.systemui:e55a5cf7: onRequestHide at ORIGIN_CLIENT reason HIDE_SOFT_INPUT_BY_INSETS_API fromUser false
05-07 16:53:59.046 I/ImeTracker(31394): com.android.systemui:e55a5cf7: onCancelled at PHASE_CLIENT_ALREADY_HIDDEN
05-07 16:53:59.046 I/WindowsLink( 2658): (YpcSignatureChecker) isSignatureAllowed in
05-07 16:53:59.046 I/WindowsLink( 2658): (BaseContentProvider) call: method = DeviceInfo@getMAXRssiLevel / subMethod = getMAXRssiLevel
05-07 16:53:59.046 I/SurfaceFlinger( 1880): Current= 120, Period= 120, Distance= 120
05-07 16:53:59.047 W/NotifRow(31394): cancelAppearDrawing childKey: 0|org.telegram.messenger|-1668304281|null|10531 wasDrawing:false
05-07 16:53:59.047 I/View    (24886): setRequestedFrameRate frameRate=NaN, this=androidx.compose.ui.platform.AndroidComposeView{e4a0cfc VFED..... ......ID 0,0-1080,2340 aid=1073741824}, caller=android.view.ViewGroup.setRequestedFrameRate:10045 androidx.compose.ui.platform.Api35Impl.setRequestedFrameRate:4033 androidx.compose.ui.platform.AndroidComposeView.dispatchDraw:2248 android.view.View.draw:26758 android.view.View.updateDisplayListIfDirty:25577 
05-07 16:53:59.047 I/View    (24886): setRequestedFrameRate frameRate=-4.0, this=android.view.View{ee80cdd V.ED..... ........ 0,0-0,0}, caller=androidx.compose.ui.platform.Api35Impl.setRequestedFrameRate:4033 androidx.compose.ui.platform.AndroidComposeView.dispatchDraw:2251 android.view.View.draw:26758 android.view.View.updateDisplayListIfDirty:25577 android.view.ViewGroup.recreateChildDisplayList:4881 
05-07 16:53:59.047 D/ExpandableNotifRow(31394): mMaxSmallHeight different before reInflateViews mMaxSmallHeight: 189 mTempSmallHeight:0 0|com.android.systemui|123|INSIGNIFICANT|10053
05-07 16:53:59.047 D/ExpandableNotifRow(31394): mMaxSmallHeight different before reInflateViews mMaxSmallHeight: 189 mTempSmallHeight:0 0|com.android.systemui|123|INSIGNIFICANT|10053
05-07 16:53:59.048 I/WindowsLink( 2658): (YpcSignatureChecker) isSignatureAllowed in
05-07 16:53:59.048 I/WindowsLink( 2658): (BaseContentProvider) call: method = capability_pre_granted_permissions / subMethod = capability_pre_granted_permissions
05-07 16:53:59.048 I/WindowsLink( 2658): (YpcSignatureChecker) isSignatureAllowed in
05-07 16:53:59.048 I/WindowsLink( 2658): (BaseContentProvider) call: method = capability_pre_granted_permissions / subMethod = capability_pre_granted_permissions
05-07 16:53:59.048 I/DateTimeView(31394): getTimeFormat
05-07 16:53:59.049 I/DateTimeView(31394): getTimeFormat
05-07 16:53:59.049 I/DateTimeView(31394): getTimeFormat
05-07 16:53:59.050 I/BackgroundBlurDrawable(31394): getBlurRegionsCopyForRT, size : 2
05-07 16:53:59.050 W/RefactorFlag(31394): New code path expects SceneContainerFlag to be enabled.
05-07 16:53:59.051 D/ExpandableNotifRow(31394): mMaxSmallHeight different before reInflateViews mMaxSmallHeight: 189 mTempSmallHeight:0 0|org.telegram.messenger|-1668304281|null|10531
05-07 16:53:59.052 D/ExpandableNotifRow(31394): mMaxSmallHeight different before reInflateViews mMaxSmallHeight: 189 mTempSmallHeight:0 0|org.telegram.messenger|-1668304281|null|10531
05-07 16:53:59.052 I/LockscreenNotificationIconsOnlyController(31394): onNotificationInfoUpdated 0
05-07 16:53:59.052 I/AODNotificationManager(31394): updateNotification() 
05-07 16:53:59.053 W/BitmapFactory(31394): Null Options, creating a new one.
05-07 16:53:59.053 I/Kumiho-Kumiho(31394): getPackageName: com.samsung.android.app.aodservice
05-07 16:53:59.054 I/Kumiho-Kumiho(31394): getPackageName: com.samsung.android.app.aodservice
05-07 16:53:59.055 I/View    (24886): setRequestedFrameRate frameRate=NaN, this=androidx.compose.ui.platform.AndroidComposeView{e4a0cfc VFED..... ......ID 0,0-1080,2340 aid=1073741824}, caller=android.view.ViewGroup.setRequestedFrameRate:10045 androidx.compose.ui.platform.Api35Impl.setRequestedFrameRate:4033 androidx.compose.ui.platform.AndroidComposeView.dispatchDraw:2248 android.view.View.draw:26758 android.view.View.updateDisplayListIfDirty:25577 
05-07 16:53:59.055 I/View    (24886): setRequestedFrameRate frameRate=-4.0, this=android.view.View{ee80cdd V.ED..... ........ 0,0-0,0}, caller=androidx.compose.ui.platform.Api35Impl.setRequestedFrameRate:4033 androidx.compose.ui.platform.AndroidComposeView.dispatchDraw:2251 android.view.View.draw:26758 android.view.View.updateDisplayListIfDirty:25577 android.view.ViewGroup.recreateChildDisplayList:4881 
05-07 16:53:59.056 I/SnapAlloc( 1796): Using graphics libs for alignment calculations
05-07 16:53:59.058 I/DateTimeView(31394): getTimeFormat
05-07 16:53:59.058 I/SnapAlloc( 1796): Using graphics libs for alignment calculations
05-07 16:53:59.059 I/DateTimeView(31394): getTimeFormat
05-07 16:53:59.061 W/BitmapFactory(31394): Null Options, creating a new one.
05-07 16:53:59.061 I/Kumiho-Kumiho(31394): getPackageName: com.samsung.android.app.aodservice
05-07 16:53:59.064 I/View    (24886): setRequestedFrameRate frameRate=NaN, this=androidx.compose.ui.platform.AndroidComposeView{e4a0cfc VFED..... ......ID 0,0-1080,2340 aid=1073741824}, caller=android.view.ViewGroup.setRequestedFrameRate:10045 androidx.compose.ui.platform.Api35Impl.setRequestedFrameRate:4033 androidx.compose.ui.platform.AndroidComposeView.dispatchDraw:2248 android.view.View.draw:26758 android.view.View.updateDisplayListIfDirty:25577 
05-07 16:53:59.064 I/View    (24886): setRequestedFrameRate frameRate=-4.0, this=android.view.View{ee80cdd V.ED..... ........ 0,0-0,0}, caller=androidx.compose.ui.platform.Api35Impl.setRequestedFrameRate:4033 androidx.compose.ui.platform.AndroidComposeView.dispatchDraw:2251 android.view.View.draw:26758 android.view.View.updateDisplayListIfDirty:25577 android.view.ViewGroup.recreateChildDisplayList:4881 
05-07 16:53:59.065 I/Kumiho-Kumiho(31394): getPackageName: com.samsung.android.app.aodservice
05-07 16:53:59.068 W/RefactorFlag(31394): New code path expects SceneContainerFlag to be enabled.
05-07 16:53:59.070 I/DateTimeView(31394): getTimeFormat
05-07 16:53:59.070 I/DateTimeView(31394): getTimeFormat
05-07 16:53:59.072 I/View    (24886): setRequestedFrameRate frameRate=NaN, this=androidx.compose.ui.platform.AndroidComposeView{e4a0cfc VFED..... ......ID 0,0-1080,2340 aid=1073741824}, caller=android.view.ViewGroup.setRequestedFrameRate:10045 androidx.compose.ui.platform.Api35Impl.setRequestedFrameRate:4033 androidx.compose.ui.platform.AndroidComposeView.dispatchDraw:2248 android.view.View.draw:26758 android.view.View.updateDisplayListIfDirty:25577 
05-07 16:53:59.072 I/View    (24886): setRequestedFrameRate frameRate=-4.0, this=android.view.View{ee80cdd V.ED..... ........ 0,0-0,0}, caller=androidx.compose.ui.platform.Api35Impl.setRequestedFrameRate:4033 androidx.compose.ui.platform.AndroidComposeView.dispatchDraw:2251 android.view.View.draw:26758 android.view.View.updateDisplayListIfDirty:25577 android.view.ViewGroup.recreateChildDisplayList:4881 
05-07 16:53:59.073 D/ExpandableNotifRow(31394): mMaxSmallHeight different before reInflateViews mMaxSmallHeight: 189 mTempSmallHeight:0 0|org.telegram.messenger|-1668304281|null|10531
05-07 16:53:59.073 D/ExpandableNotifRow(31394): mMaxSmallHeight different before reInflateViews mMaxSmallHeight: 189 mTempSmallHeight:0 0|org.telegram.messenger|-1668304281|null|10531
05-07 16:53:59.073 D/ExpandableNotifRow(31394): mMaxSmallHeight different before reInflateViews mMaxSmallHeight: 189 mTempSmallHeight:0 0|org.telegram.messenger|-1668304281|null|10531
05-07 16:53:59.073 D/ExpandableNotifRow(31394): mMaxSmallHeight different before reInflateViews mMaxSmallHeight: 189 mTempSmallHeight:0 0|org.telegram.messenger|-1668304281|null|10531
05-07 16:53:59.073 D/View    (31394): semSetBlurInfo, blurInfo : android.view.SemBlurInfo@22ebd73 {BLUR_MODE_WINDOW, mBlurRadius = 128, mBackgroundBlurColor = 0, mCornerRadiusTL = 95.0, mCornerRadiusTR = 95.0, mCornerRadiusBL = 95.0, mCornerRadiusBR = 95.0, mClipRectLeft = 0, mClipRectTop = 0, mClipRectRight = 2147483647, mClipRectBottom = 2147483647, mColorCurve = android.view.SemBlurInfo$ColorCurve@591e430 {minX = 15.0, minY = 169.6, maxX = 235.0, maxY = 246.1, curveBias = 30.0, saturation = 0.55}}, com.android.systemui.statusbar.notification.row.NotificationBackgroundView{9a42ad8 V.ED..... ......ID 0,0-1020,1148 #7e0a0165 com.android.systemui:id/backgroundNormal}
05-07 16:53:59.074 W/BitmapFactory(31394): Null Options, creating a new one.
05-07 16:53:59.074 I/Kumiho-Kumiho(31394): getPackageName: com.samsung.android.app.aodservice
05-07 16:53:59.075 I/vendor.qti.bluetooth@1.0-ibs_handler( 1760): ProcessIbsCmd: Received IBS_WAKE_IND: 0xFD
05-07 16:53:59.075 D/vendor.qti.bluetooth@1.0-ibs_handler( 1760): SerialClockVote: vote for UART CLK ON
05-07 16:53:59.075 I/vendor.qti.bluetooth@1.0-ibs_handler( 1760): ProcessIbsCmd: Writing IBS_WAKE_ACK
05-07 16:53:59.078 D/io_stats( 1093): !@   8,0 r 472649506 14170350804 w 106403530 2382841504 d 11899656 2088341540 f 1576801 7906040 iot 35810116 0 th 0 0 0 pt 0 inp 0 0 1466498.583
05-07 16:53:59.078 D/io_stats( 1093): !@ Read_top(KB): egram.messenger:low(23412) 184 logcat:normal(28663) 180 kworker/2:7H:/(24583) 4
05-07 16:53:59.078 D/io_stats( 1093): !@ Write_top(KB): egram.messenger:low(23412) 204 system_server:normal(30245) 24 .gms.persistent:high(18638) 8
05-07 16:53:59.079 I/Kumiho-Kumiho(31394): getPackageName: com.samsung.android.app.aodservice
05-07 16:53:59.080 I/View    (24886): setRequestedFrameRate frameRate=NaN, this=androidx.compose.ui.platform.AndroidComposeView{e4a0cfc VFED..... ......ID 0,0-1080,2340 aid=1073741824}, caller=android.view.ViewGroup.setRequestedFrameRate:10045 androidx.compose.ui.platform.Api35Impl.setRequestedFrameRate:4033 androidx.compose.ui.platform.AndroidComposeView.dispatchDraw:2248 android.view.View.draw:26758 android.view.View.updateDisplayListIfDirty:25577 
05-07 16:53:59.080 I/View    (24886): setRequestedFrameRate frameRate=-4.0, this=android.view.View{ee80cdd V.ED..... ........ 0,0-0,0}, caller=androidx.compose.ui.platform.Api35Impl.setRequestedFrameRate:4033 androidx.compose.ui.platform.AndroidComposeView.dispatchDraw:2251 android.view.View.draw:26758 android.view.View.updateDisplayListIfDirty:25577 android.view.ViewGroup.recreateChildDisplayList:4881 
05-07 16:53:59.082 I/ScanController(31253): onScanResult to scannerId: 3- eventType=0x10, addressType=0, address=XX:XX:XX:XX:99:FF, primaryPhy=1, secondaryPhy=0, advertisingSid=0xff, txPower=127, rssi=-71, periodicAdvInt=0x0
05-07 16:53:59.082 I/ScanController(31253): onScanResult to scannerId: 3- eventType=0x10, addressType=0, address=XX:XX:XX:XX:1F:12, primaryPhy=1, secondaryPhy=0, advertisingSid=0xff, txPower=127, rssi=-61, periodicAdvInt=0x0
05-07 16:53:59.082 I/ScanController(31253): onScanResult to scannerId: 7- eventType=0x10, addressType=1, address=XX:XX:XX:XX:1D:B9, primaryPhy=1, secondaryPhy=0, advertisingSid=0xff, txPower=127, rssi=-51, periodicAdvInt=0x0
05-07 16:53:59.083 I/[+0200]oneconnect[1.8.45.24_01][CORE](27637): DataConvert.parseBleVd - deviceBle : |name:|deviceType:TV|discoverType:_BLE|services:None|connected:false[TvStatusString]POWER_OFF[TvStatus]-128[TvService]102[TvMirrorChannel]1[TvRegisteredDB][-103, 10, -125, 101, 37, 0][TvYear]2016[TvOcfInfo]0[TvAcmStatus]0[ExTvStatus]0[ExtendedStatus]-1[ModuloSn]-1
05-07 16:53:59.083 I/DateTimeView(31394): getTimeFormat
05-07 16:53:59.083 I/DateTimeView(31394): getTimeFormat
05-07 16:53:59.083 I/[+0200]oneconnect[1.8.45.24_01][CORE](27637): BleParserForDaDevice.parseBlePacket - DeviceBleDa : [name][BleMac]($)A4:57[DeviceType]MICROWAVE[DeviceInfoVersion]0[DeviceStatus]1,
05-07 16:53:59.083 I/DateTimeView(31394): getTimeFormat
05-07 16:53:59.086 W/RefactorFlag(31394): New code path expects SceneContainerFlag to be enabled.
05-07 16:53:59.087 D/ExpandableNotifRow(31394): mMaxSmallHeight different before reInflateViews mMaxSmallHeight: 189 mTempSmallHeight:0 0|org.telegram.messenger|-1668304281|null|10531
05-07 16:53:59.087 D/ExpandableNotifRow(31394): mMaxSmallHeight different before reInflateViews mMaxSmallHeight: 189 mTempSmallHeight:0 0|org.telegram.messenger|-1668304281|null|10531
05-07 16:53:59.088 I/LockscreenNotificationIconsOnlyController(31394): onNotificationInfoUpdated 0
05-07 16:53:59.088 I/AODNotificationManager(31394): updateNotification() 
05-07 16:53:59.089 I/View    (24886): setRequestedFrameRate frameRate=NaN, this=androidx.compose.ui.platform.AndroidComposeView{e4a0cfc VFED..... ......ID 0,0-1080,2340 aid=1073741824}, caller=android.view.ViewGroup.setRequestedFrameRate:10045 androidx.compose.ui.platform.Api35Impl.setRequestedFrameRate:4033 androidx.compose.ui.platform.AndroidComposeView.dispatchDraw:2248 android.view.View.draw:26758 android.view.View.updateDisplayListIfDirty:25577 
05-07 16:53:59.089 I/View    (24886): setRequestedFrameRate frameRate=-4.0, this=android.view.View{ee80cdd V.ED..... ........ 0,0-0,0}, caller=androidx.compose.ui.platform.Api35Impl.setRequestedFrameRate:4033 androidx.compose.ui.platform.AndroidComposeView.dispatchDraw:2251 android.view.View.draw:26758 android.view.View.updateDisplayListIfDirty:25577 android.view.ViewGroup.recreateChildDisplayList:4881 
05-07 16:53:59.097 I/View    (24886): setRequestedFrameRate frameRate=NaN, this=androidx.compose.ui.platform.AndroidComposeView{e4a0cfc VFED..... ......ID 0,0-1080,2340 aid=1073741824}, caller=android.view.ViewGroup.setRequestedFrameRate:10045 androidx.compose.ui.platform.Api35Impl.setRequestedFrameRate:4033 androidx.compose.ui.platform.AndroidComposeView.dispatchDraw:2248 android.view.View.draw:26758 android.view.View.updateDisplayListIfDirty:25577 
05-07 16:53:59.097 I/View    (24886): setRequestedFrameRate frameRate=-4.0, this=android.view.View{ee80cdd V.ED..... ........ 0,0-0,0}, caller=androidx.compose.ui.platform.Api35Impl.setRequestedFrameRate:4033 androidx.compose.ui.platform.AndroidComposeView.dispatchDraw:2251 android.view.View.draw:26758 android.view.View.updateDisplayListIfDirty:25577 android.view.ViewGroup.recreateChildDisplayList:4881 
05-07 16:53:59.105 I/View    (24886): setRequestedFrameRate frameRate=NaN, this=androidx.compose.ui.platform.AndroidComposeView{e4a0cfc VFED..... ......ID 0,0-1080,2340 aid=1073741824}, caller=android.view.ViewGroup.setRequestedFrameRate:10045 androidx.compose.ui.platform.Api35Impl.setRequestedFrameRate:4033 androidx.compose.ui.platform.AndroidComposeView.dispatchDraw:2248 android.view.View.draw:26758 android.view.View.updateDisplayListIfDirty:25577 
05-07 16:53:59.105 I/View    (24886): setRequestedFrameRate frameRate=-4.0, this=android.view.View{ee80cdd V.ED..... ........ 0,0-0,0}, caller=androidx.compose.ui.platform.Api35Impl.setRequestedFrameRate:4033 androidx.compose.ui.platform.AndroidComposeView.dispatchDraw:2251 android.view.View.draw:26758 android.view.View.updateDisplayListIfDirty:25577 android.view.ViewGroup.recreateChildDisplayList:4881 
05-07 16:53:59.114 I/View    (24886): setRequestedFrameRate frameRate=NaN, this=androidx.compose.ui.platform.AndroidComposeView{e4a0cfc VFED..... ......ID 0,0-1080,2340 aid=1073741824}, caller=android.view.ViewGroup.setRequestedFrameRate:10045 androidx.compose.ui.platform.Api35Impl.setRequestedFrameRate:4033 androidx.compose.ui.platform.AndroidComposeView.dispatchDraw:2248 android.view.View.draw:26758 android.view.View.updateDisplayListIfDirty:25577 
05-07 16:53:59.114 I/View    (24886): setRequestedFrameRate frameRate=-4.0, this=android.view.View{ee80cdd V.ED..... ........ 0,0-0,0}, caller=androidx.compose.ui.platform.Api35Impl.setRequestedFrameRate:4033 androidx.compose.ui.platform.AndroidComposeView.dispatchDraw:2251 android.view.View.draw:26758 android.view.View.updateDisplayListIfDirty:25577 android.view.ViewGroup.recreateChildDisplayList:4881 
05-07 16:53:59.122 I/vendor.qti.bluetooth@1.0-ibs_handler( 1760): ProcessIbsCmd: Received IBS_SLEEP_IND: 0xFE
05-07 16:53:59.122 D/vendor.qti.bluetooth@1.0-ibs_handler( 1760): SerialClockVote: vote for UART CLK OFF
05-07 16:53:59.123 I/View    (24886): setRequestedFrameRate frameRate=NaN, this=androidx.compose.ui.platform.AndroidComposeView{e4a0cfc VFED..... ......ID 0,0-1080,2340 aid=1073741824}, caller=android.view.ViewGroup.setRequestedFrameRate:10045 androidx.compose.ui.platform.Api35Impl.setRequestedFrameRate:4033 androidx.compose.ui.platform.AndroidComposeView.dispatchDraw:2248 android.view.View.draw:26758 android.view.View.updateDisplayListIfDirty:25577 
05-07 16:53:59.123 I/View    (24886): setRequestedFrameRate frameRate=-4.0, this=android.view.View{ee80cdd V.ED..... ........ 0,0-0,0}, caller=androidx.compose.ui.platform.Api35Impl.setRequestedFrameRate:4033 androidx.compose.ui.platform.AndroidComposeView.dispatchDraw:2251 android.view.View.draw:26758 android.view.View.updateDisplayListIfDirty:25577 android.view.ViewGroup.recreateChildDisplayList:4881 
05-07 16:53:59.131 I/View    (24886): setRequestedFrameRate frameRate=NaN, this=androidx.compose.ui.platform.AndroidComposeView{e4a0cfc VFED..... ......ID 0,0-1080,2340 aid=1073741824}, caller=android.view.ViewGroup.setRequestedFrameRate:10045 androidx.compose.ui.platform.Api35Impl.setRequestedFrameRate:4033 androidx.compose.ui.platform.AndroidComposeView.dispatchDraw:2248 android.view.View.draw:26758 android.view.View.updateDisplayListIfDirty:25577 
05-07 16:53:59.131 I/View    (24886): setRequestedFrameRate frameRate=-4.0, this=android.view.View{ee80cdd V.ED..... ........ 0,0-0,0}, caller=androidx.compose.ui.platform.Api35Impl.setRequestedFrameRate:4033 androidx.compose.ui.platform.AndroidComposeView.dispatchDraw:2251 android.view.View.draw:26758 android.view.View.updateDisplayListIfDirty:25577 android.view.ViewGroup.recreateChildDisplayList:4881 
05-07 16:53:59.139 I/View    (24886): setRequestedFrameRate frameRate=NaN, this=androidx.compose.ui.platform.AndroidComposeView{e4a0cfc VFED..... ......ID 0,0-1080,2340 aid=1073741824}, caller=android.view.ViewGroup.setRequestedFrameRate:10045 androidx.compose.ui.platform.Api35Impl.setRequestedFrameRate:4033 androidx.compose.ui.platform.AndroidComposeView.dispatchDraw:2248 android.view.View.draw:26758 android.view.View.updateDisplayListIfDirty:25577 
05-07 16:53:59.140 I/View    (24886): setRequestedFrameRate frameRate=-4.0, this=android.view.View{ee80cdd V.ED..... ........ 0,0-0,0}, caller=androidx.compose.ui.platform.Api35Impl.setRequestedFrameRate:4033 androidx.compose.ui.platform.AndroidComposeView.dispatchDraw:2251 android.view.View.draw:26758 android.view.View.updateDisplayListIfDirty:25577 android.view.ViewGroup.recreateChildDisplayList:4881 
05-07 16:53:59.147 I/View    (24886): setRequestedFrameRate frameRate=NaN, this=androidx.compose.ui.platform.AndroidComposeView{e4a0cfc VFED..... ......ID 0,0-1080,2340 aid=1073741824}, caller=android.view.ViewGroup.setRequestedFrameRate:10045 androidx.compose.ui.platform.Api35Impl.setRequestedFrameRate:4033 androidx.compose.ui.platform.AndroidComposeView.dispatchDraw:2248 android.view.View.draw:26758 android.view.View.updateDisplayListIfDirty:25577 
05-07 16:53:59.147 I/View    (24886): setRequestedFrameRate frameRate=-4.0, this=android.view.View{ee80cdd V.ED..... ........ 0,0-0,0}, caller=androidx.compose.ui.platform.Api35Impl.setRequestedFrameRate:4033 androidx.compose.ui.platform.AndroidComposeView.dispatchDraw:2251 android.view.View.draw:26758 android.view.View.updateDisplayListIfDirty:25577 android.view.ViewGroup.recreateChildDisplayList:4881 
05-07 16:53:59.156 I/View    (24886): setRequestedFrameRate frameRate=NaN, this=androidx.compose.ui.platform.AndroidComposeView{e4a0cfc VFED..... ......ID 0,0-1080,2340 aid=1073741824}, caller=android.view.ViewGroup.setRequestedFrameRate:10045 androidx.compose.ui.platform.Api35Impl.setRequestedFrameRate:4033 androidx.compose.ui.platform.AndroidComposeView.dispatchDraw:2248 android.view.View.draw:26758 android.view.View.updateDisplayListIfDirty:25577 
05-07 16:53:59.156 I/View    (24886): setRequestedFrameRate frameRate=-4.0, this=android.view.View{ee80cdd V.ED..... ........ 0,0-0,0}, caller=androidx.compose.ui.platform.Api35Impl.setRequestedFrameRate:4033 androidx.compose.ui.platform.AndroidComposeView.dispatchDraw:2251 android.view.View.draw:26758 android.view.View.updateDisplayListIfDirty:25577 android.view.ViewGroup.recreateChildDisplayList:4881 
05-07 16:53:59.158 I/WindowsLink( 2658): (YpcSignatureChecker) isSignatureAllowed in
05-07 16:53:59.158 I/WindowsLink( 2658): (BaseContentProvider) call: method = UserInfo@isTwoPhoneModeEnabled / subMethod = isTwoPhoneModeEnabled
05-07 16:53:59.158 I/WindowsLink( 2658): (UserInfoContentProvider) isEnabled: 0 - isTwoPhoneMode: false
05-07 16:53:59.158 I/WindowsLink( 2658): (UserInfoContentProvider) isTwoPhoneModeEnabled: result = false
05-07 16:53:59.164 I/View    (24886): setRequestedFrameRate frameRate=NaN, this=androidx.compose.ui.platform.AndroidComposeView{e4a0cfc VFED..... ......ID 0,0-1080,2340 aid=1073741824}, caller=android.view.ViewGroup.setRequestedFrameRate:10045 androidx.compose.ui.platform.Api35Impl.setRequestedFrameRate:4033 androidx.compose.ui.platform.AndroidComposeView.dispatchDraw:2248 android.view.View.draw:26758 android.view.View.updateDisplayListIfDirty:25577 
05-07 16:53:59.164 I/View    (24886): setRequestedFrameRate frameRate=-4.0, this=android.view.View{ee80cdd V.ED..... ........ 0,0-0,0}, caller=androidx.compose.ui.platform.Api35Impl.setRequestedFrameRate:4033 androidx.compose.ui.platform.AndroidComposeView.dispatchDraw:2251 android.view.View.draw:26758 android.view.View.updateDisplayListIfDirty:25577 android.view.ViewGroup.recreateChildDisplayList:4881 
05-07 16:53:59.172 I/View    (24886): setRequestedFrameRate frameRate=NaN, this=androidx.compose.ui.platform.AndroidComposeView{e4a0cfc VFED..... ......ID 0,0-1080,2340 aid=1073741824}, caller=android.view.ViewGroup.setRequestedFrameRate:10045 androidx.compose.ui.platform.Api35Impl.setRequestedFrameRate:4033 androidx.compose.ui.platform.AndroidComposeView.dispatchDraw:2248 android.view.View.draw:26758 android.view.View.updateDisplayListIfDirty:25577 
05-07 16:53:59.173 I/View    (24886): setRequestedFrameRate frameRate=-4.0, this=android.view.View{ee80cdd V.ED..... ........ 0,0-0,0}, caller=androidx.compose.ui.platform.Api35Impl.setRequestedFrameRate:4033 androidx.compose.ui.platform.AndroidComposeView.dispatchDraw:2251 android.view.View.draw:26758 android.view.View.updateDisplayListIfDirty:25577 android.view.ViewGroup.recreateChildDisplayList:4881 
05-07 16:53:59.180 I/View    (24886): setRequestedFrameRate frameRate=NaN, this=androidx.compose.ui.platform.AndroidComposeView{e4a0cfc VFED..... ......ID 0,0-1080,2340 aid=1073741824}, caller=android.view.ViewGroup.setRequestedFrameRate:10045 androidx.compose.ui.platform.Api35Impl.setRequestedFrameRate:4033 androidx.compose.ui.platform.AndroidComposeView.dispatchDraw:2248 android.view.View.draw:26758 android.view.View.updateDisplayListIfDirty:25577 
05-07 16:53:59.181 I/View    (24886): setRequestedFrameRate frameRate=-4.0, this=android.view.View{ee80cdd V.ED..... ........ 0,0-0,0}, caller=androidx.compose.ui.platform.Api35Impl.setRequestedFrameRate:4033 androidx.compose.ui.platform.AndroidComposeView.dispatchDraw:2251 android.view.View.draw:26758 android.view.View.updateDisplayListIfDirty:25577 android.view.ViewGroup.recreateChildDisplayList:4881 
05-07 16:53:59.189 I/View    (24886): setRequestedFrameRate frameRate=NaN, this=androidx.compose.ui.platform.AndroidComposeView{e4a0cfc VFED..... ......ID 0,0-1080,2340 aid=1073741824}, caller=android.view.ViewGroup.setRequestedFrameRate:10045 androidx.compose.ui.platform.Api35Impl.setRequestedFrameRate:4033 androidx.compose.ui.platform.AndroidComposeView.dispatchDraw:2248 android.view.View.draw:26758 android.view.View.updateDisplayListIfDirty:25577 
05-07 16:53:59.189 I/View    (24886): setRequestedFrameRate frameRate=-4.0, this=android.view.View{ee80cdd V.ED..... ........ 0,0-0,0}, caller=androidx.compose.ui.platform.Api35Impl.setRequestedFrameRate:4033 androidx.compose.ui.platform.AndroidComposeView.dispatchDraw:2251 android.view.View.draw:26758 android.view.View.updateDisplayListIfDirty:25577 android.view.ViewGroup.recreateChildDisplayList:4881 
05-07 16:53:59.197 I/View    (24886): setRequestedFrameRate frameRate=NaN, this=androidx.compose.ui.platform.AndroidComposeView{e4a0cfc VFED..... ......ID 0,0-1080,2340 aid=1073741824}, caller=android.view.ViewGroup.setRequestedFrameRate:10045 androidx.compose.ui.platform.Api35Impl.setRequestedFrameRate:4033 androidx.compose.ui.platform.AndroidComposeView.dispatchDraw:2248 android.view.View.draw:26758 android.view.View.updateDisplayListIfDirty:25577 
05-07 16:53:59.198 I/View    (24886): setRequestedFrameRate frameRate=-4.0, this=android.view.View{ee80cdd V.ED..... ........ 0,0-0,0}, caller=androidx.compose.ui.platform.Api35Impl.setRequestedFrameRate:4033 androidx.compose.ui.platform.AndroidComposeView.dispatchDraw:2251 android.view.View.draw:26758 android.view.View.updateDisplayListIfDirty:25577 android.view.ViewGroup.recreateChildDisplayList:4881 
05-07 16:53:59.206 I/View    (24886): setRequestedFrameRate frameRate=NaN, this=androidx.compose.ui.platform.AndroidComposeView{e4a0cfc VFED..... ......ID 0,0-1080,2340 aid=1073741824}, caller=android.view.ViewGroup.setRequestedFrameRate:10045 androidx.compose.ui.platform.Api35Impl.setRequestedFrameRate:4033 androidx.compose.ui.platform.AndroidComposeView.dispatchDraw:2248 android.view.View.draw:26758 android.view.View.updateDisplayListIfDirty:25577 
05-07 16:53:59.206 I/View    (24886): setRequestedFrameRate frameRate=-4.0, this=android.view.View{ee80cdd V.ED..... ........ 0,0-0,0}, caller=androidx.compose.ui.platform.Api35Impl.setRequestedFrameRate:4033 androidx.compose.ui.platform.AndroidComposeView.dispatchDraw:2251 android.view.View.draw:26758 android.view.View.updateDisplayListIfDirty:25577 android.view.ViewGroup.recreateChildDisplayList:4881 
05-07 16:53:59.214 I/View    (24886): setRequestedFrameRate frameRate=NaN, this=androidx.compose.ui.platform.AndroidComposeView{e4a0cfc VFED..... ......ID 0,0-1080,2340 aid=1073741824}, caller=android.view.ViewGroup.setRequestedFrameRate:10045 androidx.compose.ui.platform.Api35Impl.setRequestedFrameRate:4033 androidx.compose.ui.platform.AndroidComposeView.dispatchDraw:2248 android.view.View.draw:26758 android.view.View.updateDisplayListIfDirty:25577 
05-07 16:53:59.214 I/View    (24886): setRequestedFrameRate frameRate=-4.0, this=android.view.View{ee80cdd V.ED..... ........ 0,0-0,0}, caller=androidx.compose.ui.platform.Api35Impl.setRequestedFrameRate:4033 androidx.compose.ui.platform.AndroidComposeView.dispatchDraw:2251 android.view.View.draw:26758 android.view.View.updateDisplayListIfDirty:25577 android.view.ViewGroup.recreateChildDisplayList:4881 
05-07 16:53:59.223 I/View    (24886): setRequestedFrameRate frameRate=NaN, this=androidx.compose.ui.platform.AndroidComposeView{e4a0cfc VFED..... ......ID 0,0-1080,2340 aid=1073741824}, caller=android.view.ViewGroup.setRequestedFrameRate:10045 androidx.compose.ui.platform.Api35Impl.setRequestedFrameRate:4033 androidx.compose.ui.platform.AndroidComposeView.dispatchDraw:2248 android.view.View.draw:26758 android.view.View.updateDisplayListIfDirty:25577 
05-07 16:53:59.223 I/View    (24886): setRequestedFrameRate frameRate=-4.0, this=android.view.View{ee80cdd V.ED..... ........ 0,0-0,0}, caller=androidx.compose.ui.platform.Api35Impl.setRequestedFrameRate:4033 androidx.compose.ui.platform.AndroidComposeView.dispatchDraw:2251 android.view.View.draw:26758 android.view.View.updateDisplayListIfDirty:25577 android.view.ViewGroup.recreateChildDisplayList:4881 
05-07 16:53:59.231 I/View    (24886): setRequestedFrameRate frameRate=NaN, this=androidx.compose.ui.platform.AndroidComposeView{e4a0cfc VFED..... ......ID 0,0-1080,2340 aid=1073741824}, caller=android.view.ViewGroup.setRequestedFrameRate:10045 androidx.compose.ui.platform.Api35Impl.setRequestedFrameRate:4033 androidx.compose.ui.platform.AndroidComposeView.dispatchDraw:2248 android.view.View.draw:26758 android.view.View.updateDisplayListIfDirty:25577 
05-07 16:53:59.231 I/View    (24886): setRequestedFrameRate frameRate=-4.0, this=android.view.View{ee80cdd V.ED..... ........ 0,0-0,0}, caller=androidx.compose.ui.platform.Api35Impl.setRequestedFrameRate:4033 androidx.compose.ui.platform.AndroidComposeView.dispatchDraw:2251 android.view.View.draw:26758 android.view.View.updateDisplayListIfDirty:25577 android.view.ViewGroup.recreateChildDisplayList:4881 
05-07 16:53:59.232 D/Bubbles (31394): onEntryUpdated : shouldBubbleUp=false ,key=0|org.telegram.messenger|-1668304281|null|10531
05-07 16:53:59.233 D/InsignificantSummaryManager(31394): onNotificationUpdated :0|org.telegram.messenger|-1668304281|null|10531 flags: 200000 updateSummary entrySize:5
05-07 16:53:59.233 I/{OngoingActivityController}(31394): onEntryUpdated and OA data is empty. So update latest task info
05-07 16:53:59.233 W/PackageConfigPersister(30245): App-specific configuration not found for packageName: dev.antigravity.classevivaexpressive and userId: 0
05-07 16:53:59.239 I/View    (24886): setRequestedFrameRate frameRate=NaN, this=androidx.compose.ui.platform.AndroidComposeView{e4a0cfc VFED..... ......ID 0,0-1080,2340 aid=1073741824}, caller=android.view.ViewGroup.setRequestedFrameRate:10045 androidx.compose.ui.platform.Api35Impl.setRequestedFrameRate:4033 androidx.compose.ui.platform.AndroidComposeView.dispatchDraw:2248 android.view.View.draw:26758 android.view.View.updateDisplayListIfDirty:25577 
05-07 16:53:59.240 I/View    (24886): setRequestedFrameRate frameRate=-4.0, this=android.view.View{ee80cdd V.ED..... ........ 0,0-0,0}, caller=androidx.compose.ui.platform.Api35Impl.setRequestedFrameRate:4033 androidx.compose.ui.platform.AndroidComposeView.dispatchDraw:2251 android.view.View.draw:26758 android.view.View.updateDisplayListIfDirty:25577 android.view.ViewGroup.recreateChildDisplayList:4881 
05-07 16:53:59.242 I/DateTimeView(31394): getTimeFormat
05-07 16:53:59.243 I/DateTimeView(31394): getTimeFormat
05-07 16:53:59.243 I/DateTimeView(31394): getTimeFormat
05-07 16:53:59.245 W/RefactorFlag(31394): New code path expects SceneContainerFlag to be enabled.
05-07 16:53:59.248 D/ExpandableNotifRow(31394): mMaxSmallHeight different before reInflateViews mMaxSmallHeight: 189 mTempSmallHeight:0 0|org.telegram.messenger|-1668304281|null|10531
05-07 16:53:59.248 D/ExpandableNotifRow(31394): mMaxSmallHeight different before reInflateViews mMaxSmallHeight: 189 mTempSmallHeight:0 0|org.telegram.messenger|-1668304281|null|10531
05-07 16:53:59.248 I/View    (24886): setRequestedFrameRate frameRate=NaN, this=androidx.compose.ui.platform.AndroidComposeView{e4a0cfc VFED..... ......ID 0,0-1080,2340 aid=1073741824}, caller=android.view.ViewGroup.setRequestedFrameRate:10045 androidx.compose.ui.platform.Api35Impl.setRequestedFrameRate:4033 androidx.compose.ui.platform.AndroidComposeView.dispatchDraw:2248 android.view.View.draw:26758 android.view.View.updateDisplayListIfDirty:25577 
