05-07 16:57:20.363 D/NotificationMgr(30798): updateNetworkSelection, Use Samsung codes instead of AOSP codes
05-07 16:57:20.363 V/PhoneGlobals(30798): subId=4, mDefaultDataSubId=4, ss roaming=false
05-07 16:57:20.363 I/PaniGenerator<0>(31318): generate: network=13, fallbackPlmn=null
05-07 16:57:20.363 I/PdnController<0>(31318): getAllCellInfo mNeedCellLocationUpdate : true
05-07 16:57:20.363 I/PdnController<0>(31318): get latest cellInfo and store, subId = 4
05-07 16:57:20.363 D/PhoneRestrictionPolicy(30245): isOperationAllowed >>> slotNum: 0 function: 1
05-07 16:57:20.363 I/PaniGenerator(31318): generate: change to NW PLMN(22288)
05-07 16:57:20.363 V/PhoneGlobals(30798): updateDataRoamingStatus
05-07 16:57:20.363 V/PhoneGlobals(30798): updateDataRoamingStatus dataAllowed=true, disallowReasons=[], dataIsNowRoaming=false, RoamingNumeric=22288, CallingReason=3
05-07 16:57:20.364 I/UserAgent<0>(31318): updatePani
05-07 16:57:20.364 I/SECIMSJ (31318): [1582]> 244
05-07 16:57:20.364 I/[IMS6.0](31318): IMS_onResponse()
05-07 16:57:20.364 I/StackIF (31318): processMessage 2
05-07 16:57:20.364 I/StackIF (31318): Processing Response
05-07 16:57:20.364 I/SECIMSJ (31318): [1582]< 600
05-07 16:57:20.364 I/StackIF (31318): processResponse: reqId 600
05-07 16:57:20.364 I/StackIF (31318): processResponse: handle 31921 result 0 reason 0
05-07 16:57:20.364 I/RegiMgr<0>(31318): updatePani RegisterTask[0][mProfile=SamsungCMC_PD, mRegistrationRat=18, mPdnType=1, mState=REGISTERED, mObject=UserAgent - :
05-07 16:57:20.364 I/RegiMgr<0>(31318):  total records=18
05-07 16:57:20.364 I/RegiMgr<0>(31318):  rec[0]: time=05-07 16:49:54.012 processed=InitialState org=InitialState dest=<null> what=1(0x1)
05-07 16:57:20.364 I/RegiMgr<0>(31318):  rec[1]: time=05-07 16:49:54.022 processed=InitialState org=InitialState dest=ReadyState what=2(0x2)
05-07 16:57:20.364 I/RegiMgr<0>(31318):  rec[2]: time=05-07 16:49:54.022 processed=ReadyState org=ReadyState dest=<null> what=34(0x22)
05-07 16:57:20.364 I/RegiMgr<0>(31318):  rec[3]: time=05-07 16:49:54.022 processed=ReadyState org=ReadyState dest=RegisteringState what=6(0x6)
05-07 16:57:20.364 I/RegiMgr<0>(31318):  rec[4]: time=05-07 16:49:54.022 processed=<null> org=RegisteringState dest=<null> what=39(0x27)
05-07 16:57:20.364 I/RegiMgr<0>(31318):  rec[5]: time=05-07 16:49:54.023 processed=RegisteringState org=RegisteringState dest=<null> what=2000(0x7d0)
05-07 16:57:20.364 I/RegiMgr<0>(31318):  rec[6]: time=05-07 16:49:54.023 processed=RegisteringState org=RegisteringState dest=<null> what=7(0x7)
05-07 16:57:20.364 I/RegiMgr<0>(31318):  rec[7]: time=05-07 16:49:54.201 processed=RegisteringState org=RegisteringState dest=RegisteredState what=8(0x8)
05-07 16:57:20.364 I/RegiMgr<0>(31318):  rec[8]: time=05-07 16:57:14.045 processed=ReadyState org=RegisteredState dest=<null> what=34(0x22)
05-07 16:57:20.364 I/RegiMgr<0>(31318):  rec[9]: time=05-07 16:57:14.045 processed=RegisteredState org=RegisteredState dest=<null> what=2000(0x7d0)
05-07 16:57:20.364 I/RegiMgr<0>(31318):  rec[10]: time=05-07 16:57:14.061 processed=ReadyState org=RegisteredState dest=<null> what=34(0x22)
05-07 16:57:20.364 I/RegiMgr<0>(31318):  rec[11]: time=05-07 16:57:14.062 processed=ReadyState org=RegisteredState dest=<null> what=50(0x32)
05-07 16:57:20.364 I/RegiMgr<0>(31318):  rec[12]: time=05-07 16:57:14.062 processed=RegisteredState org=RegisteredState dest=<null> what=2000(0x7d0)
05-07 16:57:20.364 I/RegiMgr<0>(31318):  rec[13]: time=05-07 16:57:20.326 processed=ReadyState org=RegisteredState dest=<null> what=34(0x22)
05-07 16:57:20.364 I/RegiMgr<0>(31318):  rec[14]: time=05-07 16:57:20.326 processed=ReadyState org=RegisteredState dest=<null> what=50(0x32)
05-07 16:57:20.364 I/RegiMgr<0>(31318):  rec[15]: time=05-07 16:57:20.326 processed=RegisteredState org=RegisteredState dest=<null> what=2000(0x7d0)
05-07 16:57:20.364 I/RegiMgr<0>(31318):  rec[16]: time=05-07 16:57:20.351 processed=ReadyState org=RegisteredState dest=<null> what=34(0x22)
05-07 16:57:20.364 I/RegiMgr<0>(31318):  rec[17]: time=05-07 16:57:20.351 processed=RegisteredState org=RegisteredState dest=<null> what=2000(0x7d0)
05-07 16:57:20.364 I/RegiMgr<0>(31318): curState=RegisteredState
05-07 16:57:20.364 I/RegiMgr<0>(31318): , mReason=, mPcscfHostname=pcscf2-c0-ec1.samsungmdec.com, mDeregiReason=41]
05-07 16:57:20.364 I/PaniGenerator<0>(31318): generate: subId=4, network=18, pdn=1
05-07 16:57:20.364 I/PaniGenerator<0>(31318): generate: network=18, fallbackPlmn=00000
05-07 16:57:20.364 I/PaniGenerator<0>(31318): generateWiFiPani: Format for generating PANI - <PREFIX>;<NODE_ID>
05-07 16:57:20.364 I/PaniGenerator<0>(31318): generateWiFiPani: normalized PANI: IEEE-802.11;i-wlan-node-id=3c3712aa5352
05-07 16:57:20.364 I/PaniGenerator(31318): setLkcForLastPani: No Last PANI header for SamsungCMC_PD
05-07 16:57:20.364 I/UserAgent<0>(31318): updatePani
05-07 16:57:20.364 I/SECIMSJ (31318): [1583]> 232
05-07 16:57:20.364 I/StackIF (31318): updateRat: 31921 network: 18
05-07 16:57:20.364 I/[IMS6.0](31318): IMS_onResponse()
05-07 16:57:20.365 I/StackIF (31318): processMessage 2
05-07 16:57:20.365 I/StackIF (31318): Processing Response
05-07 16:57:20.365 I/SECIMSJ (31318): [1584]> 80
05-07 16:57:20.365 I/SECIMSJ (31318): [1583]< 600
05-07 16:57:20.365 I/StackIF (31318): processResponse: reqId 600
05-07 16:57:20.365 I/StackIF (31318): processResponse: handle 18600 result 0 reason 0
05-07 16:57:20.365 I/StackIF (31318): updateRat: 18600 network: 18
05-07 16:57:20.365 I/[IMS6.0](31318): IMS_onResponse()
05-07 16:57:20.365 I/GeolocationCon(31318): handleMessage : what = SERVICE_STATE_CHANGED
05-07 16:57:20.365 I/SECIMSJ (31318): [1585]> 80
05-07 16:57:20.365 I/StackIF (31318): processMessage 2
05-07 16:57:20.365 I/StackIF (31318): Processing Response
05-07 16:57:20.365 I/SECIMSJ (31318): [1584]< 602
05-07 16:57:20.365 I/StackIF (31318): processResponse: reqId 602
05-07 16:57:20.365 I/GeolocationCon(31318): matchTimingReqLocation ,match=0, timing=4
05-07 16:57:20.365 I/GeolocationCon(31318): matchTimingReqLocation ,match=1, timing=4
05-07 16:57:20.365 I/GeolocationCon(31318): matchTimingReqLocation ,match=0, timing=4
05-07 16:57:20.365 I/GeolocationCon(31318): profile is null
05-07 16:57:20.365 I/StackIF (31318): processResponse: handle 31921 result 0 reason 0
05-07 16:57:20.365 I/[IMS6.0](31318): IMS_onResponse()
05-07 16:57:20.365 I/StackIF (31318): processMessage 2
05-07 16:57:20.365 I/StackIF (31318): Processing Response
05-07 16:57:20.365 I/SECIMSJ (31318): [1585]< 602
05-07 16:57:20.365 I/StackIF (31318): processResponse: reqId 602
05-07 16:57:20.365 I/StackIF (31318): processResponse: handle 18600 result 0 reason 0
05-07 16:57:20.365 I/GeolocationCon<0>(31318): onNetworkCountryIsoChanged: mCountryIso = it, iso = it
05-07 16:57:20.371 W/View    (31394): requestLayout() improperly called by android.widget.FrameLayout{5ca5aa2 V.E...... ......I. 0,0-1080,2340 #14} during layout: running second layout pass
05-07 16:57:20.371 W/View    (31394): requestLayout() improperly called by com.android.systemui.qs.QSTouchAwareFrameLayout{a122333 V.E...... ......ID 0,103-1080,2340 #7e0a0a3e com.android.systemui:id/qs_frame} during layout: running second layout pass
05-07 16:57:20.371 W/RefactorFlag(31394): New code path expects SceneContainerFlag to be enabled.
05-07 16:57:20.376 I/View    (30993): setRequestedFrameRate frameRate=NaN, this=androidx.compose.ui.platform.AndroidComposeView{332a0 VFED..... ......ID 0,0-1080,2340 aid=1073741824}, caller=android.view.ViewGroup.setRequestedFrameRate:10045 androidx.compose.ui.platform.Api35Impl.setRequestedFrameRate:4033 androidx.compose.ui.platform.AndroidComposeView.dispatchDraw:2248 android.view.View.draw:26758 android.view.View.updateDisplayListIfDirty:25577 
05-07 16:57:20.376 I/View    (30993): setRequestedFrameRate frameRate=-4.0, this=android.view.View{46a4031 V.ED..... ........ 0,0-0,0}, caller=androidx.compose.ui.platform.Api35Impl.setRequestedFrameRate:4033 androidx.compose.ui.platform.AndroidComposeView.dispatchDraw:2251 android.view.View.draw:26758 android.view.View.updateDisplayListIfDirty:25577 android.view.ViewGroup.recreateChildDisplayList:4881 
05-07 16:57:20.380 I/View    (30993): setRequestedFrameRate frameRate=NaN, this=androidx.compose.ui.platform.AndroidComposeView{332a0 VFED..... ......ID 0,0-1080,2340 aid=1073741824}, caller=android.view.ViewGroup.setRequestedFrameRate:10045 androidx.compose.ui.platform.Api35Impl.setRequestedFrameRate:4033 androidx.compose.ui.platform.AndroidComposeView.dispatchDraw:2248 android.view.View.draw:26758 android.view.View.updateDisplayListIfDirty:25577 
05-07 16:57:20.380 I/View    (30993): setRequestedFrameRate frameRate=-4.0, this=android.view.View{46a4031 V.ED..... ........ 0,0-0,0}, caller=androidx.compose.ui.platform.Api35Impl.setRequestedFrameRate:4033 androidx.compose.ui.platform.AndroidComposeView.dispatchDraw:2251 android.view.View.draw:26758 android.view.View.updateDisplayListIfDirty:25577 android.view.ViewGroup.recreateChildDisplayList:4881 
05-07 16:57:20.386 I/View    (30993): setRequestedFrameRate frameRate=NaN, this=androidx.compose.ui.platform.AndroidComposeView{332a0 VFED..... ......ID 0,0-1080,2340 aid=1073741824}, caller=android.view.ViewGroup.setRequestedFrameRate:10045 androidx.compose.ui.platform.Api35Impl.setRequestedFrameRate:4033 androidx.compose.ui.platform.AndroidComposeView.dispatchDraw:2248 android.view.View.draw:26758 android.view.View.updateDisplayListIfDirty:25577 
05-07 16:57:20.386 I/View    (30993): setRequestedFrameRate frameRate=-4.0, this=android.view.View{46a4031 V.ED..... ........ 0,0-0,0}, caller=androidx.compose.ui.platform.Api35Impl.setRequestedFrameRate:4033 androidx.compose.ui.platform.AndroidComposeView.dispatchDraw:2251 android.view.View.draw:26758 android.view.View.updateDisplayListIfDirty:25577 android.view.ViewGroup.recreateChildDisplayList:4881 
05-07 16:57:20.395 I/View    (30993): setRequestedFrameRate frameRate=NaN, this=androidx.compose.ui.platform.AndroidComposeView{332a0 VFED..... ......ID 0,0-1080,2340 aid=1073741824}, caller=android.view.ViewGroup.setRequestedFrameRate:10045 androidx.compose.ui.platform.Api35Impl.setRequestedFrameRate:4033 androidx.compose.ui.platform.AndroidComposeView.dispatchDraw:2248 android.view.View.draw:26758 android.view.View.updateDisplayListIfDirty:25577 
05-07 16:57:20.395 I/View    (30993): setRequestedFrameRate frameRate=-4.0, this=android.view.View{46a4031 V.ED..... ........ 0,0-0,0}, caller=androidx.compose.ui.platform.Api35Impl.setRequestedFrameRate:4033 androidx.compose.ui.platform.AndroidComposeView.dispatchDraw:2251 android.view.View.draw:26758 android.view.View.updateDisplayListIfDirty:25577 android.view.ViewGroup.recreateChildDisplayList:4881 
05-07 16:57:20.401 I/system_server(30245): Background concurrent mark compact GC freed 41MB AllocSpace bytes, 171(6672KB) LOS objects, 17% free, 226MB/274MB, paused 2.120ms,11.098ms total 520.674ms
05-07 16:57:20.403 I/View    (30993): setRequestedFrameRate frameRate=NaN, this=androidx.compose.ui.platform.AndroidComposeView{332a0 VFED..... ......ID 0,0-1080,2340 aid=1073741824}, caller=android.view.ViewGroup.setRequestedFrameRate:10045 androidx.compose.ui.platform.Api35Impl.setRequestedFrameRate:4033 androidx.compose.ui.platform.AndroidComposeView.dispatchDraw:2248 android.view.View.draw:26758 android.view.View.updateDisplayListIfDirty:25577 
05-07 16:57:20.403 I/View    (30993): setRequestedFrameRate frameRate=-4.0, this=android.view.View{46a4031 V.ED..... ........ 0,0-0,0}, caller=androidx.compose.ui.platform.Api35Impl.setRequestedFrameRate:4033 androidx.compose.ui.platform.AndroidComposeView.dispatchDraw:2251 android.view.View.draw:26758 android.view.View.updateDisplayListIfDirty:25577 android.view.ViewGroup.recreateChildDisplayList:4881 
05-07 16:57:20.403 I/FontLog (18638): (REDACTED) Received query %s, URI %s
05-07 16:57:20.403 I/FontLog (18638): (REDACTED) Query [%s] resolved to %s
05-07 16:57:20.404 I/FontLog (18638): (REDACTED) Fetch %s end status %s
05-07 16:57:20.405 I/FontLog (18638): (REDACTED) Pulling font file for id = %d, cache size = %d
05-07 16:57:20.406 I/FontLog (18638): (REDACTED) Pulling font file for id = %d, cache size = %d
05-07 16:57:20.411 I/View    (30993): setRequestedFrameRate frameRate=NaN, this=androidx.compose.ui.platform.AndroidComposeView{332a0 VFED..... ........ 0,0-1080,2340 aid=1073741824}, caller=android.view.ViewGroup.setRequestedFrameRate:10045 androidx.compose.ui.platform.Api35Impl.setRequestedFrameRate:4033 androidx.compose.ui.platform.AndroidComposeView.dispatchDraw:2248 android.view.View.draw:26758 android.view.View.updateDisplayListIfDirty:25577 
05-07 16:57:20.411 I/View    (30993): setRequestedFrameRate frameRate=-4.0, this=android.view.View{46a4031 V.ED..... ........ 0,0-0,0}, caller=androidx.compose.ui.platform.Api35Impl.setRequestedFrameRate:4033 androidx.compose.ui.platform.AndroidComposeView.dispatchDraw:2251 android.view.View.draw:26758 android.view.View.updateDisplayListIfDirty:25577 android.view.ViewGroup.recreateChildDisplayList:4881 
05-07 16:57:20.421 I/View    (30993): setRequestedFrameRate frameRate=NaN, this=androidx.compose.ui.platform.AndroidComposeView{332a0 VFED..... ......ID 0,0-1080,2340 aid=1073741824}, caller=android.view.ViewGroup.setRequestedFrameRate:10045 androidx.compose.ui.platform.Api35Impl.setRequestedFrameRate:4033 androidx.compose.ui.platform.AndroidComposeView.dispatchDraw:2248 android.view.View.draw:26758 android.view.View.updateDisplayListIfDirty:25577 
05-07 16:57:20.421 I/View    (30993): setRequestedFrameRate frameRate=-4.0, this=android.view.View{46a4031 V.ED..... ........ 0,0-0,0}, caller=androidx.compose.ui.platform.Api35Impl.setRequestedFrameRate:4033 androidx.compose.ui.platform.AndroidComposeView.dispatchDraw:2251 android.view.View.draw:26758 android.view.View.updateDisplayListIfDirty:25577 android.view.ViewGroup.recreateChildDisplayList:4881 
05-07 16:57:20.427 I/ChimeraGenieUnloadPolicyHandler(30245): LRU list is empty
05-07 16:57:20.428 I/View    (30993): setRequestedFrameRate frameRate=NaN, this=androidx.compose.ui.platform.AndroidComposeView{332a0 VFED..... ........ 0,0-1080,2340 aid=1073741824}, caller=android.view.ViewGroup.setRequestedFrameRate:10045 androidx.compose.ui.platform.Api35Impl.setRequestedFrameRate:4033 androidx.compose.ui.platform.AndroidComposeView.dispatchDraw:2248 android.view.View.draw:26758 android.view.View.updateDisplayListIfDirty:25577 
05-07 16:57:20.428 I/View    (30993): setRequestedFrameRate frameRate=-4.0, this=android.view.View{46a4031 V.ED..... ........ 0,0-0,0}, caller=androidx.compose.ui.platform.Api35Impl.setRequestedFrameRate:4033 androidx.compose.ui.platform.AndroidComposeView.dispatchDraw:2251 android.view.View.draw:26758 android.view.View.updateDisplayListIfDirty:25577 android.view.ViewGroup.recreateChildDisplayList:4881 
05-07 16:57:20.429 D/WifiConnectivityMonitor.NetworkStatsAnalyzer(30245): Backhaul result - RSSI:-48, CE:27, PE:27, TI:37, PTI:37, TW:0, PTW:0, Tx:35, Rx:46, TxS:33, RxS:33, RESULT:true, IC:0, ICT:5, WC:0, WCT:5, R:2, RC:0, IE:0, EC:0
05-07 16:57:20.436 I/View    (30993): setRequestedFrameRate frameRate=NaN, this=androidx.compose.ui.platform.AndroidComposeView{332a0 VFED..... ........ 0,0-1080,2340 aid=1073741824}, caller=android.view.ViewGroup.setRequestedFrameRate:10045 androidx.compose.ui.platform.Api35Impl.setRequestedFrameRate:4033 androidx.compose.ui.platform.AndroidComposeView.dispatchDraw:2248 android.view.View.draw:26758 android.view.View.updateDisplayListIfDirty:25577 
05-07 16:57:20.436 I/View    (30993): setRequestedFrameRate frameRate=-4.0, this=android.view.View{46a4031 V.ED..... ........ 0,0-0,0}, caller=androidx.compose.ui.platform.Api35Impl.setRequestedFrameRate:4033 androidx.compose.ui.platform.AndroidComposeView.dispatchDraw:2251 android.view.View.draw:26758 android.view.View.updateDisplayListIfDirty:25577 android.view.ViewGroup.recreateChildDisplayList:4881 
05-07 16:57:20.445 I/View    (30993): setRequestedFrameRate frameRate=NaN, this=androidx.compose.ui.platform.AndroidComposeView{332a0 VFED..... ........ 0,0-1080,2340 aid=1073741824}, caller=android.view.ViewGroup.setRequestedFrameRate:10045 androidx.compose.ui.platform.Api35Impl.setRequestedFrameRate:4033 androidx.compose.ui.platform.AndroidComposeView.dispatchDraw:2248 android.view.View.draw:26758 android.view.View.updateDisplayListIfDirty:25577 
05-07 16:57:20.445 I/View    (30993): setRequestedFrameRate frameRate=-4.0, this=android.view.View{46a4031 V.ED..... ........ 0,0-0,0}, caller=androidx.compose.ui.platform.Api35Impl.setRequestedFrameRate:4033 androidx.compose.ui.platform.AndroidComposeView.dispatchDraw:2251 android.view.View.draw:26758 android.view.View.updateDisplayListIfDirty:25577 android.view.ViewGroup.recreateChildDisplayList:4881 
05-07 16:57:20.453 I/View    (30993): setRequestedFrameRate frameRate=NaN, this=androidx.compose.ui.platform.AndroidComposeView{332a0 VFED..... ........ 0,0-1080,2340 aid=1073741824}, caller=android.view.ViewGroup.setRequestedFrameRate:10045 androidx.compose.ui.platform.Api35Impl.setRequestedFrameRate:4033 androidx.compose.ui.platform.AndroidComposeView.dispatchDraw:2248 android.view.View.draw:26758 android.view.View.updateDisplayListIfDirty:25577 
05-07 16:57:20.453 I/View    (30993): setRequestedFrameRate frameRate=-4.0, this=android.view.View{46a4031 V.ED..... ........ 0,0-0,0}, caller=androidx.compose.ui.platform.Api35Impl.setRequestedFrameRate:4033 androidx.compose.ui.platform.AndroidComposeView.dispatchDraw:2251 android.view.View.draw:26758 android.view.View.updateDisplayListIfDirty:25577 android.view.ViewGroup.recreateChildDisplayList:4881 
05-07 16:57:20.461 I/View    (30993): setRequestedFrameRate frameRate=NaN, this=androidx.compose.ui.platform.AndroidComposeView{332a0 VFED..... ......ID 0,0-1080,2340 aid=1073741824}, caller=android.view.ViewGroup.setRequestedFrameRate:10045 androidx.compose.ui.platform.Api35Impl.setRequestedFrameRate:4033 androidx.compose.ui.platform.AndroidComposeView.dispatchDraw:2248 android.view.View.draw:26758 android.view.View.updateDisplayListIfDirty:25577 
05-07 16:57:20.461 I/View    (30993): setRequestedFrameRate frameRate=-4.0, this=android.view.View{46a4031 V.ED..... ........ 0,0-0,0}, caller=androidx.compose.ui.platform.Api35Impl.setRequestedFrameRate:4033 androidx.compose.ui.platform.AndroidComposeView.dispatchDraw:2251 android.view.View.draw:26758 android.view.View.updateDisplayListIfDirty:25577 android.view.ViewGroup.recreateChildDisplayList:4881 
05-07 16:57:20.470 I/View    (30993): setRequestedFrameRate frameRate=NaN, this=androidx.compose.ui.platform.AndroidComposeView{332a0 VFED..... ........ 0,0-1080,2340 aid=1073741824}, caller=android.view.ViewGroup.setRequestedFrameRate:10045 androidx.compose.ui.platform.Api35Impl.setRequestedFrameRate:4033 androidx.compose.ui.platform.AndroidComposeView.dispatchDraw:2248 android.view.View.draw:26758 android.view.View.updateDisplayListIfDirty:25577 
05-07 16:57:20.470 I/View    (30993): setRequestedFrameRate frameRate=-4.0, this=android.view.View{46a4031 V.ED..... ........ 0,0-0,0}, caller=androidx.compose.ui.platform.Api35Impl.setRequestedFrameRate:4033 androidx.compose.ui.platform.AndroidComposeView.dispatchDraw:2251 android.view.View.draw:26758 android.view.View.updateDisplayListIfDirty:25577 android.view.ViewGroup.recreateChildDisplayList:4881 
05-07 16:57:20.473 I/okhttp.OkHttpClient(30993): <-- 200 https://web.spaggiari.eu/rest/v1/students/10343142/grades (150ms, unknown-length body)
05-07 16:57:20.478 I/View    (30993): setRequestedFrameRate frameRate=NaN, this=androidx.compose.ui.platform.AndroidComposeView{332a0 VFED..... ......ID 0,0-1080,2340 aid=1073741824}, caller=android.view.ViewGroup.setRequestedFrameRate:10045 androidx.compose.ui.platform.Api35Impl.setRequestedFrameRate:4033 androidx.compose.ui.platform.AndroidComposeView.dispatchDraw:2248 android.view.View.draw:26758 android.view.View.updateDisplayListIfDirty:25577 
05-07 16:57:20.478 I/View    (30993): setRequestedFrameRate frameRate=-4.0, this=android.view.View{46a4031 V.ED..... ........ 0,0-0,0}, caller=androidx.compose.ui.platform.Api35Impl.setRequestedFrameRate:4033 androidx.compose.ui.platform.AndroidComposeView.dispatchDraw:2251 android.view.View.draw:26758 android.view.View.updateDisplayListIfDirty:25577 android.view.ViewGroup.recreateChildDisplayList:4881 
05-07 16:57:20.486 I/View    (30993): setRequestedFrameRate frameRate=NaN, this=androidx.compose.ui.platform.AndroidComposeView{332a0 VFED..... ........ 0,0-1080,2340 aid=1073741824}, caller=android.view.ViewGroup.setRequestedFrameRate:10045 androidx.compose.ui.platform.Api35Impl.setRequestedFrameRate:4033 androidx.compose.ui.platform.AndroidComposeView.dispatchDraw:2248 android.view.View.draw:26758 android.view.View.updateDisplayListIfDirty:25577 
05-07 16:57:20.486 I/View    (30993): setRequestedFrameRate frameRate=-4.0, this=android.view.View{46a4031 V.ED..... ........ 0,0-0,0}, caller=androidx.compose.ui.platform.Api35Impl.setRequestedFrameRate:4033 androidx.compose.ui.platform.AndroidComposeView.dispatchDraw:2251 android.view.View.draw:26758 android.view.View.updateDisplayListIfDirty:25577 android.view.ViewGroup.recreateChildDisplayList:4881 
05-07 16:57:20.494 I/View    (30993): setRequestedFrameRate frameRate=NaN, this=androidx.compose.ui.platform.AndroidComposeView{332a0 VFED..... ......ID 0,0-1080,2340 aid=1073741824}, caller=android.view.ViewGroup.setRequestedFrameRate:10045 androidx.compose.ui.platform.Api35Impl.setRequestedFrameRate:4033 androidx.compose.ui.platform.AndroidComposeView.dispatchDraw:2248 android.view.View.draw:26758 android.view.View.updateDisplayListIfDirty:25577 
05-07 16:57:20.495 I/View    (30993): setRequestedFrameRate frameRate=-4.0, this=android.view.View{46a4031 V.ED..... ........ 0,0-0,0}, caller=androidx.compose.ui.platform.Api35Impl.setRequestedFrameRate:4033 androidx.compose.ui.platform.AndroidComposeView.dispatchDraw:2251 android.view.View.draw:26758 android.view.View.updateDisplayListIfDirty:25577 android.view.ViewGroup.recreateChildDisplayList:4881 
05-07 16:57:20.503 I/View    (30993): setRequestedFrameRate frameRate=NaN, this=androidx.compose.ui.platform.AndroidComposeView{332a0 VFED..... ......ID 0,0-1080,2340 aid=1073741824}, caller=android.view.ViewGroup.setRequestedFrameRate:10045 androidx.compose.ui.platform.Api35Impl.setRequestedFrameRate:4033 androidx.compose.ui.platform.AndroidComposeView.dispatchDraw:2248 android.view.View.draw:26758 android.view.View.updateDisplayListIfDirty:25577 
05-07 16:57:20.503 I/View    (30993): setRequestedFrameRate frameRate=-4.0, this=android.view.View{46a4031 V.ED..... ........ 0,0-0,0}, caller=androidx.compose.ui.platform.Api35Impl.setRequestedFrameRate:4033 androidx.compose.ui.platform.AndroidComposeView.dispatchDraw:2251 android.view.View.draw:26758 android.view.View.updateDisplayListIfDirty:25577 android.view.ViewGroup.recreateChildDisplayList:4881 
05-07 16:57:20.507 W/AccessibilityWindowsPopulator(30245): Windows change within in 2 frames continuously over 500 ms and notify windows changed immediately
05-07 16:57:20.511 I/View    (30993): setRequestedFrameRate frameRate=NaN, this=androidx.compose.ui.platform.AndroidComposeView{332a0 VFED..... ........ 0,0-1080,2340 aid=1073741824}, caller=android.view.ViewGroup.setRequestedFrameRate:10045 androidx.compose.ui.platform.Api35Impl.setRequestedFrameRate:4033 androidx.compose.ui.platform.AndroidComposeView.dispatchDraw:2248 android.view.View.draw:26758 android.view.View.updateDisplayListIfDirty:25577 
05-07 16:57:20.511 I/View    (30993): setRequestedFrameRate frameRate=-4.0, this=android.view.View{46a4031 V.ED..... ........ 0,0-0,0}, caller=androidx.compose.ui.platform.Api35Impl.setRequestedFrameRate:4033 androidx.compose.ui.platform.AndroidComposeView.dispatchDraw:2251 android.view.View.draw:26758 android.view.View.updateDisplayListIfDirty:25577 android.view.ViewGroup.recreateChildDisplayList:4881 
05-07 16:57:20.513 I/HYPER-HAL(29885): [RequestManager.cpp]releaseLocked(): Released ID : 479710554
05-07 16:57:20.527 D/SGM:GameManager(30245): identifyForegroundApp. dev.antigravity.classevivaexpressive, mCurrentUserId: 0, callerUserId: 0
05-07 16:57:20.527 D/SGM:SemGameManager(30245): isForegroundGame(), ret=false
05-07 16:57:20.533 I/View    (30993): setRequestedFrameRate frameRate=NaN, this=androidx.compose.ui.platform.AndroidComposeView{332a0 VFED..... ......ID 0,0-1080,2340 aid=1073741824}, caller=android.view.ViewGroup.setRequestedFrameRate:10045 androidx.compose.ui.platform.Api35Impl.setRequestedFrameRate:4033 androidx.compose.ui.platform.AndroidComposeView.dispatchDraw:2248 android.view.View.draw:26758 android.view.View.updateDisplayListIfDirty:25577 
05-07 16:57:20.533 I/View    (30993): setRequestedFrameRate frameRate=-4.0, this=android.view.View{46a4031 V.ED..... ........ 0,0-0,0}, caller=androidx.compose.ui.platform.Api35Impl.setRequestedFrameRate:4033 androidx.compose.ui.platform.AndroidComposeView.dispatchDraw:2251 android.view.View.draw:26758 android.view.View.updateDisplayListIfDirty:25577 android.view.ViewGroup.recreateChildDisplayList:4881 
05-07 16:57:20.535 I/okhttp.OkHttpClient(30993): --> GET https://web.spaggiari.eu/rest/v1/students/10343142/periods
05-07 16:57:20.558 I/InputMethodService( 2755): removeImeSurface
05-07 16:57:20.558 I/InputMethodService( 2755): cancelImeSurfaceRemoval: removeCallbacks
05-07 16:57:20.564 I/NearbyMediums(18638): Found Fast Ble Advertisements :
05-07 16:57:20.564 I/NearbyMediums(18638): BleAdvertisement { version=2, socketVersion=2, isFast=true, serviceIdHash=null, data=[ 0x23 0x47 0x5a 0x46 0x5a 0x11 0x16 0xc3 0x53 0x9b 0x72 0x57 0x98 0xc1 0x98 0x37 0xaa 0xa7 0x01 0xbf 0xfc 0xe1 0x22 ], deviceToken=[ 0x93 0x87 ], rxAdvertisement=null } : 11 times.
05-07 16:57:20.564 I/NearbyMediums(18638): Total 11 fast advertisements from 1 unique advertisers.
05-07 16:57:20.564 I/NearbyMediums(18638): Current Tracked Scanning Clients are : {NearbyConnections.EnvironmentMonitor, NearbySharing, NearbyConnections.TxAdvertisement}
05-07 16:57:20.570 V/WindowManagerShell(31394): Transition animation finished (aborted=false), notifying core (#20054) android.os.BinderProxy@60e17f@0
05-07 16:57:20.570 I/SurfaceControlRegistry(31394): apply, t=FinishTransaction_SyncId<20054>, caller=android.view.SurfaceControl$Transaction.apply:3578 android.view.SurfaceControl$Transaction.apply:3566 android.view.SurfaceControl$Transaction.apply:3516 com.android.wm.shell.transition.Transitions.onFinish:381 com.android.wm.shell.transition.Transitions$$ExternalSyntheticLambda8.onTransitionFinished:12 com.android.wm.shell.transition.DefaultTransitionHandler$$ExternalSyntheticLambda2.run:276 
05-07 16:57:20.575 V/WindowManager(30245): Finish Transition: TransitionRecord{379672 id=20054 type=OPEN flags=0x0 parallelCollectType=NONE recentsDisplayId=-1 c=[
05-07 16:57:20.575 V/WindowManager(30245):    ChangeInfo{93bf096 container=Task{64a7be #26554 type=standard A=10660:dev.antigravity.classevivaexpressive} flags=0x10}
05-07 16:57:20.575 V/WindowManager(30245):    ChangeInfo{bd75417 container=DefaultTaskDisplayArea_d0@54804695 flags=0x0}
05-07 16:57:20.575 V/WindowManager(30245):    ChangeInfo{7180004 container=ActivityRecord{95288003 u0 dev.antigravity.classevivaexpressive/.MainActivity t26554} flags=0x0}
05-07 16:57:20.575 V/WindowManager(30245):    ChangeInfo{8c8b782 container=ActivityRecord{100894704 u0 eu.spaggiari.classevivastudente/eu.spaggiari.classeviva.classeviva.MainActivity t26548} flags=0x0}
05-07 16:57:20.575 V/WindowManager(30245):    ChangeInfo{5ebee93 container=Task{8ad7b25 #26548 type=standard A=10430:eu.spaggiari.classevivastudente} flags=0x10}
05-07 16:57:20.575 V/WindowManager(30245):    ChangeInfo{c5169ed container=WindowedMagnification:0:31@162064656 flags=0x0}
05-07 16:57:20.575 V/WindowManager(30245):    ChangeInfo{73e8022 container=Display{#0 state=ON size=1080x2340 ROTATION_0} flags=0x0}
05-07 16:57:20.575 V/WindowManager(30245):    ChangeInfo{cf31ab3 container=AppZoomOut:2:14@260480965 flags=0x0}
05-07 16:57:20.575 V/WindowManager(30245): ]
05-07 16:57:20.575 V/WindowManager(30245): }, caller=com.android.server.wm.WindowOrganizerController.finishTransitionInner:34 com.android.server.wm.WindowOrganizerController.finishAllTransitions:60 android.window.IWindowOrganizerController$Stub.onTransact:292 
05-07 16:57:20.576 V/WindowManager(30245): Setting visibility of Window{654de81 u0 eu.spaggiari.classevivastudente/eu.spaggiari.classeviva.classeviva.MainActivity}: false, caller=com.android.server.wm.WindowContainer.sendAppVisibilityToClients:19 com.android.server.wm.WindowToken.setClientVisible:91 com.android.server.wm.ActivityRecord.commitVisibility:186 com.android.server.wm.TransitionController.finishTransition:966 com.android.server.wm.WindowOrganizerController.finishTransitionInner:34 
05-07 16:57:20.576 D/PersonaActivityHelper(30245): token.toString()  Token{eb801f ActivityRecord{95288003 u0 dev.antigravity.classevivaexpressive/.MainActivity t26554}}
05-07 16:57:20.576 D/PersonaActivityHelper(30245): mLastResumedSFActivity getPackageName  com.google.android.permissioncontroller
05-07 16:57:20.576 D/PersonaActivityHelper(30245): mLastResumedSFActivity getShortClassName  com.android.permissioncontroller.permission.ui.GrantPermissionsActivity
05-07 16:57:20.576 V/WindowManager(30245): Finish Transition (#20054): created at 05-07 16:57:19.817 collect-started=0.239ms request-sent=5.241ms started=7.415ms ready=32.936ms sent=34.679ms commit=10.324ms finished=758.217ms
05-07 16:57:20.576 I/VRI[MainActivity]@d0746e2( 6892): handleAppVisibility mAppVisible = true visible = false
05-07 16:57:20.576 D/VRI[MainActivity]@d0746e2( 6892): visibilityChanged oldVisibility=true newVisibility=false
05-07 16:57:20.576 D/PersonaActivityHelper(30245): token.toString()  Token{100e4fa ActivityRecord{100894704 u0 eu.spaggiari.classevivastudente/eu.spaggiari.classeviva.classeviva.MainActivity t26548}}
05-07 16:57:20.576 D/PersonaActivityHelper(30245): mLastResumedSFActivity getPackageName  com.google.android.permissioncontroller
05-07 16:57:20.576 D/PersonaActivityHelper(30245): mLastResumedSFActivity getShortClassName  com.android.permissioncontroller.permission.ui.GrantPermissionsActivity
05-07 16:57:20.577 W/PhoneWindowManager(30245): lockNow pending, ignore updating lockscreen timeout
05-07 16:57:20.577 W/PackageConfigPersister(30245): App-specific configuration not found for packageName: eu.spaggiari.classevivastudente and userId: 0
05-07 16:57:20.577 D/ChangeTransitionController(30245): onTransitionFinished: TransitionRecord{379672 id=20054 type=OPEN flags=0x0 parallelCollectType=NONE recentsDisplayId=-1 c=[
05-07 16:57:20.577 D/ChangeTransitionController(30245):    ChangeInfo{93bf096 container=Task{64a7be #26554 type=standard A=10660:dev.antigravity.classevivaexpressive} flags=0x10}
05-07 16:57:20.577 D/ChangeTransitionController(30245):    ChangeInfo{bd75417 container=DefaultTaskDisplayArea_d0@54804695 flags=0x0}
05-07 16:57:20.577 D/ChangeTransitionController(30245):    ChangeInfo{7180004 container=ActivityRecord{95288003 u0 dev.antigravity.classevivaexpressive/.MainActivity t26554} flags=0x0}
05-07 16:57:20.577 D/ChangeTransitionController(30245):    ChangeInfo{8c8b782 container=ActivityRecord{100894704 u0 eu.spaggiari.classevivastudente/eu.spaggiari.classeviva.classeviva.MainActivity t26548} flags=0x0}
05-07 16:57:20.577 D/ChangeTransitionController(30245):    ChangeInfo{5ebee93 container=Task{8ad7b25 #26548 type=standard A=10430:eu.spaggiari.classevivastudente} flags=0x10}
05-07 16:57:20.577 D/ChangeTransitionController(30245):    ChangeInfo{c5169ed container=WindowedMagnification:0:31@162064656 flags=0x0}
05-07 16:57:20.577 D/ChangeTransitionController(30245):    ChangeInfo{73e8022 container=Display{#0 state=ON size=1080x2340 ROTATION_0} flags=0x0}
05-07 16:57:20.577 D/ChangeTransitionController(30245):    ChangeInfo{cf31ab3 container=AppZoomOut:2:14@260480965 flags=0x0}
05-07 16:57:20.577 D/ChangeTransitionController(30245): ]
05-07 16:57:20.577 D/ChangeTransitionController(30245): }
05-07 16:57:20.578 V/WindowManagerShell(31394): Track 0 became idle
05-07 16:57:20.578 V/WindowManagerShell(31394): All active transition animations finished
05-07 16:57:20.578 I/SurfaceFlinger( 1880): RequestedLayer [Task=26548#417838] hidden!! flag  from(0) --> to(1)
05-07 16:57:20.578 I/SV[235565518 MainActivity]( 6892): onWindowVisibilityChanged(8) false io.flutter.embedding.android.FlutterSurfaceView{e0a71ce V.E...... ........ 0,0-1080,2340} of VRI[MainActivity]@d0746e2
05-07 16:57:20.578 I/SurfaceFlinger( 1880): [Display 0 name="Schermo incorporato"#172740] setFrameRateCategory: Default
05-07 16:57:20.578 I/SurfaceView( 6892): 235565518 Changes: creating=false format=false size=false visible=true alpha=false hint=false left=false top=false z=false attached=true lifecycleStrategy=false
05-07 16:57:20.578 I/SurfaceView( 6892): 235565518 Cur surface: Surface(name=null mNativeObject=-5476376648895251360)/@0x907d3dd
05-07 16:57:20.578 I/SurfaceFlinger( 1880): [LayerHierarchy{RequestedLayerState{animation-background for #20054#418257 z=-1} no children}] reparent to OffscreenRoot
05-07 16:57:20.578 I/SurfaceFlinger( 1880): [LayerHierarchy{RequestedLayerState{animation-background for #20054#418257 z=-1} no children}] RelativeParent to null
05-07 16:57:20.578 I/SurfaceFlinger( 1880): [LayerHierarchy{RequestedLayerState{Task=26548#417838 parentId=172709 z=39} 2 children}] reparent to LayerHierarchy{RequestedLayerState{DefaultTaskDisplayArea_d0#172709 parentId=172708} 43 children}
05-07 16:57:20.578 I/SurfaceFlinger( 1880): [LayerHierarchy{RequestedLayerState{Task=26554#418249 parentId=172709 z=40} 1 children}] reparent to LayerHierarchy{RequestedLayerState{DefaultTaskDisplayArea_d0#172709 parentId=172708} 44 children}
05-07 16:57:20.578 I/SurfaceFlinger( 1880): [LayerHierarchy{RequestedLayerState{Transition Root: Task=26554#418253 z=40} no children}] reparent to OffscreenRoot
05-07 16:57:20.578 I/SurfaceFlinger( 1880): [LayerHierarchy{RequestedLayerState{Transition Root: Task=26554#418253 z=40} no children}] RelativeParent to null
05-07 16:57:20.578 I/SurfaceView( 6892): 235565518 surfaceDestroyed
05-07 16:57:20.578 I/SurfaceFlinger( 1880): [LayerHierarchy{RequestedLayerState{DimTransitionLayer for Surface(name=Task=26548#417838)/@0x8ffdcbd#418254 z=1} no children}] reparent to OffscreenRoot
05-07 16:57:20.578 I/SurfaceFlinger( 1880): [LayerHierarchy{RequestedLayerState{DimTransitionLayer for Surface(name=Task=26548#417838)/@0x8ffdcbd#418254 z=1} no children}] RelativeParent to null
05-07 16:57:20.578 I/SV[235565518 MainActivity]( 6892): surfaceDestroyed callback.size 1 #2 io.flutter.embedding.android.FlutterSurfaceView{e0a71ce V.E...... ........ 0,0-1080,2340}
05-07 16:57:20.579 I/SurfaceFlinger( 1880): id=418257 Removed animation-background for #20054#418257 (323)
05-07 16:57:20.579 I/SurfaceFlinger( 1880): id=418254 Removed DimTransitionLayer for Surface(name=Task=26548#417838)/@0x8ffdcbd#418254 (323)
05-07 16:57:20.579 I/SurfaceFlinger( 1880): id=418253 Removed Transition Root: Task=26554#418253 (323)
05-07 16:57:20.580 I/SV[235565518 MainActivity]( 6892): updateSurface: mVisible = false mSurface.isValid() = true
05-07 16:57:20.580 I/SV[235565518 MainActivity]( 6892): releaseSurfaces: viewRoot = VRI[MainActivity]@d0746e2
05-07 16:57:20.580 V/SurfaceView( 6892): Layout: x=0 y=0 w=1080 h=2340, frame=Rect(0, 0 - 1080, 2340)
05-07 16:57:20.581 D/SurfaceFlinger( 1880): Display 4630946249045481107 HWC layers:
05-07 16:57:20.581 D/SurfaceFlinger( 1880):        DEVICE |          133113921404928 | 00002102 | RGBA_8888    |    0.0    0.0 1080.0 2340.0 |    0    0 1080 2340 | dev.antigravity.classevivaexpressive[...]xpressive.MainActivity$_30993#418260 (53)
05-07 16:57:20.581 D/SurfaceFlinger( 1880):        DEVICE |          134836203590747 | 00002100 | RGBA_8888    |    0.0    0.0 1080.0  103.0 |    0    0 1080  103 | StatusBar$_31394#172795 (507584)
05-07 16:57:20.581 D/SurfaceFlinger( 1880):        DEVICE |          112979114767719 | 00002100 | RGBA_8888    |    0.0    0.0   80.0  488.0 | 1000  544 1080 1032 | com.sec.android.app.launcher/com.sam[...]app.CocktailBarService$_26305#418101 (1)
05-07 16:57:20.581 D/SurfaceFlinger( 1880):        DEVICE |          134836203590729 | 00002100 | RGBA_8888    |    0.0    0.0 1080.0  126.0 |    0 2214 1080 2340 | NavigationBar0$_31394#172791 (726843)
05-07 16:57:20.581 D/SurfaceFlinger( 1880): 
05-07 16:57:20.581 D/SurfaceView( 6892): 185482331 windowPositionLost, frameNr = 0
05-07 16:57:20.582 W/ImageReader_JNI(30245): Unable to acquire a buffer item, very likely client tried to acquire more than maxImages buffers
05-07 16:57:20.582 D/HWUI    ( 6892): CacheManager::trimMemory(20)
05-07 16:57:20.583 I/ActivityManager(30245): Changes in 10430 2 to 15, 511 to 384
05-07 16:57:20.583 D/LocalDisplayAdapter(30245): updateActiveModeLocked for d=4630946249045481107, mActiveModeId=1, mActiveSfDisplayMode=DisplayMode{id=0, width=1080, height=2340, xDpi=415.63635, yDpi=418.5634, peakRefreshRate=120.00001, vsyncRate=120.00001, appVsyncOffsetNanos=8333333, presentationDeadlineNanos=9333333, supportedHdrTypes=[4, 2, 3], group=0}
05-07 16:57:20.583 D/BBA2    (30245): updateWindowVisible for pid : 6892, visible : 0
05-07 16:57:20.584 I/WindowManager(30245): Relayout Window{654de81 u0 eu.spaggiari.classevivastudente/eu.spaggiari.classeviva.classeviva.MainActivity}: viewVisibility=8 req=1080x2340 ty=1 d0
05-07 16:57:20.584 I/DisplayDeviceRepository(30245): Display device changed render timings: "Schermo incorporato", renderFrameRate=120.00001, presentationDeadlineNanos=9333333, appVsyncOffsetNanos=8333333, frameRateOverrides=[]
05-07 16:57:20.584 W/PhoneWindowManager(30245): lockNow pending, ignore updating lockscreen timeout
05-07 16:57:20.584 V/OsAgent (  606): broadcastSystemEvent - 7
05-07 16:57:20.585 I/WindowManager(30245): Relayout hash=654de81, pid=6892, syncId=-1: mAttrs={(0,0)(fillxfill) sim={adjust=resize} layoutInDisplayCutoutMode=always ty=BASE_APPLICATION fmt=TRANSLUCENT wanim=0x1030001
05-07 16:57:20.585 I/WindowManager(30245):   fl=81810100
05-07 16:57:20.585 I/WindowManager(30245):   pfl=10008840
05-07 16:57:20.585 I/WindowManager(30245):   vsysui=500
05-07 16:57:20.585 I/WindowManager(30245):   bhv=1
05-07 16:57:20.585 I/WindowManager(30245):   fitSides=0
05-07 16:57:20.585 I/WindowManager(30245):   frameRateBoostOnTouch=true
05-07 16:57:20.585 I/WindowManager(30245):   dvrrWindowFrameRateHint=true naviIconColor=0}
05-07 16:57:20.585 W/PhoneWindowManager(30245): lockNow pending, ignore updating lockscreen timeout
05-07 16:57:20.585 W/PackageConfigPersister(30245): App-specific configuration not found for packageName: dev.antigravity.classevivaexpressive and userId: 0
05-07 16:57:20.585 I/VRI[MainActivity]@d0746e2( 6892): Relayout returned: old=(0,0,1080,2340) new=(0,0,1080,2340) relayoutAsync=false req=(1080,2340)8 dur=2 res=0x2 s={false 0x0} ch=true seqId=0
05-07 16:57:20.585 D/DisplayLifecycle(31394): updateDisplay id = 0
05-07 16:57:20.586 D/WifiDisplayAdapter(30245): isFitToActiveDisplayLocked : false
05-07 16:57:20.586 I/SV[235565518 MainActivity]( 6892): windowStopped(true) false io.flutter.embedding.android.FlutterSurfaceView{e0a71ce V.E...... ........ 0,0-1080,2340} of VRI[MainActivity]@d0746e2
05-07 16:57:20.586 D/SV[235565518 MainActivity]( 6892): updateSurface: surface is not valid
05-07 16:57:20.586 I/SV[235565518 MainActivity]( 6892): releaseSurfaces: viewRoot = VRI[MainActivity]@d0746e2
05-07 16:57:20.586 D/VRI[MainActivity]@d0746e2( 6892): applyTransactionOnDraw applyImmediately
05-07 16:57:20.586 D/StackScroller(31394): onDisplayChanged for predraw skip to 2
05-07 16:57:20.586 D/SV[235565518 MainActivity]( 6892): updateSurface: surface is not valid
05-07 16:57:20.586 I/SV[235565518 MainActivity]( 6892): releaseSurfaces: viewRoot = VRI[MainActivity]@d0746e2
05-07 16:57:20.586 D/VRI[MainActivity]@d0746e2( 6892): applyTransactionOnDraw applyImmediately
05-07 16:57:20.586 D/VRI[MainActivity]@d0746e2( 6892): Not drawing due to not visible. Reason=!mAppVisible && !mForceDecorViewVisibility
05-07 16:57:20.587 D/VRI[MainActivity]@d0746e2( 6892): Pending transaction will not be applied in sync with a draw due to view not visible
05-07 16:57:20.587 I/VRI[MainActivity]@d0746e2( 6892): mWNT: t=0xb4000075124fb5f0 mBlastBufferQueue=0xnull fn= 0 HdrRenderState mRenderHdrSdrRatio=1.0 caller= android.view.ViewRootImpl.handleSyncRequestWhenNoAsyncDraw:6808 android.view.ViewRootImpl.performTraversals:5564 android.view.ViewRootImpl.doTraversal:3959 
05-07 16:57:20.588 I/SurfaceFlinger( 1880): RequestedLayer [ActivityRecord{100894704 u0 eu.spagg[...]asseviva.MainActivity t26548}#417839] hidden!! flag  from(0) --> to(1)
05-07 16:57:20.588 I/SurfaceFlinger( 1880): RequestedLayer [eu.spaggiari.classevivastudente/eu.s[...]classeviva.MainActivity$_6892#418237] hidden!! flag  from(0) --> to(1)
05-07 16:57:20.588 I/SurfaceFlinger( 1880): destroyed animation-background for #20054#418257 form LifecycleManager
05-07 16:57:20.588 I/SurfaceFlinger( 1880): destroyed Transition Root: Task=26554#418253 form LifecycleManager
05-07 16:57:20.588 I/SurfaceFlinger( 1880): destroyed DimTransitionLayer for Surface(name=Task=26548#417838)/@0x8ffdcbd#418254 form LifecycleManager
05-07 16:57:20.588 I/SurfaceFlinger( 1880): [LayerHierarchy{RequestedLayerState{ImeContainer#172714 parentId=418250 relativeParentId=418259 z=1} 1 children}] RelativeParent to LayerHierarchy{RequestedLayerState{86a2eb0 dev.antigravity.classevivaexpressive/dev.antigravity.classevivaexpressive.MainActivity#418259 parentId=418250} 2 children}
05-07 16:57:20.588 I/SurfaceFlinger( 1880): [LayerHierarchy{RequestedLayerState{Bounds for - eu.spaggiari.classevivastudente/eu.spaggiari.classeviva.classeviva.MainActivity@4#418240} 1 children}] reparent to OffscreenRoot
05-07 16:57:20.588 I/SurfaceFlinger( 1880): [LayerHierarchy{RequestedLayerState{Bounds for - eu.spaggiari.classevivastudente/eu.spaggiari.classeviva.classeviva.MainActivity@4#418240} 1 children}] RelativeParent to null
05-07 16:57:20.588 I/SurfaceFlinger( 1880): [LayerHierarchy{RequestedLayerState{6118588 Splash Screen dev.antigravity.classevivaexpressive#418251 z=2147483647} 1 children}] reparent to OffscreenRoot
05-07 16:57:20.588 I/SurfaceFlinger( 1880): [LayerHierarchy{RequestedLayerState{6118588 Splash Screen dev.antigravity.classevivaexpressive#418251 z=2147483647} 1 children}] RelativeParent to null
05-07 16:57:20.588 I/SurfaceFlinger( 1880): [LayerHierarchy{RequestedLayerState{Splash Screen dev.antigravity.classevivaexpressive$_31394#418252} no children}] reparent to OffscreenRoot
05-07 16:57:20.588 I/SurfaceFlinger( 1880): [LayerHierarchy{RequestedLayerState{Splash Screen dev.antigravity.classevivaexpressive$_31394#418252} no children}] RelativeParent to null
05-07 16:57:20.588 I/SurfaceFlinger( 1880): id=418257 onLayerDestroyed from LayerHierarchyBuilder(RequestedLayerState{animation-background for #20054#418257 !handle z=-1})
05-07 16:57:20.588 I/SurfaceFlinger( 1880): id=418253 onLayerDestroyed from LayerHierarchyBuilder(RequestedLayerState{Transition Root: Task=26554#418253 !handle z=40})
05-07 16:57:20.588 I/SurfaceFlinger( 1880): id=418254 onLayerDestroyed from LayerHierarchyBuilder(RequestedLayerState{DimTransitionLayer for Surface(name=Task=26548#417838)/@0x8ffdcbd#418254 !handle z=1})
05-07 16:57:20.589 W/JobScheduler.Concurrency(30245): Had fewer than 16 in existence
05-07 16:57:20.589 W/JobScheduler.Concurrency(30245): Had fewer than 16 in existence
05-07 16:57:20.589 W/JobScheduler.Concurrency(30245): Had fewer than 16 in existence
05-07 16:57:20.589 W/JobScheduler.Concurrency(30245): Had fewer than 16 in existence
05-07 16:57:20.589 I/SurfaceFlinger( 1880): id=418257 Destroyed animation-background for #20054#418257
05-07 16:57:20.589 I/SurfaceFlinger( 1880): id=418253 Destroyed Transition Root: Task=26554#418253
05-07 16:57:20.589 I/SurfaceFlinger( 1880): id=418254 Destroyed DimTransitionLayer for Surface(name=Task=26548#417838)/@0x8ffdcbd#418254
05-07 16:57:20.589 I/SurfaceFlinger( 1880): id=418240 Removed Bounds for - eu.spaggiari.classevivastudente/eu.spaggiari.classeviva.classeviva.MainActivity@4#418240 (320)
05-07 16:57:20.589 I/SurfaceFlinger( 1880): id=418251 Removed 6118588 Splash Screen dev.antigravity.classevivaexpressive#418251 (320)
05-07 16:57:20.589 I/SurfaceFlinger( 1880): id=418252 Removed Splash Screen dev.antigravity.classevivaexpressive$_31394#418252 (320)
05-07 16:57:20.589 D/HWUI    ( 6892): CacheManager::trimMemory(20)
05-07 16:57:20.589 I/VRI[MainActivity]@d0746e2( 6892): stopped(true) old = false
05-07 16:57:20.589 D/VRI[MainActivity]@d0746e2( 6892): WindowStopped on eu.spaggiari.classevivastudente/eu.spaggiari.classeviva.classeviva.MainActivity set to true
05-07 16:57:20.589 D/HintManagerService(30245): Sent cleanup message for uid 10430
05-07 16:57:20.589 W/ActivityManager(30245): Unable to start service Intent { flg=0x4 xflg=0x4 cmp=ai.perplexity.app.android/com.google.android.datatransport.runtime.scheduling.jobscheduling.JobInfoSchedulerService } U=0: not found
05-07 16:57:20.589 W/ActivityManager(30245): Unbind failed: could not find connection for android.app.LoadedApk$ServiceDispatcher$InnerConnection@4d8c424
05-07 16:57:20.590 E/JobScheduler.Concurrency(30245): Error executing JobStatus{7d4c7f0 #u0a582/1084109470 ai.perplexity.app.android/com.google.android.datatransport.runtime.scheduling.jobscheduling.JobInfoSchedulerService u=0 s=10582 TIME=-9d19h1m59s262ms:none NET READY}
05-07 16:57:20.590 D/HWUI    ( 6892): CacheManager::trimMemory(20)
05-07 16:57:20.590 W/ActivityManager(30245): Unable to start service Intent { flg=0x4 xflg=0x4 cmp=com.glovo/com.google.android.datatransport.runtime.scheduling.jobscheduling.JobInfoSchedulerService } U=0: not found
05-07 16:57:20.590 W/ActivityManager(30245): Unbind failed: could not find connection for android.app.LoadedApk$ServiceDispatcher$InnerConnection@31f7389
05-07 16:57:20.590 I/HoneySpace.Memory-Monitor(26305): current state = 2, didTrim = false
05-07 16:57:20.590 E/JobScheduler.Concurrency(30245): Error executing JobStatus{a7dd066 #u0a589/-1463276130 com.glovo/com.google.android.datatransport.runtime.scheduling.jobscheduling.JobInfoSchedulerService u=0 s=10589 TIME=-5d20h51m18s60ms:none NET READY}
05-07 16:57:20.590 I/HYPER-HAL(29885): [RequestManager.cpp]acquire(): Acquired ID : 943079585 [29886 / 91649]  HINT :     list : [TID_LOW_LATENCY / 0] [TID / 7142] [TID / 7143] [TID / 6892] [TID / 7058] 
05-07 16:57:20.590 D/SV[235565518 MainActivity]( 6892): updateSurface: surface is not valid
05-07 16:57:20.590 I/HYPER-HAL(29885): [RequestManager.cpp]releaseLocked(): Released ID : 943079585
05-07 16:57:20.590 I/SV[235565518 MainActivity]( 6892): releaseSurfaces: viewRoot = VRI[MainActivity]@d0746e2
05-07 16:57:20.590 I/HYPER-HAL(29885): [RequestManager.cpp]acquire(): Acquired ID : 943201122 [29886 / 91650]  HINT :     list : [UCLAMP_MIN_BOOST / 0] [TIMEOUT / 50] [TID / 7142] [TID / 7143] [TID / 6892] [TID / 7058] 
05-07 16:57:20.590 D/VRI[MainActivity]@d0746e2( 6892): applyTransactionOnDraw applyImmediately
05-07 16:57:20.591 W/ActivityManager(30245): Unable to start service Intent { flg=0x4 xflg=0x4 cmp=com.deliveroo.orderapp/androidx.work.impl.background.systemjob.SystemJobService } U=0: not found
05-07 16:57:20.591 W/ActivityManager(30245): Unbind failed: could not find connection for android.app.LoadedApk$ServiceDispatcher$InnerConnection@f1d0fa8
05-07 16:57:20.591 E/JobScheduler.Concurrency(30245): Error executing JobStatus{7bce8c #u0a665/98 com.deliveroo.orderapp/androidx.work.impl.background.systemjob.SystemJobService u=0 s=10665 TIME=-5d9h24m32s532ms:none NET READY}
05-07 16:57:20.591 W/ActivityManager(30245): Unable to start service Intent { flg=0x4 xflg=0x4 cmp=com.glovo/androidx.work.impl.background.systemjob.SystemJobService } U=0: not found
05-07 16:57:20.591 W/ActivityManager(30245): Unbind failed: could not find connection for android.app.LoadedApk$ServiceDispatcher$InnerConnection@4a691fd
05-07 16:57:20.591 E/JobScheduler.Concurrency(30245): Error executing JobStatus{694b149 androidx.work.systemjobscheduler:u0a589/1770 #PerseusWorker#@androidx.work.systemjobscheduler@com.glovo/androidx.work.impl.background.systemjob.SystemJobService u=0 s=10589 TIME=-5d19h46m43s800ms:none READY}
05-07 16:57:20.592 W/ActivityManager(30245): Unable to start service Intent { flg=0x4 xflg=0x4 cmp=com.facebook.stella/androidx.work.impl.background.systemjob.SystemJobService } U=0: not found
05-07 16:57:20.592 W/ActivityManager(30245): Unbind failed: could not find connection for android.app.LoadedApk$ServiceDispatcher$InnerConnection@9cf50f9
05-07 16:57:20.592 E/JobScheduler.Concurrency(30245): Error executing JobStatus{987108d androidx.work.systemjobscheduler:u0a366/4380 #DailyWifiTasksJob#@androidx.work.systemjobscheduler@com.facebook.stella/androidx.work.impl.background.systemjob.SystemJobService u=0 s=10366 TIME=-2d23h21m55s544ms:none NET READY}
05-07 16:57:20.592 W/ActivityManager(30245): Unable to start service Intent { flg=0x4 xflg=0x4 cmp=com.facebook.stella/androidx.work.impl.background.systemjob.SystemJobService } U=0: not found
05-07 16:57:20.592 W/ActivityManager(30245): Unbind failed: could not find connection for android.app.LoadedApk$ServiceDispatcher$InnerConnection@a2b03b5
05-07 16:57:20.592 E/JobScheduler.Concurrency(30245): Error executing JobStatus{2e12889 androidx.work.systemjobscheduler:u0a366/4286 #DailyNonNetworkTasksJob#@androidx.work.systemjobscheduler@com.facebook.stella/androidx.work.impl.background.systemjob.SystemJobService u=0 s=10366 TIME=-2d19h24m25s354ms:none READY}
