--------- beginning of main
05-07 16:57:19.811 I/SemDvfsHyPerManager(30245): acquire hyper - APP_LAUNCH/30245@729, type = -999
--------- beginning of system
05-07 16:57:19.811 D/ActivityTaskManager(30245): startActivityAsUser: callingPid=30971, callingUid=2000, caller=com.android.server.am.ActivityManagerService.startActivityAsUserWithFeature:27 com.android.server.am.ActivityManagerShellCommand.runStartActivity:591 com.android.server.am.ActivityManagerShellCommand.onCommand:1059 com.android.modules.utils.BasicShellCommandHandler.exec:97 android.os.ShellCommand.exec:38 com.android.server.am.ActivityManagerService.onShellCommand:164 android.os.Binder.shellCommand:1219 
05-07 16:57:19.811 I/HYPER-HAL(29885): [RequestManager.cpp]acquire(): Acquired ID : 479710554 [30245 / 729]  HINT : APP_LAUNCH   list : [TIMEOUT / 700] 
05-07 16:57:19.812 I/SemDvfsHyPerManager(  543): acquire hyper - APP_START_SHORT/543@24, type = -999
05-07 16:57:19.812 E/PERFHAL-RESOURCEQS( 1809): PERFHAL-RESOURCEQS: AddAndApply() 171: Failed to apply optimization [15, 7]
05-07 16:57:19.812 E/PERFHAL-RESOURCEQS( 1809): PERFHAL-RESOURCEQS: AddAndApply() 171: Failed to apply optimization [15, 7]
05-07 16:57:19.812 I/HYPER-HAL(29885): [RequestManager.cpp]acquire(): Acquired ID : 161052 [543 / 24]  HINT : APP_START   list : [TIMEOUT / 1500] 
05-07 16:57:19.814 W/ActivityTaskManager(30245): callingPackage for (uid=2000, pid=30971) has no WPC
05-07 16:57:19.814 V/WindowManager(30245): DesktopModeLaunchParamsModifier: phase= 0 task=null activity=null display-area-from-current-params=null display-area-from-default-fallback=DefaultTaskDisplayArea_d0@54804695 display-id=0 task-display-area-windowing-mode=1 suggested-display-area=DefaultTaskDisplayArea_d0@54804695 task null, skipping
05-07 16:57:19.814 V/WindowManager(30245): TaskLaunchParamsModifier:phase=0 task=null activity=null display-area-from-current-params=null display-area-from-default-fallback=DefaultTaskDisplayArea_d0@54804695 display-id=0 task-display-area-windowing-mode=1 suggested-display-area=DefaultTaskDisplayArea_d0@54804695
05-07 16:57:19.815 I/sensors-hal( 1767): handle_sns_client_event:379, [0][54542393] accel_sample [ 0.208, -0.022,  9.753] 2606145323623191
05-07 16:57:19.817 E/TransitionChain(30245): Likely improperly balanced ActionChain: [finishTransitionInner]
05-07 16:57:19.817 E/TransitionChain(30245): android.util.Log$TerribleFailure: Likely improperly balanced ActionChain: [finishTransitionInner]
05-07 16:57:19.817 E/TransitionChain(30245): 	at android.util.Log.wtf(Log.java:466)
05-07 16:57:19.817 E/TransitionChain(30245): 	at android.util.Slog.wtfStack(Slog.java:349)
05-07 16:57:19.817 E/TransitionChain(30245): 	at com.android.server.wm.ActionChain$Tracker.makeChain(qb/104701324 cd16acc4801dbe6b32e5a5abae341d7e127cab4e767490f8ee0cd129dfce7922:126)
05-07 16:57:19.817 E/TransitionChain(30245): 	at com.android.server.wm.ActionChain$Tracker.startTransit(qb/104701324 cd16acc4801dbe6b32e5a5abae341d7e127cab4e767490f8ee0cd129dfce7922:12)
05-07 16:57:19.817 E/TransitionChain(30245): 	at com.android.server.wm.ActivityStarter.executeRequest(qb/104701324 cd16acc4801dbe6b32e5a5abae341d7e127cab4e767490f8ee0cd129dfce7922:3653)
05-07 16:57:19.817 E/TransitionChain(30245): 	at com.android.server.wm.ActivityStarter.execute(qb/104701324 cd16acc4801dbe6b32e5a5abae341d7e127cab4e767490f8ee0cd129dfce7922:1751)
05-07 16:57:19.817 E/TransitionChain(30245): 	at com.android.server.wm.ActivityTaskManagerService.startActivityAsUser(qb/104701324 cd16acc4801dbe6b32e5a5abae341d7e127cab4e767490f8ee0cd129dfce7922:95)
05-07 16:57:19.817 E/TransitionChain(30245): 	at com.android.server.am.ActivityManagerService.startActivityAsUserWithFeature(qb/104701324 cd16acc4801dbe6b32e5a5abae341d7e127cab4e767490f8ee0cd129dfce7922:27)
05-07 16:57:19.817 E/TransitionChain(30245): 	at com.android.server.am.ActivityManagerShellCommand.runStartActivity(qb/104701324 cd16acc4801dbe6b32e5a5abae341d7e127cab4e767490f8ee0cd129dfce7922:591)
05-07 16:57:19.817 E/TransitionChain(30245): 	at com.android.server.am.ActivityManagerShellCommand.onCommand(qb/104701324 cd16acc4801dbe6b32e5a5abae341d7e127cab4e767490f8ee0cd129dfce7922:1059)
05-07 16:57:19.817 E/TransitionChain(30245): 	at com.android.modules.utils.BasicShellCommandHandler.exec(BasicShellCommandHandler.java:97)
05-07 16:57:19.817 E/TransitionChain(30245): 	at android.os.ShellCommand.exec(ShellCommand.java:38)
05-07 16:57:19.817 E/TransitionChain(30245): 	at com.android.server.am.ActivityManagerService.onShellCommand(qb/104701324 cd16acc4801dbe6b32e5a5abae341d7e127cab4e767490f8ee0cd129dfce7922:164)
05-07 16:57:19.817 E/TransitionChain(30245): 	at android.os.Binder.shellCommand(Binder.java:1219)
05-07 16:57:19.817 E/TransitionChain(30245): 	at android.os.Binder.onTransact(Binder.java:987)
05-07 16:57:19.817 E/TransitionChain(30245): 	at android.app.IActivityManager$Stub.onTransact(IActivityManager.java:6038)
05-07 16:57:19.817 E/TransitionChain(30245): 	at com.android.server.am.ActivityManagerService.onTransact(qb/104701324 cd16acc4801dbe6b32e5a5abae341d7e127cab4e767490f8ee0cd129dfce7922:426)
05-07 16:57:19.817 E/TransitionChain(30245): 	at android.os.Binder.execTransactInternal(Binder.java:1514)
05-07 16:57:19.817 E/TransitionChain(30245): 	at android.os.Binder.execTransact(Binder.java:1454)
05-07 16:57:19.817 D/WindowManager(30245): Transition is created, t=TransitionRecord{379672 id=-1 type=OPEN flags=0x0 parallelCollectType=NONE recentsDisplayId=-1}, caller=com.android.server.wm.Transition.<init>:201 com.android.server.wm.TransitionController.createAndStartCollecting:106 com.android.server.wm.ActivityStarter.executeRequest:3666 com.android.server.wm.ActivityStarter.execute:1751 com.android.server.wm.ActivityTaskManagerService.startActivityAsUser:95 
05-07 16:57:19.817 D/BLASTSyncEngine(30245): SyncGroup is created, id=20054, name=Transition-OPEN, caller=com.android.server.wm.BLASTSyncEngine.prepareSyncSet:60 com.android.server.wm.TransitionController.moveToCollecting:67 com.android.server.wm.TransitionController.createAndStartCollecting:109 com.android.server.wm.ActivityStarter.executeRequest:3666 com.android.server.wm.ActivityStarter.execute:1751 com.android.server.wm.ActivityTaskManagerService.startActivityAsUser:95 com.android.server.am.ActivityManagerService.startActivityAsUserWithFeature:27 
05-07 16:57:19.817 W/BLASTSyncEngine(30245): setSyncMethod, id=20054, method=0, caller=com.android.server.wm.TransitionController.moveToCollecting:80 com.android.server.wm.TransitionController.createAndStartCollecting:109 com.android.server.wm.ActivityStarter.executeRequest:3666 
05-07 16:57:19.817 V/WindowManager(30245): Start collecting in Transition: TransitionRecord{379672 id=20054 type=OPEN flags=0x0 parallelCollectType=NONE recentsDisplayId=-1}, caller=com.android.server.wm.TransitionController.createAndStartCollecting:109 com.android.server.wm.ActivityStarter.executeRequest:3666 com.android.server.wm.ActivityStarter.execute:1751 com.android.server.wm.ActivityTaskManagerService.startActivityAsUser:95 com.android.server.am.ActivityManagerService.startActivityAsUserWithFeature:27 
05-07 16:57:19.817 V/WindowManager(30245): Collecting in transition 20054: ActivityRecord{95288003 u0 dev.antigravity.classevivaexpressive/.MainActivity, caller=com.android.server.wm.TransitionController.collect:7 com.android.server.wm.ActivityStarter.startActivityUnchecked:98 com.android.server.wm.ActivityStarter.executeRequest:3718 com.android.server.wm.ActivityStarter.execute:1751 com.android.server.wm.ActivityTaskManagerService.startActivityAsUser:95 
05-07 16:57:19.817 V/WindowManager(30245): DesktopModeLaunchParamsModifier: phase= 0 task=null activity=ActivityRecord{95288003 u0 dev.antigravity.classevivaexpressive/.MainActivity t-1} display-area-from-current-params=null display-area-from-default-fallback=DefaultTaskDisplayArea_d0@54804695 display-id=0 task-display-area-windowing-mode=1 suggested-display-area=DefaultTaskDisplayArea_d0@54804695 task null, skipping
05-07 16:57:19.817 V/WindowManager(30245): TaskLaunchParamsModifier:phase=0 task=null activity=ActivityRecord{95288003 u0 dev.antigravity.classevivaexpressive/.MainActivity t-1} display-area-from-current-params=null display-area-from-default-fallback=DefaultTaskDisplayArea_d0@54804695 display-id=0 task-display-area-windowing-mode=1 suggested-display-area=DefaultTaskDisplayArea_d0@54804695
05-07 16:57:19.818 D/[secipm](30245): mSecIpmManager AppTouchDown dev.antigravity.classevivaexpressive dex files
05-07 16:57:19.818 V/WindowManager(30245): DesktopModeLaunchParamsModifier: phase= 3 task=null activity=ActivityRecord{95288003 u0 dev.antigravity.classevivaexpressive/.MainActivity t-1} display-area-from-current-params=null display-area-from-default-fallback=DefaultTaskDisplayArea_d0@54804695 display-id=0 task-display-area-windowing-mode=1 suggested-display-area=DefaultTaskDisplayArea_d0@54804695 task null, skipping
05-07 16:57:19.818 V/WindowManager(30245): TaskLaunchParamsModifier:phase=3 task=null activity=ActivityRecord{95288003 u0 dev.antigravity.classevivaexpressive/.MainActivity t-1} display-area-from-current-params=null display-area-from-default-fallback=DefaultTaskDisplayArea_d0@54804695 display-id=0 task-display-area-windowing-mode=1 suggested-display-area=DefaultTaskDisplayArea_d0@54804695 non-freeform-task-display-area display-area=DefaultTaskDisplayArea_d0@54804695 default-portrait freeform-size-mismatch=Rect(81, 636 - 999, 1806)
05-07 16:57:19.818 I/SemDvfsHyPerManager(30245): acquire hyper - AMS_APP_SWITCH/30245@31, type = -999
05-07 16:57:19.818 I/HYPER-HAL(29885): [RequestManager.cpp]acquire(): Acquired ID : 458333257 [30245 / 31]  HINT : AMS_APP_SWITCH   list : 
05-07 16:57:19.818 D/RemoteAppTaskWatcher(30245):  ****** RemoteAppTaskWatcher: Message Received 0 Task ID = 26554
05-07 16:57:19.818 D/ActivityManagerPerformance(30245): AMP_acquire() APP_SWITCH
05-07 16:57:19.818 I/SemDvfsHyPerManager(  543): acquire hyper - APP_START_SHORT/543@24, type = -999
05-07 16:57:19.818 D/FreecessController(30245): restrictJobsByOlaf: restrict=true, uid=10660
05-07 16:57:19.818 E/PERFHAL-RESOURCEQS( 1809): PERFHAL-RESOURCEQS: AddAndApply() 171: Failed to apply optimization [15, 7]
05-07 16:57:19.818 I/SurfaceFlinger( 1880): id=418249 createSurf, flag=24004, Task=26554#418249
05-07 16:57:19.819 E/PERFHAL-RESOURCEQS( 1809): PERFHAL-RESOURCEQS: AddAndApply() 171: Failed to apply optimization [15, 7]
05-07 16:57:19.819 I/HYPER-HAL(29885): [RequestManager.cpp]acquire(): Acquired ID : 161052 [543 / 24]  HINT : APP_START   list : [TIMEOUT / 1500] 
05-07 16:57:19.819 V/WindowManager(30245): DesktopModeLaunchParamsModifier: phase= 3 task=Task{64a7be #26554 type=standard A=10660:dev.antigravity.classevivaexpressive} activity=ActivityRecord{95288003 u0 dev.antigravity.classevivaexpressive/.MainActivity t-1} display-from-task=0 display-id=0 task-display-area-windowing-mode=1 suggested-display-area=DefaultTaskDisplayArea_d0@54804695 non-desktop, skipping
05-07 16:57:19.819 D/OlafRestriction(30245):  olaf state update: state=true
05-07 16:57:19.819 D/OlafRestriction(30245):  sending trigger onRestrictionStateChanged msg.
05-07 16:57:19.819 V/WindowManager(30245): TaskLaunchParamsModifier:phase=3 task=Task{64a7be #26554 type=standard A=10660:dev.antigravity.classevivaexpressive} activity=ActivityRecord{95288003 u0 dev.antigravity.classevivaexpressive/.MainActivity t-1} display-from-task=0 display-id=0 task-display-area-windowing-mode=1 suggested-display-area=DefaultTaskDisplayArea_d0@54804695 inherit-from-task=fullscreen non-freeform-task-display-area display-area=DefaultTaskDisplayArea_d0@54804695 default-portrait freeform-size-mismatch=Rect(81, 636 - 999, 1806)
05-07 16:57:19.819 V/WindowManager(30245): Collecting in transition 20054: Task{64a7be #26554 type=standard A=10660:dev.antigravity.classevivaexpressive}, caller=com.android.server.wm.Transition.collectExistenceChange:40 com.android.server.wm.ActivityStarter.setNewTask:43 com.android.server.wm.ActivityStarter.startActivityInner:2225 com.android.server.wm.ActivityStarter.startActivityUnchecked:111 com.android.server.wm.ActivityStarter.executeRequest:3718 
05-07 16:57:19.819 I/SurfaceFlinger( 1880): [Task=26554#418249] attach to parent LayerHierarchy{RequestedLayerState{DefaultTaskDisplayArea_d0#172709 parentId=172708} 43 children}
05-07 16:57:19.819 I/SurfaceFlinger( 1880): Current= 120, Period= 120, Distance= 0
05-07 16:57:19.819 W/PackageConfigPersister(30245): App-specific configuration not found for packageName: dev.antigravity.classevivaexpressive and userId: 0
05-07 16:57:19.820 I/SurfaceFlinger( 1880): id=418250 createSurf, flag=84004, ActivityRecord{95288003 u0 dev.antigravity.classevivaexpressive/.MainActivity t26554}#418250
05-07 16:57:19.820 W/PackageConfigPersister(30245): App-specific configuration not found for packageName: dev.antigravity.classevivaexpressive and userId: 0
05-07 16:57:19.820 W/PackageConfigPersister(30245): App-specific configuration not found for packageName: dev.antigravity.classevivaexpressive and userId: 0
05-07 16:57:19.820 D/ActivityTaskManager(30245): scheduleTopResumedActivityChanged, onTop=false, r=ActivityRecord{100894704 u0 eu.spaggiari.classevivastudente/eu.spaggiari.classeviva.classeviva.MainActivity t26548}, caller=com.android.server.wm.ActivityTaskSupervisor.scheduleTopResumedActivityStateLossIfNeeded:19 com.android.server.wm.ActivityTaskSupervisor.updateTopResumedActivityIfNeeded:44 com.android.server.wm.TaskDisplayArea.positionChildAt:253 com.android.server.wm.Task.moveToFront:40 com.android.server.wm.ActivityStarter.startActivityInner:2433 com.android.server.wm.ActivityStarter.startActivityUnchecked:111 
05-07 16:57:19.820 V/WindowManager(30245): Checking theme of starting window: 0x7f10000b
05-07 16:57:19.820 V/WindowManager(30245): Translucent=false Floating=false ShowWallpaper=false Disable=false
05-07 16:57:19.820 D/ActivityTaskManager(30245): addStartingWindow: type=2 typeParameter=8b
05-07 16:57:19.820 V/WindowManager(30245): Creating SplashScreenStartingData
05-07 16:57:19.820 V/WindowManager(30245): Add starting ActivityRecord{95288003 u0 dev.antigravity.classevivaexpressive/.MainActivity t26554}: startingData=SplashScreenStartingData{c492f6c removeAfterTransaction= 0}
05-07 16:57:19.820 W/PackageConfigPersister(30245): App-specific configuration not found for packageName: dev.antigravity.classevivaexpressive and userId: 0
05-07 16:57:19.820 V/WindowManager(30245): Added starting ActivityRecord{95288003 u0 dev.antigravity.classevivaexpressive/.MainActivity t26554}: startingWindow=null startingView=com.android.server.wm.StartingSurfaceController$StartingSurface@1244935
05-07 16:57:19.821 D/OlafRestriction(30245): source/com.android.vending/10279 is system
05-07 16:57:19.821 D/OlafRestriction(30245): source/com.microsoft.skydrive/10114 is system
05-07 16:57:19.821 D/OlafRestriction(30245): source/com.microsoft.skydrive/10114 is system
05-07 16:57:19.822 D/OlafRestriction(30245): source/com.samsung.euicc/1000 is system
05-07 16:57:19.822 D/OlafRestriction(30245): calling/android/1000 is system
05-07 16:57:19.822 V/WindowManager(30245): Collecting in transition 20054: ActivityRecord{95288003 u0 dev.antigravity.classevivaexpressive/.MainActivity t26554}, caller=com.android.server.wm.Transition.collectExistenceChange:40 com.android.server.wm.ActivityStarter.handleStartResult:759 com.android.server.wm.ActivityStarter.startActivityUnchecked:124 com.android.server.wm.ActivityStarter.executeRequest:3718 com.android.server.wm.ActivityStarter.execute:1751 
05-07 16:57:19.822 V/WindowManager(30245): Requesting StartTransition: TransitionRecord{379672 id=20054 type=OPEN flags=0x0 parallelCollectType=NONE recentsDisplayId=-1 c=[
05-07 16:57:19.822 V/WindowManager(30245):    ChangeInfo{93bf096 container=Task{64a7be #26554 type=standard A=10660:dev.antigravity.classevivaexpressive} flags=0x0}
05-07 16:57:19.822 V/WindowManager(30245):    ChangeInfo{bd75417 container=DefaultTaskDisplayArea_d0@54804695 flags=0x0}
05-07 16:57:19.822 V/WindowManager(30245):    ChangeInfo{7180004 container=ActivityRecord{95288003 u0 dev.antigravity.classevivaexpressive/.MainActivity t26554} flags=0x0}
05-07 16:57:19.822 V/WindowManager(30245):    ChangeInfo{c5169ed container=WindowedMagnification:0:31@162064656 flags=0x0}
05-07 16:57:19.822 V/WindowManager(30245):    ChangeInfo{73e8022 container=Display{#0 state=ON size=1080x2340 ROTATION_0} flags=0x0}
05-07 16:57:19.822 V/WindowManager(30245):    ChangeInfo{cf31ab3 container=AppZoomOut:2:14@260480965 flags=0x0}
05-07 16:57:19.822 V/WindowManager(30245): ]
05-07 16:57:19.822 V/WindowManager(30245): }, caller=com.android.server.wm.ActivityStarter.handleStartResult:987 com.android.server.wm.ActivityStarter.startActivityUnchecked:124 com.android.server.wm.ActivityStarter.executeRequest:3718 com.android.server.wm.ActivityStarter.execute:1751 com.android.server.wm.ActivityTaskManagerService.startActivityAsUser:95 
05-07 16:57:19.822 W/PackageConfigPersister(30245): App-specific configuration not found for packageName: dev.antigravity.classevivaexpressive and userId: 0
05-07 16:57:19.823 V/WindowManagerShell(31394): Transition requested (#20054): android.os.BinderProxy@60e17f TransitionRequestInfo { type = OPEN, triggerTask = TaskInfo{userId=0 taskId=26554 effectiveUid=10660 displayId=0 isRunning=true baseIntent=Intent { flg=0x10000000 cmp=dev.antigravity.classevivaexpressive/.MainActivity } baseActivity=ComponentInfo{dev.antigravity.classevivaexpressive/dev.antigravity.classevivaexpressive.MainActivity} topActivity=ComponentInfo{dev.antigravity.classevivaexpressive/dev.antigravity.classevivaexpressive.MainActivity} origActivity=null realActivity=ComponentInfo{dev.antigravity.classevivaexpressive/dev.antigravity.classevivaexpressive.MainActivity} numActivities=1 lastActiveTime=2606145365 supportsMultiWindow=true resizeMode=1 isResizeable=true minWidth=-1 minHeight=-1 maxWidth=-1 maxHeight=-1 defaultMinSize=220 desktopDefaultMinSize=304 token=WCT{android.os.BinderProxy@52ee54c} topActivityType=1 pictureInPictureParams=null shouldDockBigOverlays=false launchIntoPipHostTaskId=-1 lastParentTaskIdBeforePip=-1 displayCutoutSafeInsets=Rect(0, 103 - 0, 0) topActivityInfo=ActivityInfo{39cf995 dev.antigravity.classevivaexpressive.MainActivity} launchCookies=[] positionInParent=Point(0, 0) parentTaskId=-1 isFocused=false isVisible=false isVisibleRequested=false isTopActivityNoDisplay=false isSleeping=false locusId=null displayAreaFeatureId=1 isTopActivityTransparent=false isActivityStackTransparent=false lastNonFullscreenBounds=Rect(81, 636 - 999, 1806) capturedLink=null capturedLinkTimestamp=0 requestedVisibleTypes=503 topActivityRequestOpenInBrowserEducationTimestamp=0 appCompatTaskInfo=AppCompatTaskInfo { topActivityInSizeCompat=false isLeafTask= true eligibleForLetterboxEducation= false isLetterboxEducationEnabled= false isLetterboxDoubleTapEnabled= false eligibleForUserAspectRatioButton= false topActivityBoundsLetterboxed= false isFromLetterboxDoubleTap= false topActivityLetterboxVerticalPosition= -1 topActivityLetterboxHorizontalPosition= -1 topActivityLetterboxWidth=-1 topActivityLetterboxHeight=-1 topActivityAppBounds=Rect(0, 0 - 1080, 2340) isUserFullscreenOverrideEnabled=false isSystemFullscreenOverrideEnabled=false hasMinAspectRatioOverride=false topActivityLetterboxBounds=null cameraCompatTaskInfo=CameraCompatTaskInfo { cameraCompatMode=undefinedundefined} topActivityBounds=null topActivityInDisplayCompat=false showForceRotationButton=false forceRotationButtonState=0 singleTapFromLetterbox=false topNonResizableActivityAspectRatio=-1.0} topActivityMainWindowFrame=null originallySupportedMultiWindow=true hasWallpaper=false rootAffinity=10660:dev.antigravity.classevivaexpressive isTopTaskInStage=false CoverLauncherWidgetTask=false LaunchedFromAppsCoverLauncherTask=false LaunchedFromMultistarCoverLauncherTask=false isAllowedSeamlessRotation=false isTopTransparentActivity=false isAliasManaged=false hasConfigChanged=false isAiKeyRemoveAppTask=false lastDesktopWindowingBounds=null lastExternalDesktopWindowingBounds=null safeCutoutInsets=null isAppBubble=false}, pipChange = null, remoteTransition = null, displayChange = null, requestedLocation = null, userChange = null, windowingLayerChange = null, flags = 0, debugId = 20054 }
05-07 16:57:19.823 D/ShellSplitScreen(31394): logExit: no-op, mLoggerSessionId is null
05-07 16:57:19.823 W/PackageConfigPersister(30245): App-specific configuration not found for packageName: dev.antigravity.classevivaexpressive and userId: 0
05-07 16:57:19.823 D/ShellDesktopMode(31394): handleRequest: TransitionRequestInfo {type=1, tid=26554, debugId=20054}
05-07 16:57:19.823 V/ShellDesktopMode(31394): DesktopTasksController: skipping handleRequest reason=triggerTask's display doesn't support desktop mode
05-07 16:57:19.823 I/Pageboost(30245): stop alp
05-07 16:57:19.823 I/ActivityTaskManager(30245): START u0 {flg=0x10000000 xflg=0x5 cmp=dev.antigravity.classevivaexpressive/.MainActivity} with LAUNCH_SINGLE_TASK from uid 2000 (com.android.shell) (BAL_ALLOW_PERMISSION) result code=0
05-07 16:57:19.823 I/SemDvfsHyPerManager(30245): acquire hyper - AMS_APP_LAUNCH/30245@17, type = -999
05-07 16:57:19.823 E/pageboostd( 5689): Received HALT command code 2
05-07 16:57:19.823 D/CompatChangeReporter(30245): Compat change id reported: 377864165; UID 10660; state: ENABLED
05-07 16:57:19.823 I/HYPER-HAL(29885): [RequestManager.cpp]acquire(): Acquired ID : 457909470 [30245 / 17]  HINT : AMS_APP_LAUNCH   list : 
05-07 16:57:19.823 W/PackageConfigPersister(30245): App-specific configuration not found for packageName: eu.spaggiari.classevivastudente and userId: 0
05-07 16:57:19.823 W/PackageConfigPersister(30245): App-specific configuration not found for packageName: dev.antigravity.classevivaexpressive and userId: 0
05-07 16:57:19.823 W/PackageConfigPersister(30245): App-specific configuration not found for packageName: com.sec.android.app.launcher and userId: 0
05-07 16:57:19.823 W/PackageConfigPersister(30245): App-specific configuration not found for packageName: com.spotify.music and userId: 0
05-07 16:57:19.823 D/ViewRootImpl(31394): desktopMode is false
05-07 16:57:19.823 W/PackageConfigPersister(30245): App-specific configuration not found for packageName: com.sec.android.app.launcher and userId: 0
05-07 16:57:19.823 W/PackageConfigPersister(30245): App-specific configuration not found for packageName: org.telegram.messenger and userId: 0
05-07 16:57:19.823 W/PackageConfigPersister(30245): App-specific configuration not found for packageName: com.sec.android.app.sbrowser and userId: 0
05-07 16:57:19.823 W/PackageConfigPersister(30245): App-specific configuration not found for packageName: com.openai.chatgpt and userId: 0
05-07 16:57:19.823 I/ViewRootImpl(31394): dVRR is disabled
05-07 16:57:19.823 W/PackageConfigPersister(30245): App-specific configuration not found for packageName: com.whatsapp and userId: 0
05-07 16:57:19.823 W/PackageConfigPersister(30245): App-specific configuration not found for packageName: com.sec.android.app.myfiles and userId: 0
05-07 16:57:19.823 W/PackageConfigPersister(30245): App-specific configuration not found for packageName: com.instagram.android and userId: 0
05-07 16:57:19.823 W/PackageConfigPersister(30245): App-specific configuration not found for packageName: anddea.youtube and userId: 0
05-07 16:57:19.824 W/PackageConfigPersister(30245): App-specific configuration not found for packageName: com.google.android.googlequicksearchbox and userId: 0
05-07 16:57:19.824 W/PackageConfigPersister(30245): App-specific configuration not found for packageName: com.anthropic.claude and userId: 0
05-07 16:57:19.824 W/PackageConfigPersister(30245): App-specific configuration not found for packageName: com.google.android.apps.authenticator2 and userId: 0
05-07 16:57:19.824 W/PackageConfigPersister(30245): App-specific configuration not found for packageName: com.samsung.android.app.sharelive and userId: 0
05-07 16:57:19.824 W/PackageConfigPersister(30245): App-specific configuration not found for packageName: com.samsung.android.email.provider and userId: 0
05-07 16:57:19.824 W/PackageConfigPersister(30245): App-specific configuration not found for packageName: com.sec.android.app.samsungapps and userId: 0
05-07 16:57:19.824 W/PackageConfigPersister(30245): App-specific configuration not found for packageName: com.android.vending and userId: 0
05-07 16:57:19.824 W/PackageConfigPersister(30245): App-specific configuration not found for packageName: ai.mistral.chat and userId: 0
05-07 16:57:19.824 W/PackageConfigPersister(30245): App-specific configuration not found for packageName: com.sec.android.app.voicenote and userId: 0
05-07 16:57:19.824 W/PackageConfigPersister(30245): App-specific configuration not found for packageName: com.sec.android.daemonapp and userId: 0
05-07 16:57:19.824 W/PackageConfigPersister(30245): App-specific configuration not found for packageName: com.samsung.android.app.notes and userId: 0
05-07 16:57:19.824 W/PackageConfigPersister(30245): App-specific configuration not found for packageName: com.samsung.android.smartsuggestions and userId: 0
05-07 16:57:19.824 W/PackageConfigPersister(30245): App-specific configuration not found for packageName: com.riccardocalligaro.registro_elettronico and userId: 0
05-07 16:57:19.824 W/PackageConfigPersister(30245): App-specific configuration not found for packageName: com.sec.android.app.sbrowser.webapk.w26874bbc867d9076e914bbe9115f12c81 and userId: 0
05-07 16:57:19.824 W/PackageConfigPersister(30245): App-specific configuration not found for packageName: com.keyvoice.app and userId: 0
05-07 16:57:19.824 W/PackageConfigPersister(30245): App-specific configuration not found for packageName: com.pampa.store and userId: 0
05-07 16:57:19.824 W/PackageConfigPersister(30245): App-specific configuration not found for packageName: com.google.android.apps.docs.editors.sheets and userId: 0
05-07 16:57:19.824 W/PackageConfigPersister(30245): App-specific configuration not found for packageName: com.google.android.apps.classroom and userId: 0
05-07 16:57:19.824 W/PackageConfigPersister(30245): App-specific configuration not found for packageName: com.google.android.apps.docs and userId: 0
05-07 16:57:19.824 W/PackageConfigPersister(30245): App-specific configuration not found for packageName: com.google.ai.edge.gallery and userId: 0
05-07 16:57:19.824 W/PackageConfigPersister(30245): App-specific configuration not found for packageName: com.google.android.apps.messaging and userId: 0
05-07 16:57:19.824 W/PackageConfigPersister(30245): App-specific configuration not found for packageName: com.google.android.gm and userId: 0
05-07 16:57:19.824 W/PackageConfigPersister(30245): App-specific configuration not found for packageName: ai.x.grok and userId: 0
05-07 16:57:19.824 W/PackageConfigPersister(30245): App-specific configuration not found for packageName: com.sec.android.app.sbrowser and userId: 0
05-07 16:57:19.824 W/PackageConfigPersister(30245): App-specific configuration not found for packageName: com.sec.android.gallery3d and userId: 0
05-07 16:57:19.824 I/SemDvfsHyPerManager(  543): acquire hyper - APP_START/543@26, type = -999
05-07 16:57:19.824 D/RemoteAppTaskWatcher(30245):  ****** RemoteAppTaskWatcher: Message Received 4 Task ID = 26554
05-07 16:57:19.824 D/NativeCustomFrequencyManager(31394): [NativeCFMS] BpCustomFrequencyManager::BpCustomFrequencyManager()
05-07 16:57:19.824 D/RemoteAppTaskWatcher(30245):  ****** RemoteAppTaskWatcher: Message Received 0 Task ID = 26554
05-07 16:57:19.824 W/BitmapFactory(31394): Null Options, creating a new one.
05-07 16:57:19.824 I/Kumiho-Kumiho(31394): getPackageName: com.samsung.android.app.aodservice
05-07 16:57:19.824 V/WindowManager(30245): Starting Transition 20054, caller=com.android.server.wm.WindowOrganizerController.startTransition:43 com.android.server.wm.WindowOrganizerController.startTransition:1 android.window.IWindowOrganizerController$Stub.onTransact:268 
05-07 16:57:19.825 W/PackageConfigPersister(30245): App-specific configuration not found for packageName: eu.spaggiari.classevivastudente and userId: 0
05-07 16:57:19.825 W/PackageConfigPersister(30245): App-specific configuration not found for packageName: dev.antigravity.classevivaexpressive and userId: 0
05-07 16:57:19.825 W/PackageConfigPersister(30245): App-specific configuration not found for packageName: com.sec.android.app.launcher and userId: 0
05-07 16:57:19.825 W/PackageConfigPersister(30245): App-specific configuration not found for packageName: com.spotify.music and userId: 0
05-07 16:57:19.825 W/PackageConfigPersister(30245): App-specific configuration not found for packageName: com.sec.android.app.launcher and userId: 0
05-07 16:57:19.825 W/PackageConfigPersister(30245): App-specific configuration not found for packageName: org.telegram.messenger and userId: 0
05-07 16:57:19.825 W/PackageConfigPersister(30245): App-specific configuration not found for packageName: com.sec.android.app.sbrowser and userId: 0
05-07 16:57:19.825 D/FirebaseSessions( 6892): App backgrounded on eu.spaggiari.classevivastudente
05-07 16:57:19.825 W/PackageConfigPersister(30245): App-specific configuration not found for packageName: com.openai.chatgpt and userId: 0
05-07 16:57:19.825 W/PackageConfigPersister(30245): App-specific configuration not found for packageName: com.whatsapp and userId: 0
05-07 16:57:19.825 W/PackageConfigPersister(30245): App-specific configuration not found for packageName: com.sec.android.app.myfiles and userId: 0
05-07 16:57:19.825 W/PackageConfigPersister(30245): App-specific configuration not found for packageName: com.instagram.android and userId: 0
05-07 16:57:19.825 W/PackageConfigPersister(30245): App-specific configuration not found for packageName: anddea.youtube and userId: 0
05-07 16:57:19.825 W/PackageConfigPersister(30245): App-specific configuration not found for packageName: com.google.android.googlequicksearchbox and userId: 0
05-07 16:57:19.825 W/PackageConfigPersister(30245): App-specific configuration not found for packageName: com.anthropic.claude and userId: 0
05-07 16:57:19.825 W/PackageConfigPersister(30245): App-specific configuration not found for packageName: com.google.android.apps.authenticator2 and userId: 0
05-07 16:57:19.825 W/PackageConfigPersister(30245): App-specific configuration not found for packageName: com.samsung.android.app.sharelive and userId: 0
05-07 16:57:19.825 W/PackageConfigPersister(30245): App-specific configuration not found for packageName: com.samsung.android.email.provider and userId: 0
05-07 16:57:19.825 W/PackageConfigPersister(30245): App-specific configuration not found for packageName: com.sec.android.app.samsungapps and userId: 0
05-07 16:57:19.825 W/PackageConfigPersister(30245): App-specific configuration not found for packageName: com.android.vending and userId: 0
05-07 16:57:19.825 W/PackageConfigPersister(30245): App-specific configuration not found for packageName: ai.mistral.chat and userId: 0
05-07 16:57:19.825 W/PackageConfigPersister(30245): App-specific configuration not found for packageName: com.sec.android.app.voicenote and userId: 0
05-07 16:57:19.825 W/PackageConfigPersister(30245): App-specific configuration not found for packageName: com.sec.android.daemonapp and userId: 0
05-07 16:57:19.825 W/PackageConfigPersister(30245): App-specific configuration not found for packageName: com.samsung.android.app.notes and userId: 0
05-07 16:57:19.825 W/PackageConfigPersister(30245): App-specific configuration not found for packageName: com.samsung.android.smartsuggestions and userId: 0
05-07 16:57:19.825 W/PackageConfigPersister(30245): App-specific configuration not found for packageName: com.riccardocalligaro.registro_elettronico and userId: 0
05-07 16:57:19.825 W/PackageConfigPersister(30245): App-specific configuration not found for packageName: com.sec.android.app.sbrowser.webapk.w26874bbc867d9076e914bbe9115f12c81 and userId: 0
05-07 16:57:19.825 W/PackageConfigPersister(30245): App-specific configuration not found for packageName: com.keyvoice.app and userId: 0
05-07 16:57:19.825 W/PackageConfigPersister(30245): App-specific configuration not found for packageName: com.pampa.store and userId: 0
05-07 16:57:19.825 W/PackageConfigPersister(30245): App-specific configuration not found for packageName: com.google.android.apps.docs.editors.sheets and userId: 0
05-07 16:57:19.825 W/PackageConfigPersister(30245): App-specific configuration not found for packageName: com.google.android.apps.classroom and userId: 0
05-07 16:57:19.825 W/PackageConfigPersister(30245): App-specific configuration not found for packageName: com.google.android.apps.docs and userId: 0
05-07 16:57:19.825 W/PackageConfigPersister(30245): App-specific configuration not found for packageName: com.google.ai.edge.gallery and userId: 0
05-07 16:57:19.825 W/PackageConfigPersister(30245): App-specific configuration not found for packageName: com.google.android.apps.messaging and userId: 0
05-07 16:57:19.825 W/PackageConfigPersister(30245): App-specific configuration not found for packageName: com.google.android.gm and userId: 0
05-07 16:57:19.825 W/PackageConfigPersister(30245): App-specific configuration not found for packageName: ai.x.grok and userId: 0
05-07 16:57:19.825 W/PackageConfigPersister(30245): App-specific configuration not found for packageName: com.sec.android.app.sbrowser and userId: 0
05-07 16:57:19.825 W/PackageConfigPersister(30245): App-specific configuration not found for packageName: com.sec.android.gallery3d and userId: 0
05-07 16:57:19.825 I/HYPER-HAL(29885): [RequestManager.cpp]acquire(): Acquired ID : 162191 [543 / 26]  HINT : APP_START   list : 
05-07 16:57:19.826 V/WindowManager(30245): Collecting in transition 20054: ActivityRecord{95288003 u0 dev.antigravity.classevivaexpressive/.MainActivity t26554}, caller=com.android.server.wm.TransitionController.collect:7 com.android.server.wm.ActivityRecord.setVisibility:132 com.android.server.wm.TaskFragment.resumeTopActivity:2388 com.android.server.wm.Task.resumeTopActivityInnerLocked:125 com.android.server.wm.Task.resumeTopActivityUncheckedLocked:23 
05-07 16:57:19.826 V/WindowManager(30245): Checking theme of starting window: 0x7f10000b
05-07 16:57:19.826 V/WindowManager(30245): Translucent=false Floating=false ShowWallpaper=false Disable=false
05-07 16:57:19.826 V/WindowManager(30245): Collecting in transition 20054: ActivityRecord{95288003 u0 dev.antigravity.classevivaexpressive/.MainActivity t26554}, caller=com.android.server.wm.TransitionController.collect:7 com.android.server.wm.ActivityRecord.setVisibility:132 com.android.server.wm.TaskFragment.resumeTopActivity:2388 com.android.server.wm.Task.resumeTopActivityInnerLocked:154 com.android.server.wm.Task.resumeTopActivityUncheckedLocked:23 
05-07 16:57:19.826 I/HoneySpace.TopTaskSource(26305): onTaskMovedToFront : taskId = 26554, displayId = 0
05-07 16:57:19.826 V/WindowManager(30245): Collecting in transition 20054: ActivityRecord{100894704 u0 eu.spaggiari.classevivastudente/eu.spaggiari.classeviva.classeviva.MainActivity t26548}, caller=com.android.server.wm.TransitionController.collect:7 com.android.server.wm.ActivityRecord.setVisibility:132 com.android.server.wm.ActivityRecord.makeInvisible:15 com.android.server.wm.EnsureActivitiesVisibleHelper.process:541 com.android.server.wm.TaskFragment.updateActivityVisibilities:12 
05-07 16:57:19.826 D/WindowManager(30245): prepareSync <SYNC_STATE_WAITING_FOR_DRAW>, mPrepareSyncSeqId=0, win=Window{654de81 u0 eu.spaggiari.classevivastudente/eu.spaggiari.classeviva.classeviva.MainActivity}
05-07 16:57:19.826 D/RemoteAppTaskWatcher(30245):  ****** RemoteAppTaskWatcher: Message Received 5 Task ID = 0
05-07 16:57:19.826 W/PhoneWindowManager(30245): lockNow pending, ignore updating lockscreen timeout
05-07 16:57:19.826 W/PackageConfigPersister(30245): App-specific configuration not found for packageName: dev.antigravity.classevivaexpressive and userId: 0
05-07 16:57:19.826 W/PackageConfigPersister(30245): App-specific configuration not found for packageName: eu.spaggiari.classevivastudente and userId: 0
05-07 16:57:19.826 W/PackageConfigPersister(30245): App-specific configuration not found for packageName: com.sec.android.app.launcher and userId: 0
05-07 16:57:19.826 I/HoneySpace.TopTaskUseCase(26305): topTasks 26554 ComponentInfo{dev.antigravity.classevivaexpressive/dev.antigravity.classevivaexpressive.MainActivity}[displayId=0]
05-07 16:57:19.826 W/PackageConfigPersister(30245): App-specific configuration not found for packageName: com.spotify.music and userId: 0
05-07 16:57:19.826 W/PackageConfigPersister(30245): App-specific configuration not found for packageName: com.sec.android.app.launcher and userId: 0
05-07 16:57:19.826 W/PackageConfigPersister(30245): App-specific configuration not found for packageName: org.telegram.messenger and userId: 0
05-07 16:57:19.826 W/PackageConfigPersister(30245): App-specific configuration not found for packageName: com.sec.android.app.sbrowser and userId: 0
05-07 16:57:19.826 W/PackageConfigPersister(30245): App-specific configuration not found for packageName: com.openai.chatgpt and userId: 0
05-07 16:57:19.826 W/PackageConfigPersister(30245): App-specific configuration not found for packageName: com.whatsapp and userId: 0
05-07 16:57:19.827 W/PackageConfigPersister(30245): App-specific configuration not found for packageName: com.sec.android.app.myfiles and userId: 0
05-07 16:57:19.827 W/PackageConfigPersister(30245): App-specific configuration not found for packageName: com.instagram.android and userId: 0
05-07 16:57:19.827 W/PackageConfigPersister(30245): App-specific configuration not found for packageName: anddea.youtube and userId: 0
05-07 16:57:19.827 W/PackageConfigPersister(30245): App-specific configuration not found for packageName: com.google.android.googlequicksearchbox and userId: 0
05-07 16:57:19.827 W/PackageConfigPersister(30245): App-specific configuration not found for packageName: com.anthropic.claude and userId: 0
05-07 16:57:19.827 W/PackageConfigPersister(30245): App-specific configuration not found for packageName: com.google.android.apps.authenticator2 and userId: 0
05-07 16:57:19.827 W/PackageConfigPersister(30245): App-specific configuration not found for packageName: com.samsung.android.app.sharelive and userId: 0
05-07 16:57:19.827 W/PackageConfigPersister(30245): App-specific configuration not found for packageName: com.samsung.android.email.provider and userId: 0
05-07 16:57:19.827 W/PackageConfigPersister(30245): App-specific configuration not found for packageName: com.sec.android.app.samsungapps and userId: 0
05-07 16:57:19.827 W/PackageConfigPersister(30245): App-specific configuration not found for packageName: com.android.vending and userId: 0
05-07 16:57:19.827 W/PackageConfigPersister(30245): App-specific configuration not found for packageName: ai.mistral.chat and userId: 0
05-07 16:57:19.827 W/PackageConfigPersister(30245): App-specific configuration not found for packageName: com.sec.android.app.voicenote and userId: 0
05-07 16:57:19.827 W/PackageConfigPersister(30245): App-specific configuration not found for packageName: com.sec.android.daemonapp and userId: 0
05-07 16:57:19.827 W/PackageConfigPersister(30245): App-specific configuration not found for packageName: com.samsung.android.app.notes and userId: 0
05-07 16:57:19.827 W/PackageConfigPersister(30245): App-specific configuration not found for packageName: com.samsung.android.smartsuggestions and userId: 0
05-07 16:57:19.827 W/PackageConfigPersister(30245): App-specific configuration not found for packageName: com.riccardocalligaro.registro_elettronico and userId: 0
05-07 16:57:19.827 W/PackageConfigPersister(30245): App-specific configuration not found for packageName: com.sec.android.app.sbrowser.webapk.w26874bbc867d9076e914bbe9115f12c81 and userId: 0
05-07 16:57:19.827 W/PackageConfigPersister(30245): App-specific configuration not found for packageName: com.keyvoice.app and userId: 0
05-07 16:57:19.827 W/PackageConfigPersister(30245): App-specific configuration not found for packageName: com.pampa.store and userId: 0
05-07 16:57:19.827 W/PackageConfigPersister(30245): App-specific configuration not found for packageName: com.google.android.apps.docs.editors.sheets and userId: 0
05-07 16:57:19.827 W/PackageConfigPersister(30245): App-specific configuration not found for packageName: com.google.android.apps.classroom and userId: 0
05-07 16:57:19.827 W/PackageConfigPersister(30245): App-specific configuration not found for packageName: com.google.android.apps.docs and userId: 0
05-07 16:57:19.827 W/PackageConfigPersister(30245): App-specific configuration not found for packageName: com.google.ai.edge.gallery and userId: 0
05-07 16:57:19.827 W/PackageConfigPersister(30245): App-specific configuration not found for packageName: com.google.android.apps.messaging and userId: 0
05-07 16:57:19.827 W/PackageConfigPersister(30245): App-specific configuration not found for packageName: com.google.android.gm and userId: 0
05-07 16:57:19.827 W/PackageConfigPersister(30245): App-specific configuration not found for packageName: ai.x.grok and userId: 0
05-07 16:57:19.827 W/PackageConfigPersister(30245): App-specific configuration not found for packageName: com.sec.android.app.sbrowser and userId: 0
05-07 16:57:19.827 W/PackageConfigPersister(30245): App-specific configuration not found for packageName: com.sec.android.gallery3d and userId: 0
05-07 16:57:19.828 I/SurfaceFlinger( 1880): [Display 0 name="Schermo incorporato"#172740] setFrameRateCategory: High
05-07 16:57:19.828 I/SurfaceFlinger( 1880): [ActivityRecord{95288003 u0 dev.antigravity.classevivaexpressive/.MainActivity t26554}#418250] attach to parent LayerHierarchy{RequestedLayerState{Task=26554#418249 parentId=172709} 1 children}
05-07 16:57:19.828 I/Kumiho-Kumiho(31394): getPackageName: com.samsung.android.app.aodservice
05-07 16:57:19.828 D/ShellStartingWindow(31394): Theme Park icon pack is applied. using original icons.
05-07 16:57:19.829 I/SurfaceFlinger( 1880): Current= 120, Period= 120, Distance= 120
05-07 16:57:19.829 D/InputTransport(30245): Input channel constructed: '6118588', fd=1364
05-07 16:57:19.829 D/InputTransport(30245): Input channel constructed: '6118588', fd=1366
05-07 16:57:19.829 D/InputTransport(30245): Input channel constructed: '6118588', fd=1378
05-07 16:57:19.829 D/InputTransport(30245): Input channel destroyed: '6118588', fd=1366
05-07 16:57:19.829 D/WindowManager(30245): prepareSync <SYNC_STATE_WAITING_FOR_DRAW>, mPrepareSyncSeqId=0, win=Window{6118588 u0 Splash Screen dev.antigravity.classevivaexpressive}
05-07 16:57:19.830 I/SurfaceFlinger( 1880): id=418251 createSurf, flag=84004, 6118588 Splash Screen dev.antigravity.classevivaexpressive#418251
05-07 16:57:19.830 D/LocalDisplayAdapter(30245): updateActiveModeLocked for d=4630946249045481107, mActiveModeId=1, mActiveSfDisplayMode=DisplayMode{id=0, width=1080, height=2340, xDpi=415.63635, yDpi=418.5634, peakRefreshRate=120.00001, vsyncRate=120.00001, appVsyncOffsetNanos=8333333, presentationDeadlineNanos=9333333, supportedHdrTypes=[4, 2, 3], group=0}
05-07 16:57:19.830 D/RestrictionPolicy(30245): isScreenCaptureEnabled : ret=true userId=0
05-07 16:57:19.830 V/WindowManager(30245): addWindow: ActivityRecord{95288003 u0 dev.antigravity.classevivaexpressive/.MainActivity t26554} startingWindow=Window{6118588 u0 Splash Screen dev.antigravity.classevivaexpressive}
05-07 16:57:19.830 V/WindowManager(30245): rotationForOrientation(orient=SCREEN_ORIENTATION_UNSPECIFIED (-1), last=ROTATION_0 (0)); user=ROTATION_0 (0) 
05-07 16:57:19.830 D/WindowManager(30245): rotationForOrientation, orientationSource=ActivityRecord{95288003 u0 dev.antigravity.classevivaexpressive/.MainActivity t26554}
05-07 16:57:19.830 V/WindowManager(30245): Computed rotation=ROTATION_0 (0) for display id=0 based on lastOrientation=SCREEN_ORIENTATION_UNSPECIFIED (-1) and oldRotation=ROTATION_0 (0), caller=com.android.server.wm.DisplayRotation.updateOrientation:86 com.android.server.wm.DisplayContent.updateOrientation:41 com.android.server.wm.WindowManagerService.addWindowInner:744 com.android.server.wm.WindowManagerService.addWindow:1920 com.android.server.wm.Session.addToDisplayAsUser:15 android.view.IWindowSession$Stub.onTransact:782 
05-07 16:57:19.831 D/InputTransport(30245): Input channel destroyed: '6118588', fd=1378
05-07 16:57:19.831 D/InputTransport(31394): Input channel constructed: '6118588', fd=932
05-07 16:57:19.832 I/InsetsController(31394): onStateChanged: host=Splash Screen dev.antigravity.classevivaexpressive, from=android.view.ViewRootImpl.onInsetsStateChanged:3038, state=InsetsState: {mDisplayFrame=Rect(0, 0 - 1080, 2340), mDisplayCutout=DisplayCutout{insets=Rect(0, 103 - 0, 0) waterfall=Insets{left=0, top=0, right=0, bottom=0} boundingRect={Bounds=[Rect(0, 0 - 0, 0), Rect(511, 0 - 569, 103), Rect(0, 0 - 0, 0), Rect(0, 0 - 0, 0)]} cutoutPathParserInfo={CutoutPathParserInfo{displayWidth=1080 displayHeight=2340 physicalDisplayWidth=1080 physicalDisplayHeight=2340 density={3.0} cutoutSpec={M 0,0 H -9.666666666666667 V 34.33333333333333 H 9.666666666666667 V 0 H 0 Z @dp} rotation={0} scale={1.0} physicalPixelDisplaySizeRatio={1.0}}} sideOverrides={}}, mRoundedCorners=RoundedCorners{[RoundedCorner{position=TopLeft, radius=89, center=Point(89, 89)}, RoundedCorner{position=TopRight, radius=89, center=Point(991, 89)}, RoundedCorner{position=BottomRight, radius=89, center=Point(991, 2251)}, RoundedCorner{position=BottomLeft, radius=89, center=Point(89, 2251)}]}  mRoundedCornerFrame=Rect(0, 0 - 1080, 2340), mPrivacyIndicatorBounds=PrivacyIndicatorBounds {static bounds=Rect(964, 0 - 1080, 103) rotation=0}, mDisplayShape=DisplayShape{ spec=-311912193 displayWidth=1080 displayHeight=2340 physicalPixelDisplaySizeRatio=1.0 rotation=0 offsetX=0 offsetY=0 scale=1.0}, mSources= { InsetsSource: {3 mType=ime mFrame=[0,0][0,0] mAttachedInsets=null mVisible=false mFlags=INVALID mSideHint=NONE mBoundingRects=null}, InsetsSource: {27 mType=displayCutout mFrame=[0,0][1080,103] mAttachedInsets=null mVisible=true mFlags= mSideHint=TOP mBoundingRects=null}, InsetsSource: {379a0001 mType=navigationBars mFrame=[0,0][0,0] mAttachedInsets=null mVisible=true mFlags=SUPPRESS_SCRIM mSideHint=NONE mBoundingRects=null}, InsetsSource: {379a0004 mType=systemGestures mFrame=[0,0][104,2340] mAttachedInsets=null mVisible=true mFlags= mSideHint=LEFT mBoundingRects=null}, InsetsSource: {379a0005 mType=mandatorySystemGestures mFrame=[0,2256][1080,2340] mAttachedInsets=null mVisible=true mFlags= mSideHint=BOTTOM mBoundingRects=null}, InsetsSource: {379a0006 mType=tappableElement mFrame=[0,0][0,0] mAttachedInsets=null mVisible=true mFlags= mSideHint=NONE mBoundingRects=null}, InsetsSource: {379a0024 mType=systemGestures mFrame=[976,0][1080,2340] mAttachedInsets=null mVisible=true mFlags= mSideHint=RIGHT mBoundingRects=null}, InsetsSource: {3f550000 mType=statusBars mFrame=[0,0][1080,103] mAttachedInsets=null mVisible=true mFlags= mSideHint=TOP mBoundingRects=null}, InsetsSource: {3f550005 mType=mandatorySystemGestures mFrame=[0,0][1080,135] mAttachedInsets=null mVisible=true mFlags= mSideHint=TOP mBoundingRects=null}, InsetsSource: {3f550006 mType=tappableElement mFrame=[0,0][1080,103] mAttachedInsets=null mVisible=true mFlags= mSideHint=TOP mBoundingRects=null} }
05-07 16:57:19.832 I/VRI[classevivaexpressive]@7ac169b(31394): synced displayState. AttachInfo displayState=2
05-07 16:57:19.833 I/VRI[classevivaexpressive]@7ac169b(31394): setView = android.widget.FrameLayout@ebb286f IsHRR=false mFlingFrameRateChange=0 TM=true
05-07 16:57:19.833 I/SS_POWER_HINT_SESSION(29886): SS_ADPF 31394-10053-8030 PowerHintSession createHintSession : , 31695, 31696, 31609, 31699 : 16666667
05-07 16:57:19.833 D/HWUI    (31394): HWUI - treat SMPTE_170M as sRGB
05-07 16:57:19.834 I/CameraService(29862): onUidStateChanged: uid=10053, procState is changed. (0 -> 1)
05-07 16:57:19.834 I/HYPER-HAL(29885): [RequestManager.cpp]acquire(): Acquired ID : 952319247 [29886 / 91725]  HINT :     list : [TID_LOW_LATENCY / 1] [TID / 31695] [TID / 31696] [TID / 31609] [TID / 31699] 
05-07 16:57:19.834 W/libbinder.Binder(30245): Large reply transaction of 432944 bytes, interface descriptor android.app.IActivityTaskManager, code 87, flags 18
05-07 16:57:19.834 W/libbinder.IPCThreadState(29862): Sending oneway calls to frozen process.
05-07 16:57:19.834 W/libbinder.IPCThreadState(29862): Sending oneway calls to frozen process.
05-07 16:57:19.834 W/libbinder.IPCThreadState(29862): Sending oneway calls to frozen process.
05-07 16:57:19.834 D/ShellDesktopMode(31394): DesktopRepository: Removes freeform task: taskId=26553
05-07 16:57:19.834 W/ShellDesktopMode(31394): DesktopRepository: No display id found for task: taskId=26553
05-07 16:57:19.834 D/SGM:FgCheckThread(30245): notePauseComponent(), received pkgName: eu.spaggiari.classevivastudente, userId: 0
05-07 16:57:19.835 I/HoneySpace.RecentTasks(26305): onRecentTasksChanged l:266478573
05-07 16:57:19.835 I/HoneySpace.RecentTasks(26305): onRecentTasksChanged l:266478573
05-07 16:57:19.835 I/CocktailBarManagerServiceContainer(30245): handleMessage: entry what = 6
05-07 16:57:19.835 W/PackageConfigPersister(30245): App-specific configuration not found for packageName: dev.antigravity.classevivaexpressive and userId: 0
05-07 16:57:19.835 D/SemWifiTransportLayerMonitor.TcpMonitorHandler(30245): MSG_SAVE_PACKAGE_INFO
05-07 16:57:19.835 D/SemWifiTransportLayerFileManager(30245): saveWifiPackageInfoToFile
05-07 16:57:19.835 D/SemWifiTransportLayerFileManager(30245): writeWifiPackageInfoList
05-07 16:57:19.835 W/PackageConfigPersister(30245): App-specific configuration not found for packageName: dev.antigravity.classevivaexpressive and userId: 0
