05-07 16:57:20.046 I/HBD     ( 2755): b InputMethodSubtype is set as local:it 
05-07 16:57:20.047 D/SurfaceFlinger( 1880): Display 4630946249045481107 HWC layers:
05-07 16:57:20.047 D/SurfaceFlinger( 1880):   SOLID_COLOR |                        0 | 00000000 | N/A          |    0.0    0.0    0.0    0.0 |    0    0 1080 2340 | animation-background for #20054#418257 (0)
05-07 16:57:20.047 D/SurfaceFlinger( 1880):        CLIENT |                        0 | 00000002 | N/A          |    0.0    0.0    0.0    0.0 |    0   90  365 2250 | Background for e0a71ce SurfaceView[e[...]va.classeviva.MainActivity]@0#418243 (0)
05-07 16:57:20.047 D/SurfaceFlinger( 1880):        CLIENT |           29600914604112 | 00000102 | RGBA_8888    |  684.0    0.0 1080.0 2340.0 |    0   90  365 2250 | e0a71ce SurfaceView[eu.spaggiari.cla[...]seviva.MainActivity]@0(BLAST)#418242 (4)
05-07 16:57:20.047 D/SurfaceFlinger( 1880):        CLIENT |           29600914604115 | 00002100 | RGBA_8888    |  684.0    0.0 1080.0 2340.0 |    0   90  365 2250 | eu.spaggiari.classevivastudente/eu.s[...]classeviva.MainActivity$_6892#418237 (2)
05-07 16:57:20.047 D/SurfaceFlinger( 1880):        CLIENT |                        0 | 00000000 | N/A          |    0.0    0.0    0.0    0.0 |    0   90  365 2250 | DimTransitionLayer for Surface(name=Task=26548#417838)/@0x8ffdcbd#418254 (0)
05-07 16:57:20.047 D/SurfaceFlinger( 1880):        CLIEN
05-07 16:57:20.047 D/SurfaceFlinger( 1880): T |          133113921404930 | 00002102 | RGBA_8888    |    0.0    0.0  644.0 2340.0 |  476   73 1080 2267 | dev.antigravity.classevivaexpressive[...]xpressive.MainActivity$_30993#418260 (7)
05-07 16:57:20.047 D/SurfaceFlinger( 1880):        DEVICE |          134836203590730 | 00002100 | RGBA_8888    |    0.0    0.0 1080.0  103.0 |    0    0 1080  103 | StatusBar$_31394#172795 (507583)
05-07 16:57:20.047 D/SurfaceFlinger( 1880):        DEVICE |          112979114767719 | 00002100 | RGBA_8888    |    0.0    0.0   80.0  488.0 | 1000  544 1080 1032 | com.sec.android.app.launcher/com.sam[...]app.CocktailBarService$_26305#418101 (1)
05-07 16:57:20.047 D/SurfaceFlinger( 1880):        DEVICE |          134836203590729 | 00002100 | RGBA_8888    |    0.0    0.0 1080.0  126.0 |    0 2214 1080 2340 | NavigationBar0$_31394#172791 (726843)
05-07 16:57:20.047 D/SurfaceFlinger( 1880): 
05-07 16:57:20.047 I/EPDG-0 [WifiProfiler](30864): handleWifiRssiIntent, rssi=-48
05-07 16:57:20.047 I/EPDG-0 [WifiProfiler](30864): isProfiling, hash=20724337, started=true
05-07 16:57:20.048 I/InputMethodManagerService(30245): subtype state: oldSubtype = android.view.inputmethod.InputMethodSubtype@210000 newSubtype = android.view.inputmethod.InputMethodSubtype@210000 force = false, intent received : false
05-07 16:57:20.048 I/HBD     ( 2755): a [NRIC] resetNoResponseState 
05-07 16:57:20.048 I/HBD     ( 2755): e needOff = true , isForceOff = false, isNullInputClass : true 
05-07 16:57:20.049 I/HBD     ( 2755): e update cached prediction status : false 
05-07 16:57:20.049 I/HBD     ( 2755): c [AiWriter] setContact : dev.antigravity.classevivaexpressive
05-07 16:57:20.049 I/HBD     ( 2755): a [AiWriter] setContact : dev.antigravity.classevivaexpressive
05-07 16:57:20.049 I/HBD     ( 2755): e needOff = true , isForceOff = false, isNullInputClass : true 
05-07 16:57:20.049 I/HBD     ( 2755): b getTBC , flag: 1 , start: 0 , end: 0 , length: 0 , composingLength: 0 , isKCC: false
05-07 16:57:20.049 I/EPDG-0 [LogMetrics](30864): set, type=WIFI_RSSI_LAST, value=-48
05-07 16:57:20.049 I/EPDG-0 [WifiProfiler](30864): isProfiling, hash=20724337, started=true
05-07 16:57:20.050 I/HBD     ( 2755): p0 EBD si S 0 
05-07 16:57:20.050 I/HBD     ( 2755): t updateContactDBLanguage : 2162688 
05-07 16:57:20.050 I/HBD     ( 2755): g isCoverDisplay : false, cached selected json info : SelectedLanguageInfo(languageVersion=4.2, currentLanguageOrder=0, selectedLanguageList=[SelectedLanguage(id=2162688, isUsed=true, engName=Italian, inputType=qwerty, activeOptionList=[auto_replace, spell_check, auto_spacing, prediction], bilingualId=-1), SelectedLanguage(id=65537, isUsed=true, engName=English, inputType=qwerty, activeOptionList=[auto_replace, spell_check, auto_spacing, writing_assistant, prediction], bilingualId=-1)]) 
05-07 16:57:20.050 I/HBD     ( 2755): g updateSelectedLanguageCache is succeeded. Italian 
05-07 16:57:20.050 I/HBD     ( 2755): l writeToFile path : /data/user/0/com.samsung.android.honeyboard/files/selected.json 
05-07 16:57:20.050 I/HBD     ( 2755): l writeToFile json : {"version":"4.2","currentLanguageOrder":0,"selected":[{"activeOptionList":["auto_replace","spell_check","auto_spacing","prediction"],"bilingualId":-1,"engName":"Italian","id":2162688,"inputType":"qwerty","isUsed":true},{"activeOptionList":["auto_replace","spell_check","auto_spacing","writing_assistant","prediction"],"bilingualId":-1,"engName":"English","id":65537,"inputType":"qwerty","isUsed":true}]} 
05-07 16:57:20.050 I/EPDG-0 [WifiProfiler](30864): Rssi : -48 highrange : -71 lowrange : -80 mIsRssiInHystersis : false
05-07 16:57:20.050 I/EPDG-0 [WifiProfiler](30864): Rssi : -48 highrange : -71 lowrange : -80 mIsRssiInHystersis : false
05-07 16:57:20.050 I/EPDG-0 [Subscription](30864): isEpdgAvailable, IwlanPsState=2/2
05-07 16:57:20.050 I/EPDG-0 [WifiProfiler](30864): getHandoverThresholdMet: value is: false
05-07 16:57:20.051 I/HBD     ( 2755): l writeToFile complete 
05-07 16:57:20.051 I/HBD     ( 2755): l Write selected lang for DE  
05-07 16:57:20.051 I/HBD     ( 2755): l writeToFile path : /data/user_de/0/com.samsung.android.honeyboard/files/selected.json 
05-07 16:57:20.051 I/HBD     ( 2755): l writeToFile json : {"version":"4.2","currentLanguageOrder":0,"selected":[{"activeOptionList":["auto_replace","spell_check","auto_spacing","prediction"],"bilingualId":-1,"engName":"Italian","id":2162688,"inputType":"qwerty","isUsed":true},{"activeOptionList":["auto_replace","spell_check","auto_spacing","writing_assistant","prediction"],"bilingualId":-1,"engName":"English","id":65537,"inputType":"qwerty","isUsed":true}]} 
05-07 16:57:20.051 I/HBD     ( 2755): g isCoverDisplay : false, cached selected json info : SelectedLanguageInfo(languageVersion=4.2, currentLanguageOrder=0, selectedLanguageList=[SelectedLanguage(id=2162688, isUsed=true, engName=Italian, inputType=qwerty, activeOptionList=[auto_replace, spell_check, auto_spacing, prediction], bilingualId=-1), SelectedLanguage(id=65537, isUsed=true, engName=English, inputType=qwerty, activeOptionList=[auto_replace, spell_check, auto_spacing, writing_assistant, prediction], bilingualId=-1)]) 
05-07 16:57:20.051 I/HBD     ( 2755): o updateActionOptionFromPreference isCover = false 
05-07 16:57:20.051 I/HBD     ( 2755): o before lang.activeOptionList =  [auto_replace, spell_check, auto_spacing, prediction] 
05-07 16:57:20.051 I/HBD     ( 2755): o after lang.activeOptionList = [auto_replace, spell_check, auto_spacing, prediction] 
05-07 16:57:20.051 I/HBD     ( 2755): l writeToFile complete 
05-07 16:57:20.051 I/HBD     ( 2755): l writeToFile path : /data/user/0/com.samsung.android.honeyboard/files/selected.json 
05-07 16:57:20.052 I/HBD     ( 2755): l writeToFile json : {"version":"4.2","currentLanguageOrder":0,"selected":[{"activeOptionList":["auto_replace","spell_check","auto_spacing","prediction"],"bilingualId":-1,"engName":"Italian","id":2162688,"inputType":"qwerty","isUsed":true},{"activeOptionList":["auto_replace","spell_check","auto_spacing","writing_assistant","prediction"],"bilingualId":-1,"engName":"English","id":65537,"inputType":"qwerty","isUsed":true}]} 
05-07 16:57:20.052 I/HBD     ( 2755): l writeToFile complete 
05-07 16:57:20.052 I/HBD     ( 2755): m normal : updateLanguage : Italian 
05-07 16:57:20.052 I/HBD     ( 2755): l Write selected lang for DE  
05-07 16:57:20.052 I/HBD     ( 2755): g isCoverDisplay : false, cached selected json info : SelectedLanguageInfo(languageVersion=4.2, currentLanguageOrder=0, selectedLanguageList=[SelectedLanguage(id=2162688, isUsed=true, engName=Italian, inputType=qwerty, activeOptionList=[auto_replace, spell_check, auto_spacing, prediction], bilingualId=-1), SelectedLanguage(id=65537, isUsed=true, engName=English, inputType=qwerty, activeOptionList=[auto_replace, spell_check, auto_spacing, writing_assistant, prediction], bilingualId=-1)]) 
05-07 16:57:20.052 I/HBD     ( 2755): l writeToFile path : /data/user_de/0/com.samsung.android.honeyboard/files/selected.json 
05-07 16:57:20.052 I/HBD     ( 2755): l writeToFile json : {"version":"4.2","currentLanguageOrder":0,"selected":[{"activeOptionList":["auto_replace","spell_check","auto_spacing","prediction"],"bilingualId":-1,"engName":"Italian","id":2162688,"inputType":"qwerty","isUsed":true},{"activeOptionList":["auto_replace","spell_check","auto_spacing","writing_assistant","prediction"],"bilingualId":-1,"engName":"English","id":65537,"inputType":"qwerty","isUsed":true}]} 
05-07 16:57:20.052 I/HBD     ( 2755): g isCoverDisplay : false, cached selected json info : SelectedLanguageInfo(languageVersion=4.2, currentLanguageOrder=0, selectedLanguageList=[SelectedLanguage(id=2162688, isUsed=true, engName=Italian, inputType=qwerty, activeOptionList=[auto_replace, spell_check, auto_spacing, prediction], bilingualId=-1), SelectedLanguage(id=65537, isUsed=true, engName=English, inputType=qwerty, activeOptionList=[auto_replace, spell_check, auto_spacing, writing_assistant, prediction], bilingualId=-1)]) 
05-07 16:57:20.052 I/HBD     ( 2755): o updateActionOptionFromPreference isCover = false 
05-07 16:57:20.052 I/HBD     ( 2755): o before lang.activeOptionList =  [auto_replace, spell_check, auto_spacing, prediction] 
05-07 16:57:20.052 I/HBD     ( 2755): o after lang.activeOptionList = [auto_replace, spell_check, auto_spacing, prediction] 
05-07 16:57:20.052 I/HBD     ( 2755): l writeToFile complete 
05-07 16:57:20.052 I/HBD     ( 2755): l writeToFile path : /data/user/0/com.samsung.android.honeyboard/files/selected.json 
05-07 16:57:20.052 I/HBD     ( 2755): l writeToFile json : {"version":"4.2","currentLanguageOrder":0,"selected":[{"activeOptionList":["auto_replace","spell_check","auto_spacing","prediction"],"bilingualId":-1,"engName":"Italian","id":2162688,"inputType":"qwerty","isUsed":true},{"activeOptionList":["auto_replace","spell_check","auto_spacing","writing_assistant","prediction"],"bilingualId":-1,"engName":"English","id":65537,"inputType":"qwerty","isUsed":true}]} 
05-07 16:57:20.052 I/HBD     ( 2755): l writeToFile complete 
05-07 16:57:20.052 I/HBD     ( 2755): m normal : updateLanguage : Italian 
05-07 16:57:20.052 I/HBD     ( 2755): l Write selected lang for DE  
05-07 16:57:20.053 I/HBD     ( 2755): g isCoverDisplay : false, cached selected json info : SelectedLanguageInfo(languageVersion=4.2, currentLanguageOrder=0, selectedLanguageList=[SelectedLanguage(id=2162688, isUsed=true, engName=Italian, inputType=qwerty, activeOptionList=[auto_replace, spell_check, auto_spacing, prediction], bilingualId=-1), SelectedLanguage(id=65537, isUsed=true, engName=English, inputType=qwerty, activeOptionList=[auto_replace, spell_check, auto_spacing, writing_assistant, prediction], bilingualId=-1)]) 
05-07 16:57:20.053 I/HBD     ( 2755): l writeToFile path : /data/user_de/0/com.samsung.android.honeyboard/files/selected.json 
05-07 16:57:20.053 I/HBD     ( 2755): l writeToFile json : {"version":"4.2","currentLanguageOrder":0,"selected":[{"activeOptionList":["auto_replace","spell_check","auto_spacing","prediction"],"bilingualId":-1,"engName":"Italian","id":2162688,"inputType":"qwerty","isUsed":true},{"activeOptionList":["auto_replace","spell_check","auto_spacing","writing_assistant","prediction"],"bilingualId":-1,"engName":"English","id":65537,"inputType":"qwerty","isUsed":true}]} 
05-07 16:57:20.053 I/HBD     ( 2755): g isCoverDisplay : false, cached selected json info : SelectedLanguageInfo(languageVersion=4.2, currentLanguageOrder=0, selectedLanguageList=[SelectedLanguage(id=2162688, isUsed=true, engName=Italian, inputType=qwerty, activeOptionList=[auto_replace, spell_check, auto_spacing, prediction], bilingualId=-1), SelectedLanguage(id=65537, isUsed=true, engName=English, inputType=qwerty, activeOptionList=[auto_replace, spell_check, auto_spacing, writing_assistant, prediction], bilingualId=-1)]) 
05-07 16:57:20.053 I/HBD     ( 2755): g updateSelectedLanguageCache is succeeded. Italian 
05-07 16:57:20.053 I/SurfaceFlinger( 1880): destroyed Surface(name=86a2eb0 dev.antigravity.classevivaexpressive/dev.antigravity.classevivaexpressive.MainActivity#418259)/@0xbd0b474 - animation-leash of starting_reveal#418263 form LifecycleManager
05-07 16:57:20.053 I/SurfaceFlinger( 1880): id=418263 onLayerDestroyed from LayerHierarchyBuilder(RequestedLayerState{Surface(name=86a2eb0 dev.antigravity.classevivaexpressive/dev.antigravity.classevivaexpressive.MainActivity#418259)/@0xbd0b474 - animation-leash of starting_reveal#418263 !handle})
05-07 16:57:20.053 I/View    (30993): setRequestedFrameRate frameRate=NaN, this=androidx.compose.ui.platform.AndroidComposeView{332a0 VFED..... ........ 0,0-1080,2340 aid=1073741824}, caller=android.view.ViewGroup.setRequestedFrameRate:10045 androidx.compose.ui.platform.Api35Impl.setRequestedFrameRate:4033 androidx.compose.ui.platform.AndroidComposeView.dispatchDraw:2248 android.view.View.draw:26758 android.view.View.updateDisplayListIfDirty:25577 
05-07 16:57:20.053 I/View    (30993): setRequestedFrameRate frameRate=NaN, this=android.view.View{46a4031 V.ED..... ........ 0,0-0,0}, caller=androidx.compose.ui.platform.Api35Impl.setRequestedFrameRate:4033 androidx.compose.ui.platform.AndroidComposeView.dispatchDraw:2251 android.view.View.draw:26758 android.view.View.updateDisplayListIfDirty:25577 android.view.ViewGroup.recreateChildDisplayList:4881 
05-07 16:57:20.053 I/HBD     ( 2755): l writeToFile complete 
05-07 16:57:20.053 I/SurfaceFlinger( 1880): id=418263 Destroyed Surface(name=86a2eb0 dev.antigravity.classevivaexpressive/dev.antigravity.classevivaexpressive.MainActivity#418259)/@0xbd0b474 - animation-leash of starting_reveal#418263
05-07 16:57:20.055 I/HBD     ( 2755): l writeToFile path : /data/user/0/com.samsung.android.honeyboard/files/selected.json 
05-07 16:57:20.055 I/HBD     ( 2755): l writeToFile json : {"version":"4.2","currentLanguageOrder":0,"selected":[{"activeOptionList":["auto_replace","spell_check","auto_spacing","prediction"],"bilingualId":-1,"engName":"Italian","id":2162688,"inputType":"qwerty","isUsed":true},{"activeOptionList":["auto_replace","spell_check","auto_spacing","writing_assistant","prediction"],"bilingualId":-1,"engName":"English","id":65537,"inputType":"qwerty","isUsed":true}]} 
05-07 16:57:20.056 I/HBD     ( 2755): l writeToFile complete 
05-07 16:57:20.056 I/HBD     ( 2755): g isCoverDisplay : false, cached selected json info : SelectedLanguageInfo(languageVersion=4.2, currentLanguageOrder=0, selectedLanguageList=[SelectedLanguage(id=2162688, isUsed=true, engName=Italian, inputType=qwerty, activeOptionList=[auto_replace, spell_check, auto_spacing, prediction], bilingualId=-1), SelectedLanguage(id=65537, isUsed=true, engName=English, inputType=qwerty, activeOptionList=[auto_replace, spell_check, auto_spacing, writing_assistant, prediction], bilingualId=-1)]) 
05-07 16:57:20.056 I/HBD     ( 2755): g updateSelectedLanguageCache is succeeded. Italian 
05-07 16:57:20.056 D/SecContentProvider(30245): query(), uri = 17 selection = isSettingsChangesAllowed
05-07 16:57:20.056 D/SecContentProvider(30245): called from android.uid.honeyboard:10229
05-07 16:57:20.056 D/RestrictionPolicy(30245): isSettingsChangesAllowedAsUser, userId 0 : true
05-07 16:57:20.056 D/SecContentProvider(30245): query(), uri = 17 selection = isSettingsChangesAllowed
05-07 16:57:20.056 D/SecContentProvider(30245): called from android.uid.honeyboard:10229
05-07 16:57:20.056 D/RestrictionPolicy(30245): isSettingsChangesAllowedAsUser, userId 0 : true
05-07 16:57:20.056 I/HBD     ( 2755): l writeToFile path : /data/user/0/com.samsung.android.honeyboard/files/selected.json 
05-07 16:57:20.056 I/HBD     ( 2755): l writeToFile json : {"version":"4.2","currentLanguageOrder":0,"selected":[{"activeOptionList":["auto_replace","spell_check","auto_spacing","prediction"],"bilingualId":-1,"engName":"Italian","id":2162688,"inputType":"qwerty","isUsed":true},{"activeOptionList":["auto_replace","spell_check","auto_spacing","writing_assistant","prediction"],"bilingualId":-1,"engName":"English","id":65537,"inputType":"qwerty","isUsed":true}]} 
05-07 16:57:20.056 I/HBD     ( 2755): x updated Sub Types. Italian 
05-07 16:57:20.057 I/HBD     ( 2755): l Write selected lang for DE  
05-07 16:57:20.057 I/HBD     ( 2755): l writeToFile path : /data/user_de/0/com.samsung.android.honeyboard/files/selected.json 
05-07 16:57:20.057 I/HBD     ( 2755): l writeToFile json : {"version":"4.2","currentLanguageOrder":0,"selected":[{"activeOptionList":["auto_replace","spell_check","auto_spacing","prediction"],"bilingualId":-1,"engName":"Italian","id":2162688,"inputType":"qwerty","isUsed":true},{"activeOptionList":["auto_replace","spell_check","auto_spacing","writing_assistant","prediction"],"bilingualId":-1,"engName":"English","id":65537,"inputType":"qwerty","isUsed":true}]} 
05-07 16:57:20.057 I/HBD     ( 2755): b InputMethodSubtype is set as local:it 
05-07 16:57:20.057 I/HBD     ( 2755): l writeToFile complete 
05-07 16:57:20.057 I/HBD     ( 2755): l writeToFile complete 
05-07 16:57:20.057 I/HBD     ( 2755): a [UpdatePolicy] [post] a: 31 cl: 2162688 kit: [0/0] vt: 0 ir: 1 
05-07 16:57:20.057 D/SecContentProvider(30245): query(), uri = 17 selection = isSettingsChangesAllowed
05-07 16:57:20.057 I/HBD     ( 2755): [HitRate] b clear candidateHistory 
05-07 16:57:20.057 D/SecContentProvider(30245): called from android.uid.honeyboard:10229
05-07 16:57:20.057 D/RestrictionPolicy(30245): isSettingsChangesAllowedAsUser, userId 0 : true
05-07 16:57:20.057 I/HBD     ( 2755): [SwypeStatistics] d setOnEdit : false 
05-07 16:57:20.057 I/HBD     ( 2755): [SwypeStatistics] d clear swypeHistory 
05-07 16:57:20.057 I/HBD     ( 2755): WritingAssistSwitcher onStartInput 
05-07 16:57:20.057 D/SecContentProvider(30245): query(), uri = 17 selection = isSettingsChangesAllowed
05-07 16:57:20.057 D/SecContentProvider(30245): called from android.uid.honeyboard:10229
05-07 16:57:20.057 D/RestrictionPolicy(30245): isSettingsChangesAllowedAsUser, userId 0 : true
05-07 16:57:20.057 I/HBD     ( 2755): x updated Sub Types. Italian 
05-07 16:57:20.057 I/HBD     ( 2755): l Write selected lang for DE  
05-07 16:57:20.057 I/HBD     ( 2755): l writeToFile path : /data/user_de/0/com.samsung.android.honeyboard/files/selected.json 
05-07 16:57:20.057 I/HBD     ( 2755): l writeToFile json : {"version":"4.2","currentLanguageOrder":0,"selected":[{"activeOptionList":["auto_replace","spell_check","auto_spacing","prediction"],"bilingualId":-1,"engName":"Italian","id":2162688,"inputType":"qwerty","isUsed":true},{"activeOptionList":["auto_replace","spell_check","auto_spacing","writing_assistant","prediction"],"bilingualId":-1,"engName":"English","id":65537,"inputType":"qwerty","isUsed":true}]} 
05-07 16:57:20.057 I/HBD     ( 2755): b InputMethodSubtype is set as local:it 
05-07 16:57:20.058 I/InputMethodManagerService(30245): subtype state: oldSubtype = android.view.inputmethod.InputMethodSubtype@210000 newSubtype = android.view.inputmethod.InputMethodSubtype@210000 force = false, intent received : false
05-07 16:57:20.058 I/HBD     ( 2755): l writeToFile complete 
05-07 16:57:20.058 I/InputMethodManagerService(30245): subtype state: oldSubtype = android.view.inputmethod.InputMethodSubtype@210000 newSubtype = android.view.inputmethod.InputMethodSubtype@210000 force = false, intent received : false
05-07 16:57:20.058 I/HBD     ( 2755): HoneyBoardService [PF_OP][onStartInput]  32 ms 
05-07 16:57:20.058 I/InputMethodService( 2755): scheduleImeSurfaceRemoval: removeImeSurface is posted.
05-07 16:57:20.061 I/View    (30993): setRequestedFrameRate frameRate=NaN, this=androidx.compose.ui.platform.AndroidComposeView{332a0 VFED..... ........ 0,0-1080,2340 aid=1073741824}, caller=android.view.ViewGroup.setRequestedFrameRate:10045 androidx.compose.ui.platform.Api35Impl.setRequestedFrameRate:4033 androidx.compose.ui.platform.AndroidComposeView.dispatchDraw:2248 android.view.View.draw:26758 android.view.View.updateDisplayListIfDirty:25577 
05-07 16:57:20.061 I/View    (30993): setRequestedFrameRate frameRate=NaN, this=android.view.View{46a4031 V.ED..... ........ 0,0-0,0}, caller=androidx.compose.ui.platform.Api35Impl.setRequestedFrameRate:4033 androidx.compose.ui.platform.AndroidComposeView.dispatchDraw:2251 android.view.View.draw:26758 android.view.View.updateDisplayListIfDirty:25577 android.view.ViewGroup.recreateChildDisplayList:4881 
05-07 16:57:20.064 W/ung.android.mdx( 2658): Reducing the number of considered missed Gc histogram windows from 404 to 100
05-07 16:57:20.069 I/View    (30993): setRequestedFrameRate frameRate=NaN, this=androidx.compose.ui.platform.AndroidComposeView{332a0 VFED..... ........ 0,0-1080,2340 aid=1073741824}, caller=android.view.ViewGroup.setRequestedFrameRate:10045 androidx.compose.ui.platform.Api35Impl.setRequestedFrameRate:4033 androidx.compose.ui.platform.AndroidComposeView.dispatchDraw:2248 android.view.View.draw:26758 android.view.View.updateDisplayListIfDirty:25577 
05-07 16:57:20.069 I/View    (30993): setRequestedFrameRate frameRate=NaN, this=android.view.View{46a4031 V.ED..... ........ 0,0-0,0}, caller=androidx.compose.ui.platform.Api35Impl.setRequestedFrameRate:4033 androidx.compose.ui.platform.AndroidComposeView.dispatchDraw:2251 android.view.View.draw:26758 android.view.View.updateDisplayListIfDirty:25577 android.view.ViewGroup.recreateChildDisplayList:4881 
05-07 16:57:20.070 I/vendor.qti.bluetooth@1.0-ibs_handler( 1760): ProcessIbsCmd: Received IBS_SLEEP_IND: 0xFE
05-07 16:57:20.070 D/vendor.qti.bluetooth@1.0-ibs_handler( 1760): SerialClockVote: vote for UART CLK OFF
05-07 16:57:20.078 I/View    (30993): setRequestedFrameRate frameRate=NaN, this=androidx.compose.ui.platform.AndroidComposeView{332a0 VFED..... ........ 0,0-1080,2340 aid=1073741824}, caller=android.view.ViewGroup.setRequestedFrameRate:10045 androidx.compose.ui.platform.Api35Impl.setRequestedFrameRate:4033 androidx.compose.ui.platform.AndroidComposeView.dispatchDraw:2248 android.view.View.draw:26758 android.view.View.updateDisplayListIfDirty:25577 
05-07 16:57:20.078 I/View    (30993): setRequestedFrameRate frameRate=NaN, this=android.view.View{46a4031 V.ED..... ........ 0,0-0,0}, caller=androidx.compose.ui.platform.Api35Impl.setRequestedFrameRate:4033 androidx.compose.ui.platform.AndroidComposeView.dispatchDraw:2251 android.view.View.draw:26758 android.view.View.updateDisplayListIfDirty:25577 android.view.ViewGroup.recreateChildDisplayList:4881 
05-07 16:57:20.086 W/PackageConfigPersister(30245): App-specific configuration not found for packageName: dev.antigravity.classevivaexpressive and userId: 0
05-07 16:57:20.086 I/View    (30993): setRequestedFrameRate frameRate=NaN, this=androidx.compose.ui.platform.AndroidComposeView{332a0 VFED..... ........ 0,0-1080,2340 aid=1073741824}, caller=android.view.ViewGroup.setRequestedFrameRate:10045 androidx.compose.ui.platform.Api35Impl.setRequestedFrameRate:4033 androidx.compose.ui.platform.AndroidComposeView.dispatchDraw:2248 android.view.View.draw:26758 android.view.View.updateDisplayListIfDirty:25577 
05-07 16:57:20.086 I/View    (30993): setRequestedFrameRate frameRate=NaN, this=android.view.View{46a4031 V.ED..... ........ 0,0-0,0}, caller=androidx.compose.ui.platform.Api35Impl.setRequestedFrameRate:4033 androidx.compose.ui.platform.AndroidComposeView.dispatchDraw:2251 android.view.View.draw:26758 android.view.View.updateDisplayListIfDirty:25577 android.view.ViewGroup.recreateChildDisplayList:4881 
05-07 16:57:20.087 I/vendor.qti.bluetooth@1.0-ibs_handler( 1760): ProcessIbsCmd: Received IBS_WAKE_IND: 0xFD
05-07 16:57:20.087 D/vendor.qti.bluetooth@1.0-ibs_handler( 1760): SerialClockVote: vote for UART CLK ON
05-07 16:57:20.087 I/vendor.qti.bluetooth@1.0-ibs_handler( 1760): ProcessIbsCmd: Writing IBS_WAKE_ACK
05-07 16:57:20.088 I/ScanController(31253): onScanResult to scannerId: 3- eventType=0x10, addressType=0, address=XX:XX:XX:XX:99:FF, primaryPhy=1, secondaryPhy=0, advertisingSid=0xff, txPower=127, rssi=-71, periodicAdvInt=0x0
05-07 16:57:20.089 I/[+0200]oneconnect[1.8.45.24_01][CORE](27637): DataConvert.parseBleVd - deviceBle : |name:|deviceType:TV|discoverType:_BLE|services:None|connected:false[TvStatusString]POWER_OFF[TvStatus]-128[TvService]102[TvMirrorChannel]1[TvRegisteredDB][-103, 10, -125, 101, 37, 0][TvYear]2016[TvOcfInfo]0[TvAcmStatus]0[ExTvStatus]0[ExtendedStatus]-1[ModuloSn]-1
05-07 16:57:20.094 I/HBD     ( 2755): b [SKE_SPECIFIC] specific model[dev.antigravity.classevivaexpressive] loaded, 36109271 ns
05-07 16:57:20.095 I/View    (30993): setRequestedFrameRate frameRate=NaN, this=androidx.compose.ui.platform.AndroidComposeView{332a0 VFED..... ........ 0,0-1080,2340 aid=1073741824}, caller=android.view.ViewGroup.setRequestedFrameRate:10045 androidx.compose.ui.platform.Api35Impl.setRequestedFrameRate:4033 androidx.compose.ui.platform.AndroidComposeView.dispatchDraw:2248 android.view.View.draw:26758 android.view.View.updateDisplayListIfDirty:25577 
05-07 16:57:20.095 I/View    (30993): setRequestedFrameRate frameRate=NaN, this=android.view.View{46a4031 V.ED..... ........ 0,0-0,0}, caller=androidx.compose.ui.platform.Api35Impl.setRequestedFrameRate:4033 androidx.compose.ui.platform.AndroidComposeView.dispatchDraw:2251 android.view.View.draw:26758 android.view.View.updateDisplayListIfDirty:25577 android.view.ViewGroup.recreateChildDisplayList:4881 
05-07 16:57:20.103 I/View    (30993): setRequestedFrameRate frameRate=NaN, this=androidx.compose.ui.platform.AndroidComposeView{332a0 VFED..... ........ 0,0-1080,2340 aid=1073741824}, caller=android.view.ViewGroup.setRequestedFrameRate:10045 androidx.compose.ui.platform.Api35Impl.setRequestedFrameRate:4033 androidx.compose.ui.platform.AndroidComposeView.dispatchDraw:2248 android.view.View.draw:26758 android.view.View.updateDisplayListIfDirty:25577 
05-07 16:57:20.103 I/View    (30993): setRequestedFrameRate frameRate=NaN, this=android.view.View{46a4031 V.ED..... ........ 0,0-0,0}, caller=androidx.compose.ui.platform.Api35Impl.setRequestedFrameRate:4033 androidx.compose.ui.platform.AndroidComposeView.dispatchDraw:2251 android.view.View.draw:26758 android.view.View.updateDisplayListIfDirty:25577 android.view.ViewGroup.recreateChildDisplayList:4881 
05-07 16:57:20.104 D/DisplayAiqeManager(30245): getContentMode : start
05-07 16:57:20.104 D/DisplayAiqeManagerService(30245): getContentMode : start
05-07 16:57:20.104 D/DisplayAiqeHalImpl(30245): getContentMode : UI
05-07 16:57:20.104 D/DisplayAiqeManagerService(30245): getContentMode : mode - UI
05-07 16:57:20.104 D/DisplayAiqeManager(30245): getContentMode : mode - UI
05-07 16:57:20.105 V/MdnieScenarioControlService(30245): mAclOffEnabled : false
05-07 16:57:20.111 I/View    (30993): setRequestedFrameRate frameRate=NaN, this=androidx.compose.ui.platform.AndroidComposeView{332a0 VFED..... ........ 0,0-1080,2340 aid=1073741824}, caller=android.view.ViewGroup.setRequestedFrameRate:10045 androidx.compose.ui.platform.Api35Impl.setRequestedFrameRate:4033 androidx.compose.ui.platform.AndroidComposeView.dispatchDraw:2248 android.view.View.draw:26758 android.view.View.updateDisplayListIfDirty:25577 
05-07 16:57:20.111 I/View    (30993): setRequestedFrameRate frameRate=NaN, this=android.view.View{46a4031 V.ED..... ........ 0,0-0,0}, caller=androidx.compose.ui.platform.Api35Impl.setRequestedFrameRate:4033 androidx.compose.ui.platform.AndroidComposeView.dispatchDraw:2251 android.view.View.draw:26758 android.view.View.updateDisplayListIfDirty:25577 android.view.ViewGroup.recreateChildDisplayList:4881 
05-07 16:57:20.119 I/View    (30993): setRequestedFrameRate frameRate=NaN, this=androidx.compose.ui.platform.AndroidComposeView{332a0 VFED..... ........ 0,0-1080,2340 aid=1073741824}, caller=android.view.ViewGroup.setRequestedFrameRate:10045 androidx.compose.ui.platform.Api35Impl.setRequestedFrameRate:4033 androidx.compose.ui.platform.AndroidComposeView.dispatchDraw:2248 android.view.View.draw:26758 android.view.View.updateDisplayListIfDirty:25577 
05-07 16:57:20.119 I/View    (30993): setRequestedFrameRate frameRate=NaN, this=android.view.View{46a4031 V.ED..... ........ 0,0-0,0}, caller=androidx.compose.ui.platform.Api35Impl.setRequestedFrameRate:4033 androidx.compose.ui.platform.AndroidComposeView.dispatchDraw:2251 android.view.View.draw:26758 android.view.View.updateDisplayListIfDirty:25577 android.view.ViewGroup.recreateChildDisplayList:4881 
05-07 16:57:20.122 I/ScanController(31253): onScanResult to scannerId: 7- eventType=0x10, addressType=1, address=XX:XX:XX:XX:1D:B9, primaryPhy=1, secondaryPhy=0, advertisingSid=0xff, txPower=127, rssi=-48, periodicAdvInt=0x0
05-07 16:57:20.123 W/PackageConfigPersister(30245): App-specific configuration not found for packageName: dev.antigravity.classevivaexpressive and userId: 0
05-07 16:57:20.123 W/PackageConfigPersister(30245): App-specific configuration not found for packageName: eu.spaggiari.classevivastudente and userId: 0
05-07 16:57:20.123 W/PackageConfigPersister(30245): App-specific configuration not found for packageName: com.sec.android.app.launcher and userId: 0
05-07 16:57:20.123 W/PackageConfigPersister(30245): App-specific configuration not found for packageName: com.spotify.music and userId: 0
05-07 16:57:20.128 I/View    (30993): setRequestedFrameRate frameRate=NaN, this=androidx.compose.ui.platform.AndroidComposeView{332a0 VFED..... ........ 0,0-1080,2340 aid=1073741824}, caller=android.view.ViewGroup.setRequestedFrameRate:10045 androidx.compose.ui.platform.Api35Impl.setRequestedFrameRate:4033 androidx.compose.ui.platform.AndroidComposeView.dispatchDraw:2248 android.view.View.draw:26758 android.view.View.updateDisplayListIfDirty:25577 
05-07 16:57:20.128 I/View    (30993): setRequestedFrameRate frameRate=NaN, this=android.view.View{46a4031 V.ED..... ........ 0,0-0,0}, caller=androidx.compose.ui.platform.Api35Impl.setRequestedFrameRate:4033 androidx.compose.ui.platform.AndroidComposeView.dispatchDraw:2251 android.view.View.draw:26758 android.view.View.updateDisplayListIfDirty:25577 android.view.ViewGroup.recreateChildDisplayList:4881 
05-07 16:57:20.136 I/View    (30993): setRequestedFrameRate frameRate=NaN, this=androidx.compose.ui.platform.AndroidComposeView{332a0 VFED..... ........ 0,0-1080,2340 aid=1073741824}, caller=android.view.ViewGroup.setRequestedFrameRate:10045 androidx.compose.ui.platform.Api35Impl.setRequestedFrameRate:4033 androidx.compose.ui.platform.AndroidComposeView.dispatchDraw:2248 android.view.View.draw:26758 android.view.View.updateDisplayListIfDirty:25577 
05-07 16:57:20.136 I/View    (30993): setRequestedFrameRate frameRate=NaN, this=android.view.View{46a4031 V.ED..... ........ 0,0-0,0}, caller=androidx.compose.ui.platform.Api35Impl.setRequestedFrameRate:4033 androidx.compose.ui.platform.AndroidComposeView.dispatchDraw:2251 android.view.View.draw:26758 android.view.View.updateDisplayListIfDirty:25577 android.view.ViewGroup.recreateChildDisplayList:4881 
05-07 16:57:20.141 I/okhttp.OkHttpClient(30993): <-- 200 https://web.spaggiari.eu/rest/v1/auth/status (190ms, unknown-length body)
05-07 16:57:20.145 I/WindowExtensionsImpl(30993): Initializing Window Extensions, vendor API level=9, activity embedding enabled=true
05-07 16:57:20.151 I/HWUI    (30993): Using FreeType backend (prop=Auto)
05-07 16:57:20.160 I/View    (30993): setRequestedFrameRate frameRate=NaN, this=androidx.compose.ui.platform.AndroidComposeView{332a0 VFED..... ......ID 0,0-1080,2340 aid=1073741824}, caller=android.view.ViewGroup.setRequestedFrameRate:10045 androidx.compose.ui.platform.Api35Impl.setRequestedFrameRate:4033 androidx.compose.ui.platform.AndroidComposeView.dispatchDraw:2248 android.view.View.draw:26758 android.view.View.updateDisplayListIfDirty:25577 
05-07 16:57:20.160 I/View    (30993): setRequestedFrameRate frameRate=-4.0, this=android.view.View{46a4031 V.ED..... ........ 0,0-0,0}, caller=androidx.compose.ui.platform.Api35Impl.setRequestedFrameRate:4033 androidx.compose.ui.platform.AndroidComposeView.dispatchDraw:2251 android.view.View.draw:26758 android.view.View.updateDisplayListIfDirty:25577 android.view.View.draw:26477 
05-07 16:57:20.162 I/vendor.qti.bluetooth@1.0-ibs_handler( 1760): ProcessIbsCmd: Received IBS_SLEEP_IND: 0xFE
05-07 16:57:20.162 D/vendor.qti.bluetooth@1.0-ibs_handler( 1760): SerialClockVote: vote for UART CLK OFF
05-07 16:57:20.163 I/SyncCoordinator(30993): Avvio sincronizzazione per anno: 2025-2026
05-07 16:57:20.164 I/okhttp.OkHttpClient(30993): --> GET https://web.spaggiari.eu/rest/v1/students/10343142/card
05-07 16:57:20.164 I/View    (30993): setRequestedFrameRate frameRate=NaN, this=androidx.compose.ui.platform.AndroidComposeView{332a0 VFED..... ........ 0,0-1080,2340 aid=1073741824}, caller=android.view.ViewGroup.setRequestedFrameRate:10045 androidx.compose.ui.platform.Api35Impl.setRequestedFrameRate:4033 androidx.compose.ui.platform.AndroidComposeView.dispatchDraw:2248 android.view.View.draw:26758 android.view.View.updateDisplayListIfDirty:25577 
05-07 16:57:20.164 I/View    (30993): setRequestedFrameRate frameRate=-4.0, this=android.view.View{46a4031 V.ED..... ........ 0,0-0,0}, caller=androidx.compose.ui.platform.Api35Impl.setRequestedFrameRate:4033 androidx.compose.ui.platform.AndroidComposeView.dispatchDraw:2251 android.view.View.draw:26758 android.view.View.updateDisplayListIfDirty:25577 android.view.ViewGroup.recreateChildDisplayList:4881 
05-07 16:57:20.167 D/WindowLayoutComponentImpl(30993): Register WindowLayoutInfoListener on Context=dev.antigravity.classevivaexpressive.MainActivity@8a74ef6, of which baseContext=android.app.ContextImpl@6a1450d
05-07 16:57:20.170 I/View    (30993): setRequestedFrameRate frameRate=NaN, this=androidx.compose.ui.platform.AndroidComposeView{332a0 VFED..... ........ 0,0-1080,2340 aid=1073741824}, caller=android.view.ViewGroup.setRequestedFrameRate:10045 androidx.compose.ui.platform.Api35Impl.setRequestedFrameRate:4033 androidx.compose.ui.platform.AndroidComposeView.dispatchDraw:2248 android.view.View.draw:26758 android.view.View.updateDisplayListIfDirty:25577 
05-07 16:57:20.170 I/View    (30993): setRequestedFrameRate frameRate=NaN, this=android.view.View{46a4031 V.ED..... ........ 0,0-0,0}, caller=androidx.compose.ui.platform.Api35Impl.setRequestedFrameRate:4033 androidx.compose.ui.platform.AndroidComposeView.dispatchDraw:2251 android.view.View.draw:26758 android.view.View.updateDisplayListIfDirty:25577 android.view.ViewGroup.recreateChildDisplayList:4881 
05-07 16:57:20.199 I/HoneySpace.EdgePanel.EdgeContainerViewModel(26305): isAwaitingAppTransitionAnimation: true
05-07 16:57:20.199 I/HoneySpace.EdgePanel.EdgeVisibilityRepository(26305): getComputedTrayVisible : keyguardState = 1
05-07 16:57:20.200 I/HoneySpace.EdgePanel.EdgeVisibilityRepository(26305): updateTrayVisible: State = 0x1, visible = true, current containerState = 0, specificMode = 0
05-07 16:57:20.200 I/HoneySpace.EdgePanel.EdgeVisibilityRepository(26305): Same container state 0
05-07 16:57:20.200 I/HoneySpace.EdgePanel.EdgeContainerViewModel(26305): isAwaitingAppTransitionAnimation: false
05-07 16:57:20.232 I/View    (30993): setRequestedFrameRate frameRate=NaN, this=androidx.compose.ui.platform.AndroidComposeView{332a0 VFED..... ......ID 0,0-1080,2340 aid=1073741824}, caller=android.view.ViewGroup.setRequestedFrameRate:10045 androidx.compose.ui.platform.Api35Impl.setRequestedFrameRate:4033 androidx.compose.ui.platform.AndroidComposeView.dispatchDraw:2248 android.view.View.draw:26758 android.view.View.updateDisplayListIfDirty:25577 
05-07 16:57:20.232 I/View    (30993): setRequestedFrameRate frameRate=-4.0, this=android.view.View{46a4031 V.ED..... ........ 0,0-0,0}, caller=androidx.compose.ui.platform.Api35Impl.setRequestedFrameRate:4033 androidx.compose.ui.platform.AndroidComposeView.dispatchDraw:2251 android.view.View.draw:26758 android.view.View.updateDisplayListIfDirty:25577 android.view.ViewGroup.recreateChildDisplayList:4881 
05-07 16:57:20.236 I/View    (30993): setRequestedFrameRate frameRate=NaN, this=androidx.compose.ui.platform.AndroidComposeView{332a0 VFED..... ......ID 0,0-1080,2340 aid=1073741824}, caller=android.view.ViewGroup.setRequestedFrameRate:10045 androidx.compose.ui.platform.Api35Impl.setRequestedFrameRate:4033 androidx.compose.ui.platform.AndroidComposeView.dispatchDraw:2248 android.view.View.draw:26758 android.view.View.updateDisplayListIfDirty:25577 
05-07 16:57:20.236 I/View    (30993): setRequestedFrameRate frameRate=-4.0, this=android.view.View{46a4031 V.ED..... ........ 0,0-0,0}, caller=androidx.compose.ui.platform.Api35Impl.setRequestedFrameRate:4033 androidx.compose.ui.platform.AndroidComposeView.dispatchDraw:2251 android.view.View.draw:26758 android.view.View.updateDisplayListIfDirty:25577 android.view.ViewGroup.recreateChildDisplayList:4881 
05-07 16:57:20.245 I/View    (30993): setRequestedFrameRate frameRate=NaN, this=androidx.compose.ui.platform.AndroidComposeView{332a0 VFED..... ......ID 0,0-1080,2340 aid=1073741824}, caller=android.view.ViewGroup.setRequestedFrameRate:10045 androidx.compose.ui.platform.Api35Impl.setRequestedFrameRate:4033 androidx.compose.ui.platform.AndroidComposeView.dispatchDraw:2248 android.view.View.draw:26758 android.view.View.updateDisplayListIfDirty:25577 
05-07 16:57:20.245 I/View    (30993): setRequestedFrameRate frameRate=-4.0, this=android.view.View{46a4031 V.ED..... ........ 0,0-0,0}, caller=androidx.compose.ui.platform.Api35Impl.setRequestedFrameRate:4033 androidx.compose.ui.platform.AndroidComposeView.dispatchDraw:2251 android.view.View.draw:26758 android.view.View.updateDisplayListIfDirty:25577 android.view.ViewGroup.recreateChildDisplayList:4881 
05-07 16:57:20.253 I/View    (30993): setRequestedFrameRate frameRate=NaN, this=androidx.compose.ui.platform.AndroidComposeView{332a0 VFED..... ......ID 0,0-1080,2340 aid=1073741824}, caller=android.view.ViewGroup.setRequestedFrameRate:10045 androidx.compose.ui.platform.Api35Impl.setRequestedFrameRate:4033 androidx.compose.ui.platform.AndroidComposeView.dispatchDraw:2248 android.view.View.draw:26758 android.view.View.updateDisplayListIfDirty:25577 
05-07 16:57:20.253 I/View    (30993): setRequestedFrameRate frameRate=-4.0, this=android.view.View{46a4031 V.ED..... ........ 0,0-0,0}, caller=androidx.compose.ui.platform.Api35Impl.setRequestedFrameRate:4033 androidx.compose.ui.platform.AndroidComposeView.dispatchDraw:2251 android.view.View.draw:26758 android.view.View.updateDisplayListIfDirty:25577 android.view.ViewGroup.recreateChildDisplayList:4881 
05-07 16:57:20.261 I/View    (30993): setRequestedFrameRate frameRate=NaN, this=androidx.compose.ui.platform.AndroidComposeView{332a0 VFED..... ......ID 0,0-1080,2340 aid=1073741824}, caller=android.view.ViewGroup.setRequestedFrameRate:10045 androidx.compose.ui.platform.Api35Impl.setRequestedFrameRate:4033 androidx.compose.ui.platform.AndroidComposeView.dispatchDraw:2248 android.view.View.draw:26758 android.view.View.updateDisplayListIfDirty:25577 
05-07 16:57:20.261 I/View    (30993): setRequestedFrameRate frameRate=-4.0, this=android.view.View{46a4031 V.ED..... ........ 0,0-0,0}, caller=androidx.compose.ui.platform.Api35Impl.setRequestedFrameRate:4033 androidx.compose.ui.platform.AndroidComposeView.dispatchDraw:2251 android.view.View.draw:26758 android.view.View.updateDisplayListIfDirty:25577 android.view.ViewGroup.recreateChildDisplayList:4881 
05-07 16:57:20.270 I/HYPER-HAL(29885): [RequestManager.cpp]releaseLocked(): Released ID : 457939734
05-07 16:57:20.271 I/View    (30993): setRequestedFrameRate frameRate=NaN, this=androidx.compose.ui.platform.AndroidComposeView{332a0 VFED..... ......ID 0,0-1080,2340 aid=1073741824}, caller=android.view.ViewGroup.setRequestedFrameRate:10045 androidx.compose.ui.platform.Api35Impl.setRequestedFrameRate:4033 androidx.compose.ui.platform.AndroidComposeView.dispatchDraw:2248 android.view.View.draw:26758 android.view.View.updateDisplayListIfDirty:25577 
05-07 16:57:20.271 I/View    (30993): setRequestedFrameRate frameRate=-4.0, this=android.view.View{46a4031 V.ED..... ........ 0,0-0,0}, caller=androidx.compose.ui.platform.Api35Impl.setRequestedFrameRate:4033 androidx.compose.ui.platform.AndroidComposeView.dispatchDraw:2251 android.view.View.draw:26758 android.view.View.updateDisplayListIfDirty:25577 android.view.ViewGroup.recreateChildDisplayList:4881 
05-07 16:57:20.278 I/View    (30993): setRequestedFrameRate frameRate=NaN, this=androidx.compose.ui.platform.AndroidComposeView{332a0 VFED..... ......ID 0,0-1080,2340 aid=1073741824}, caller=android.view.ViewGroup.setRequestedFrameRate:10045 androidx.compose.ui.platform.Api35Impl.setRequestedFrameRate:4033 androidx.compose.ui.platform.AndroidComposeView.dispatchDraw:2248 android.view.View.draw:26758 android.view.View.updateDisplayListIfDirty:25577 
05-07 16:57:20.278 I/View    (30993): setRequestedFrameRate frameRate=-4.0, this=android.view.View{46a4031 V.ED..... ........ 0,0-0,0}, caller=androidx.compose.ui.platform.Api35Impl.setRequestedFrameRate:4033 androidx.compose.ui.platform.AndroidComposeView.dispatchDraw:2251 android.view.View.draw:26758 android.view.View.updateDisplayListIfDirty:25577 android.view.ViewGroup.recreateChildDisplayList:4881 
05-07 16:57:20.286 I/View    (30993): setRequestedFrameRate frameRate=NaN, this=androidx.compose.ui.platform.AndroidComposeView{332a0 VFED..... ......ID 0,0-1080,2340 aid=1073741824}, caller=android.view.ViewGroup.setRequestedFrameRate:10045 androidx.compose.ui.platform.Api35Impl.setRequestedFrameRate:4033 androidx.compose.ui.platform.AndroidComposeView.dispatchDraw:2248 android.view.View.draw:26758 android.view.View.updateDisplayListIfDirty:25577 
05-07 16:57:20.286 I/View    (30993): setRequestedFrameRate frameRate=-4.0, this=android.view.View{46a4031 V.ED..... ........ 0,0-0,0}, caller=androidx.compose.ui.platform.Api35Impl.setRequestedFrameRate:4033 androidx.compose.ui.platform.AndroidComposeView.dispatchDraw:2251 android.view.View.draw:26758 android.view.View.updateDisplayListIfDirty:25577 android.view.ViewGroup.recreateChildDisplayList:4881 
05-07 16:57:20.295 I/View    (30993): setRequestedFrameRate frameRate=NaN, this=androidx.compose.ui.platform.AndroidComposeView{332a0 VFED..... ......ID 0,0-1080,2340 aid=1073741824}, caller=android.view.ViewGroup.setRequestedFrameRate:10045 androidx.compose.ui.platform.Api35Impl.setRequestedFrameRate:4033 androidx.compose.ui.platform.AndroidComposeView.dispatchDraw:2248 android.view.View.draw:26758 android.view.View.updateDisplayListIfDirty:25577 
05-07 16:57:20.295 I/View    (30993): setRequestedFrameRate frameRate=-4.0, this=android.view.View{46a4031 V.ED..... ........ 0,0-0,0}, caller=androidx.compose.ui.platform.Api35Impl.setRequestedFrameRate:4033 androidx.compose.ui.platform.AndroidComposeView.dispatchDraw:2251 android.view.View.draw:26758 android.view.View.updateDisplayListIfDirty:25577 android.view.ViewGroup.recreateChildDisplayList:4881 
05-07 16:57:20.303 I/View    (30993): setRequestedFrameRate frameRate=NaN, this=androidx.compose.ui.platform.AndroidComposeView{332a0 VFED..... ......ID 0,0-1080,2340 aid=1073741824}, caller=android.view.ViewGroup.setRequestedFrameRate:10045 androidx.compose.ui.platform.Api35Impl.setRequestedFrameRate:4033 androidx.compose.ui.platform.AndroidComposeView.dispatchDraw:2248 android.view.View.draw:26758 android.view.View.updateDisplayListIfDirty:25577 
05-07 16:57:20.303 I/View    (30993): setRequestedFrameRate frameRate=-4.0, this=android.view.View{46a4031 V.ED..... ........ 0,0-0,0}, caller=androidx.compose.ui.platform.Api35Impl.setRequestedFrameRate:4033 androidx.compose.ui.platform.AndroidComposeView.dispatchDraw:2251 android.view.View.draw:26758 android.view.View.updateDisplayListIfDirty:25577 android.view.ViewGroup.recreateChildDisplayList:4881 
05-07 16:57:20.305 I/HYPER-HAL(29885): [RequestManager.cpp]releaseLocked(): Released ID : 952684089
05-07 16:57:20.307 D/SemNativeCarrierFeature_vendor(29878): getInstance
05-07 16:57:20.311 I/View    (30993): setRequestedFrameRate frameRate=NaN, this=androidx.compose.ui.platform.AndroidComposeView{332a0 VFED..... ......ID 0,0-1080,2340 aid=1073741824}, caller=android.view.ViewGroup.setRequestedFrameRate:10045 androidx.compose.ui.platform.Api35Impl.setRequestedFrameRate:4033 androidx.compose.ui.platform.AndroidComposeView.dispatchDraw:2248 android.view.View.draw:26758 android.view.View.updateDisplayListIfDirty:25577 
05-07 16:57:20.311 I/View    (30993): setRequestedFrameRate frameRate=-4.0, this=android.view.View{46a4031 V.ED..... ........ 0,0-0,0}, caller=androidx.compose.ui.platform.Api35Impl.setRequestedFrameRate:4033 androidx.compose.ui.platform.AndroidComposeView.dispatchDraw:2251 android.view.View.draw:26758 android.view.View.updateDisplayListIfDirty:25577 android.view.ViewGroup.recreateChildDisplayList:4881 
05-07 16:57:20.312 D/vendor.qti.bluetooth@1.0-wake_lock( 1760): Release wakelock is released 
05-07 16:57:20.313 D/SatelliteController(30798): isCarrierRoamingNtnEligible: satellite access is not allowed
05-07 16:57:20.313 D/SatelliteController(30798): evaluateCarrierRoamingNtnEligibilityChange: isCarrierRoamingNtnEligible=false
05-07 16:57:20.313 E/SatelliteController(30798): notifyNtnEligibility: mSatellitePhone is null
05-07 16:57:20.313 D/SatelliteController(30798): handleServiceStateForSatelliteConnectionViaCarrier : SubId = 4
05-07 16:57:20.313 V/SatelliteController(30798): getWwanIsInService: return true
05-07 16:57:20.313 D/SatelliteController(30798): handleServiceStateForSatelliteConnectionViaCarrier: resetCarrierRoamingSatelliteModeParams: device is connected to terrestrial service or radio is off
05-07 16:57:20.313 V/SatelliteController(30798): getWwanIsInService: return true
05-07 16:57:20.314 D/SatelliteController(30798): getCarrierRoamingNtnConnectType: Falling back to global carrier config connect type: 0
05-07 16:57:20.314 D/SatelliteController(30798): updateLastNotifiedNtnModeAndNotify: subId=4 initialized=true lastNotifiedNtnMode=false lastNotifiedNtnModePhone=false currNtnMode=false
05-07 16:57:20.314 D/SatelliteController(30798): isInCarrierRoamingNbIotNtn: satellite is disabled
05-07 16:57:20.314 D/SatelliteController(30798): getCarrierRoamingNtnConnectType: Falling back to global carrier config connect type: 0
05-07 16:57:20.314 D/SatelliteController(30798): updateLastNotifiedCarrierRoamingNtnSignalStrengthAndNotify(4)
05-07 16:57:20.314 D/SatelliteController(30798): updateLastNotifiedCarrierRoamingNtnSignalStrengthAndNotify(4) lastNotifiedSignalStrength level: 0
05-07 16:57:20.314 D/SatelliteController(30798): updateLastNotifiedCarrierRoamingNtnSignalStrengthAndNotify(4) currSignalStrength level: 0
05-07 16:57:20.314 D/SatelliteController(30798): handleServiceStateForSatelliteConnectionViaCarrier : SubId = -1
05-07 16:57:20.314 D/SemWifiService(30245): onServiceStateChanged : state - 0, dataNetworkType : 18
05-07 16:57:20.314 D/SLocation(30245): CellLocationManager - onServiceStateChanged 0
05-07 16:57:20.315 I/LocationAccessPolicy(30245): com.android.systemui is aware of fine but the app-ops permission is specifically denied.
05-07 16:57:20.315 I/LocationAccessPolicy(30245): checkLocationPermission - callingUid: 10053, callingPid: 31394, resultForFine: DENIED_SOFT
05-07 16:57:20.315 I/TelephonyCallbackForPdnController<0>(31318): emcbsIndication: SUPPORTED, mobileDataNetworkType: 13
05-07 16:57:20.315 I/LocationAccessPolicy(30245): com.android.systemui is aware of coarse but the app-ops permission is specifically denied.
05-07 16:57:20.315 I/LocationAccessPolicy(30245): checkLocationPermission - callingUid: 10053, callingPid: 31394, resultForCoarse: DENIED_SOFT
05-07 16:57:20.315 I/LocationAccessPolicy(30245): com.android.systemui is aware of fine but the app-ops permission is specifically denied.
05-07 16:57:20.315 I/LocationAccessPolicy(30245): checkLocationPermission - callingUid: 10053, callingPid: 31394, resultForFine: DENIED_SOFT
05-07 16:57:20.315 I/LocationAccessPolicy(30245): com.android.systemui is aware of coarse but the app-ops permission is specifically denied.
05-07 16:57:20.315 I/LocationAccessPolicy(30245): checkLocationPermission - callingUid: 10053, callingPid: 31394, resultForCoarse: DENIED_SOFT
05-07 16:57:20.315 D/GlobalActionsDialogLite(31394): Service changed before actions created
