05-07 16:57:19.972 I/View    (30993): setRequestedFrameRate frameRate=NaN, this=android.view.View{46a4031 V.ED..... ........ 0,0-0,0}, caller=androidx.compose.ui.platform.Api35Impl.setRequestedFrameRate:4033 androidx.compose.ui.platform.AndroidComposeView.dispatchDraw:2251 android.view.View.draw:26758 android.view.View.updateDisplayListIfDirty:25577 android.view.ViewGroup.recreateChildDisplayList:4881 
05-07 16:57:19.973 D/SurfaceFlinger( 1880): Display 4630946249045481107 HWC layers:
05-07 16:57:19.973 D/SurfaceFlinger( 1880):   SOLID_COLOR |                        0 | 00000000 | N/A          |    0.0    0.0    0.0    0.0 |    0    0 1080 2340 | animation-background for #20054#418257 (0)
05-07 16:57:19.973 D/SurfaceFlinger( 1880):        CLIENT |                        0 | 00000002 | N/A          |    0.0    0.0    0.0    0.0 |    0   60  592 2280 | Background for e0a71ce SurfaceView[e[...]va.classeviva.MainActivity]@0#418243 (0)
05-07 16:57:19.973 D/SurfaceFlinger( 1880):        CLIENT |           29600914604112 | 00000102 | RGBA_8888    |  456.0    0.0 1080.0 2340.0 |    0   60  592 2280 | e0a71ce SurfaceView[eu.spaggiari.cla[...]seviva.MainActivity]@0(BLAST)#418242 (4)
05-07 16:57:19.973 D/SurfaceFlinger( 1880):        CLIENT |           29600914604115 | 00002100 | RGBA_8888    |  456.0    0.0 1080.0 2340.0 |    0   60  592 2280 | eu.spaggiari.classevivastudente/eu.s[...]classeviva.MainActivity$_6892#418237 (2)
05-07 16:57:19.973 D/SurfaceFlinger( 1880):        CLIENT |                        0 | 00000000 | N/A          |    0.0    0.0    0.0    0.0 |    0   60  592 2280 | DimTransitionLayer for Surface(name=Task=26548#417838)/@0x8ffdcbd#418254 (0)
05-07 16:57:19.973 D/SurfaceFlinger( 1880):        CLIEN
05-07 16:57:19.973 D/SurfaceFlinger( 1880): T |          133113921404931 | 00002102 | RGBA_8888    |    0.0    0.0   86.0 2340.0 | 1002  115 1080 2225 | dev.antigravity.classevivaexpressive[...]xpressive.MainActivity$_30993#418260 (2)
05-07 16:57:19.973 D/SurfaceFlinger( 1880):        CLIENT |          134836203591014 | 00002100 | RGBA_8888    |    0.0    0.0   86.0 2340.0 | 1002  115 1080 2225 | Splash Screen dev.antigravity.classevivaexpressive$_31394#418252 (1)
05-07 16:57:19.973 D/SurfaceFlinger( 1880):        DEVICE |          134836203590730 | 00002100 | RGBA_8888    |    0.0    0.0 1080.0  103.0 |    0    0 1080  103 | StatusBar$_31394#172795 (507579)
05-07 16:57:19.973 D/SurfaceFlinger( 1880):        DEVICE |          112979114767719 | 00002100 | RGBA_8888    |    0.0    0.0   80.0  488.0 | 1000  544 1080 1032 | com.sec.android.app.launcher/com.sam[...]app.CocktailBarService$_26305#418101 (1)
05-07 16:57:19.973 D/SurfaceFlinger( 1880):        DEVICE |          134836203590729 | 00002100 | RGBA_8888    |    0.0    0.0 1080.0  126.0 |    0 2214 1080 2340 | NavigationBar0$_31394#172791 (726843)
05-07 16:57:19.973 D/SurfaceFlinger( 1880): 
05-07 16:57:19.973 W/PhoneWindowManager(30245): lockNow pending, ignore updating lockscreen timeout
05-07 16:57:19.975 D/InputDispatcher(30245): Focus entered window (0): 86a2eb0 dev.antigravity.classevivaexpressive/dev.antigravity.classevivaexpressive.MainActivity
05-07 16:57:19.975 D/SGM:GameManager(30245): identifyGamePackage. dev.antigravity.classevivaexpressive, mCurrentUserId: 0, callingMethodInfo: com.samsung.android.game.IGameManagerService$Stub.onTransact(IGameManagerService.java:247)
05-07 16:57:19.976 I/WindowsLink( 2658): (TaskInfoManager) +++++++++++onRecentTaskStackUpdated
05-07 16:57:19.976 W/PackageConfigPersister(30245): App-specific configuration not found for packageName: dev.antigravity.classevivaexpressive and userId: 0
05-07 16:57:19.976 W/PackageConfigPersister(30245): App-specific configuration not found for packageName: eu.spaggiari.classevivastudente and userId: 0
05-07 16:57:19.976 W/PackageConfigPersister(30245): App-specific configuration not found for packageName: com.github.android and userId: 0
05-07 16:57:19.976 W/PackageConfigPersister(30245): App-specific configuration not found for packageName: com.spotify.music and userId: 0
05-07 16:57:19.977 W/PackageConfigPersister(30245): App-specific configuration not found for packageName: org.telegram.messenger and userId: 0
05-07 16:57:19.977 W/PackageConfigPersister(30245): App-specific configuration not found for packageName: com.sec.android.app.sbrowser and userId: 0
05-07 16:57:19.977 W/PackageConfigPersister(30245): App-specific configuration not found for packageName: com.openai.chatgpt and userId: 0
05-07 16:57:19.977 W/PackageConfigPersister(30245): App-specific configuration not found for packageName: com.whatsapp and userId: 0
05-07 16:57:19.977 W/PackageConfigPersister(30245): App-specific configuration not found for packageName: com.sec.android.gallery3d and userId: 0
05-07 16:57:19.977 W/PackageConfigPersister(30245): App-specific configuration not found for packageName: com.sec.android.app.myfiles and userId: 0
05-07 16:57:19.977 W/PackageConfigPersister(30245): App-specific configuration not found for packageName: com.instagram.android and userId: 0
05-07 16:57:19.977 W/PackageConfigPersister(30245): App-specific configuration not found for packageName: anddea.youtube and userId: 0
05-07 16:57:19.977 W/PackageConfigPersister(30245): App-specific configuration not found for packageName: com.google.android.googlequicksearchbox and userId: 0
05-07 16:57:19.977 W/PackageConfigPersister(30245): App-specific configuration not found for packageName: com.anthropic.claude and userId: 0
05-07 16:57:19.977 W/PackageConfigPersister(30245): App-specific configuration not found for packageName: com.sec.android.app.sbrowser and userId: 0
05-07 16:57:19.977 W/PackageConfigPersister(30245): App-specific configuration not found for packageName: com.google.android.apps.authenticator2 and userId: 0
05-07 16:57:19.977 W/PackageConfigPersister(30245): App-specific configuration not found for packageName: com.samsung.android.app.sharelive and userId: 0
05-07 16:57:19.977 W/PackageConfigPersister(30245): App-specific configuration not found for packageName: ai.x.grok and userId: 0
05-07 16:57:19.977 W/PackageConfigPersister(30245): App-specific configuration not found for packageName: com.samsung.android.email.provider and userId: 0
05-07 16:57:19.977 W/PackageConfigPersister(30245): App-specific configuration not found for packageName: com.google.android.gm and userId: 0
05-07 16:57:19.979 I/SurfaceFlinger( 1880): id=418255 Removed Surface(name=d407d24 StatusBar#172786)/@0xd14df3a - animation-leash of insets_animation#418255 (326)
05-07 16:57:19.979 I/SurfaceFlinger( 1880): id=418256 Removed Surface(name=79515f7 NavigationBar0#172779)/@0xa0693e1 - animation-leash of insets_animation#418256 (326)
05-07 16:57:19.979 W/ParceledListSlice(30245): Element #12 is 23108 bytes.
05-07 16:57:19.979 W/ParceledListSlice(30245): Element #14 is 16988 bytes.
05-07 16:57:19.980 I/VRI[classevivaexpressive]@7ac169b(31394): mWNT: t=0xb4000075125c5230 mBlastBufferQueue=0xb400007573668fd0 fn= 3 HdrRenderState mRenderHdrSdrRatio=1.0 caller= android.view.SyncRtSurfaceTransactionApplier.applyTransaction:102 android.view.SyncRtSurfaceTransactionApplier.lambda$scheduleApply$0:75 android.view.SyncRtSurfaceTransactionApplier.$r8$lambda$afI4fXg3U3-nBZQEDQMiNy-B06s:0 
05-07 16:57:19.981 D/FreecessController(30245): BG freezed, skip OLAF unfreeze for (com.microsoft.skydrive, 10114)
05-07 16:57:19.986 I/SurfaceFlinger( 1880): destroyed Surface(name=d407d24 StatusBar#172786)/@0xd14df3a - animation-leash of insets_animation#418255 form LifecycleManager
05-07 16:57:19.986 I/SurfaceFlinger( 1880): destroyed Surface(name=79515f7 NavigationBar0#172779)/@0xa0693e1 - animation-leash of insets_animation#418256 form LifecycleManager
05-07 16:57:19.986 I/SurfaceFlinger( 1880): id=418255 onLayerDestroyed from LayerHierarchyBuilder(RequestedLayerState{Surface(name=d407d24 StatusBar#172786)/@0xd14df3a - animation-leash of insets_animation#418255 !handle})
05-07 16:57:19.986 I/SurfaceFlinger( 1880): id=418256 onLayerDestroyed from LayerHierarchyBuilder(RequestedLayerState{Surface(name=79515f7 NavigationBar0#172779)/@0xa0693e1 - animation-leash of insets_animation#418256 !handle})
05-07 16:57:19.987 I/SurfaceFlinger( 1880): id=418255 Destroyed Surface(name=d407d24 StatusBar#172786)/@0xd14df3a - animation-leash of insets_animation#418255
05-07 16:57:19.987 I/SurfaceFlinger( 1880): id=418256 Destroyed Surface(name=79515f7 NavigationBar0#172779)/@0xa0693e1 - animation-leash of insets_animation#418256
05-07 16:57:19.987 I/VRI[classevivaexpressive]@7ac169b(31394): mWNT: t=0xb40000751258d590 mBlastBufferQueue=0xb400007573668fd0 fn= 4 HdrRenderState mRenderHdrSdrRatio=1.0 caller= android.view.SyncRtSurfaceTransactionApplier.applyTransaction:102 android.view.SyncRtSurfaceTransactionApplier.lambda$scheduleApply$0:75 android.view.SyncRtSurfaceTransactionApplier.$r8$lambda$afI4fXg3U3-nBZQEDQMiNy-B06s:0 
05-07 16:57:19.989 D/FreecessController(30245): BG freezed, skip OLAF unfreeze for (com.urbandroid.kinestop, 10255)
05-07 16:57:19.989 D/FreecessController(30245): BG freezed, skip OLAF unfreeze for (com.google.android.apps.photos, 10288)
05-07 16:57:19.990 D/FreecessController(30245): BG freezed, skip OLAF unfreeze for (com.google.android.apps.nbu.files, 10290)
05-07 16:57:19.990 D/FreecessController(30245): BG freezed, skip OLAF unfreeze for (com.google.android.gm, 10299)
05-07 16:57:19.991 D/NetdEventListenerService(30245): DNS Requested by 805, 10660(dev.antigravity.classevivaexpressive), SUCCESS, 39ms
05-07 16:57:19.993 D/FreecessController(30245): BG freezed, skip OLAF unfreeze for (com.google.android.apps.docs, 10356)
05-07 16:57:19.995 I/VRI[classevivaexpressive]@7ac169b(31394): mWNT: t=0xb4000075125e04f0 mBlastBufferQueue=0xb400007573668fd0 fn= 5 HdrRenderState mRenderHdrSdrRatio=1.0 caller= android.view.SyncRtSurfaceTransactionApplier.applyTransaction:102 android.view.SyncRtSurfaceTransactionApplier.lambda$scheduleApply$0:75 android.view.SyncRtSurfaceTransactionApplier.$r8$lambda$afI4fXg3U3-nBZQEDQMiNy-B06s:0 
05-07 16:57:19.998 D/FreecessController(30245): BG freezed, skip OLAF unfreeze for (com.whatsapp, 10407)
05-07 16:57:19.998 D/FreecessController(30245): BG freezed, skip OLAF unfreeze for (com.openai.chatgpt, 10409)
05-07 16:57:19.998 D/FreecessController(30245): BG freezed, skip OLAF unfreeze for (com.google.android.apps.chromecast.app, 10416)
05-07 16:57:19.998 D/FreecessController(30245): BG freezed, skip OLAF unfreeze for (com.samsung.android.goodlock, 10424)
05-07 16:57:19.998 D/FreecessController(30245): BG freezed, skip OLAF unfreeze for (com.discord, 10447)
05-07 16:57:19.999 D/FreecessController(30245): BG freezed, skip OLAF unfreeze for (com.samsung.android.app.galaxyregistry, 10480)
05-07 16:57:19.999 D/FreecessController(30245): BG freezed, skip OLAF unfreeze for (org.telegram.messenger, 10531)
05-07 16:57:20.001 D/FreecessController(30245): BG freezed, skip OLAF unfreeze for (com.instagram.android, 10585)
05-07 16:57:20.002 D/FreecessController(30245): restrictJobsByOlaf: restrict=false, uid=-1
05-07 16:57:20.002 I/NSLocationMonitor(30245): getGPSUsingApps() called
05-07 16:57:20.002 I/NSLocationManager_FLP(32344): getGPSUsingApps, No change
05-07 16:57:20.002 D/OlafRestriction(30245):  olaf state update: state=false
05-07 16:57:20.002 D/OlafRestriction(30245):  sending trigger onRestrictionStateChanged msg.
05-07 16:57:20.003 W/PackageConfigPersister(30245): App-specific configuration not found for packageName: dev.antigravity.classevivaexpressive and userId: 0
05-07 16:57:20.004 W/PackageConfigPersister(30245): App-specific configuration not found for packageName: dev.antigravity.classevivaexpressive and userId: 0
05-07 16:57:20.004 D/MdnieScenarioControlService(30245):  packageName : dev.antigravity.classevivaexpressive    className : dev.antigravity.classevivaexpressive.MainActivity
05-07 16:57:20.004 V/MdnieScenarioControlService(30245): setUIMode from UI function(3)
05-07 16:57:20.005 I/VRI[classevivaexpressive]@7ac169b(31394): mWNT: t=0xb400007512587910 mBlastBufferQueue=0xb400007573668fd0 fn= 6 HdrRenderState mRenderHdrSdrRatio=1.0 caller= android.view.SyncRtSurfaceTransactionApplier.applyTransaction:102 android.view.SyncRtSurfaceTransactionApplier.lambda$scheduleApply$0:75 android.view.SyncRtSurfaceTransactionApplier.$r8$lambda$afI4fXg3U3-nBZQEDQMiNy-B06s:0 
05-07 16:57:20.006 D/FreecessHandler(30245): skipping freeze com.google.android.apps.tachyon(10292) result : 52
05-07 16:57:20.006 D/FreecessHandler(30245): stop trying to freeze com.google.android.apps.tachyon
05-07 16:57:20.007 I/NSLocationMonitor(30245): getGPSUsingApps() called
05-07 16:57:20.007 I/NSLocationManager_FLP(32344): getGPSUsingApps, No change
05-07 16:57:20.008 D/FreecessHandler(30245): skipping freeze com.samsung.android.app.reminder(10340) result : 52
05-07 16:57:20.008 D/FreecessHandler(30245): stop trying to freeze com.samsung.android.app.reminder
05-07 16:57:20.008 I/NSLocationMonitor(30245): getGPSUsingApps() called
05-07 16:57:20.008 I/NSLocationManager_FLP(32344): getGPSUsingApps, No change
05-07 16:57:20.009 W/ActivityManager(30245): Unable to start service Intent { flg=0x4 xflg=0x4 cmp=ai.perplexity.app.android/com.google.android.datatransport.runtime.scheduling.jobscheduling.JobInfoSchedulerService } U=0: not found
05-07 16:57:20.009 W/ActivityManager(30245): Unbind failed: could not find connection for android.app.LoadedApk$ServiceDispatcher$InnerConnection@8a9dd37
05-07 16:57:20.009 D/FreecessHandler(30245): skipping freeze com.anthropic.claude(10446) result : 52
05-07 16:57:20.009 D/FreecessHandler(30245): stop trying to freeze com.anthropic.claude
05-07 16:57:20.009 I/NSLocationMonitor(30245): getGPSUsingApps() called
05-07 16:57:20.009 E/JobScheduler.Concurrency(30245): Error executing JobStatus{7d4c7f0 #u0a582/1084109470 ai.perplexity.app.android/com.google.android.datatransport.runtime.scheduling.jobscheduling.JobInfoSchedulerService u=0 s=10582 TIME=-9d19h1m58s682ms:none NET READY}
05-07 16:57:20.009 I/NSLocationManager_FLP(32344): getGPSUsingApps, No change
05-07 16:57:20.010 W/ActivityManager(30245): Unable to start service Intent { flg=0x4 xflg=0x4 cmp=com.glovo/com.google.android.datatransport.runtime.scheduling.jobscheduling.JobInfoSchedulerService } U=0: not found
05-07 16:57:20.010 W/ActivityManager(30245): Unbind failed: could not find connection for android.app.LoadedApk$ServiceDispatcher$InnerConnection@fb515d3
05-07 16:57:20.010 E/JobScheduler.Concurrency(30245): Error executing JobStatus{a7dd066 #u0a589/-1463276130 com.glovo/com.google.android.datatransport.runtime.scheduling.jobscheduling.JobInfoSchedulerService u=0 s=10589 TIME=-5d20h51m17s480ms:none NET READY}
05-07 16:57:20.010 D/FreecessHandler(30245): skipping freeze com.google.android.apps.authenticator2(10471) result : 52
05-07 16:57:20.010 D/FreecessHandler(30245): stop trying to freeze com.google.android.apps.authenticator2
05-07 16:57:20.010 I/NSLocationMonitor(30245): getGPSUsingApps() called
05-07 16:57:20.011 W/ActivityManager(30245): Unable to start service Intent { flg=0x4 xflg=0x4 cmp=com.deliveroo.orderapp/androidx.work.impl.background.systemjob.SystemJobService } U=0: not found
05-07 16:57:20.011 W/ActivityManager(30245): Unbind failed: could not find connection for android.app.LoadedApk$ServiceDispatcher$InnerConnection@4313c2f
05-07 16:57:20.011 I/NSLocationManager_FLP(32344): getGPSUsingApps, No change
05-07 16:57:20.011 E/JobScheduler.Concurrency(30245): Error executing JobStatus{7bce8c #u0a665/98 com.deliveroo.orderapp/androidx.work.impl.background.systemjob.SystemJobService u=0 s=10665 TIME=-5d9h24m31s952ms:none NET READY}
05-07 16:57:20.011 W/ActivityManager(30245): Unable to start service Intent { flg=0x4 xflg=0x4 cmp=com.glovo/androidx.work.impl.background.systemjob.SystemJobService } U=0: not found
05-07 16:57:20.011 W/ActivityManager(30245): Unbind failed: could not find connection for android.app.LoadedApk$ServiceDispatcher$InnerConnection@59f6c4b
05-07 16:57:20.011 E/JobScheduler.Concurrency(30245): Error executing JobStatus{694b149 androidx.work.systemjobscheduler:u0a589/1770 #PerseusWorker#@androidx.work.systemjobscheduler@com.glovo/androidx.work.impl.background.systemjob.SystemJobService u=0 s=10589 TIME=-5d19h46m43s220ms:none READY}
05-07 16:57:20.012 W/ActivityManager(30245): Unable to start service Intent { flg=0x4 xflg=0x4 cmp=com.facebook.stella/androidx.work.impl.background.systemjob.SystemJobService } U=0: not found
05-07 16:57:20.012 W/ActivityManager(30245): Unbind failed: could not find connection for android.app.LoadedApk$ServiceDispatcher$InnerConnection@768227
05-07 16:57:20.012 E/JobScheduler.Concurrency(30245): Error executing JobStatus{987108d androidx.work.systemjobscheduler:u0a366/4380 #DailyWifiTasksJob#@androidx.work.systemjobscheduler@com.facebook.stella/androidx.work.impl.background.systemjob.SystemJobService u=0 s=10366 TIME=-2d23h21m54s964ms:none NET READY}
05-07 16:57:20.012 W/ActivityManager(30245): Unable to start service Intent { flg=0x4 xflg=0x4 cmp=com.facebook.stella/androidx.work.impl.background.systemjob.SystemJobService } U=0: not found
05-07 16:57:20.012 W/ActivityManager(30245): Unbind failed: could not find connection for android.app.LoadedApk$ServiceDispatcher$InnerConnection@7bf19c3
05-07 16:57:20.012 E/JobScheduler.Concurrency(30245): Error executing JobStatus{2e12889 androidx.work.systemjobscheduler:u0a366/4286 #DailyNonNetworkTasksJob#@androidx.work.systemjobscheduler@com.facebook.stella/androidx.work.impl.background.systemjob.SystemJobService u=0 s=10366 TIME=-2d19h24m24s774ms:none READY}
05-07 16:57:20.014 I/VRI[classevivaexpressive]@7ac169b(31394): mWNT: t=0xb4000075125caa10 mBlastBufferQueue=0xb400007573668fd0 fn= 7 HdrRenderState mRenderHdrSdrRatio=1.0 caller= android.view.SyncRtSurfaceTransactionApplier.applyTransaction:102 android.view.SyncRtSurfaceTransactionApplier.lambda$scheduleApply$0:75 android.view.SyncRtSurfaceTransactionApplier.$r8$lambda$afI4fXg3U3-nBZQEDQMiNy-B06s:0 
05-07 16:57:20.016 D/FreecessHandler(30245): skipping freeze org.zwanoo.android.speedtest(10604) result : 52
05-07 16:57:20.016 D/FreecessHandler(30245): stop trying to freeze org.zwanoo.android.speedtest
05-07 16:57:20.016 I/HYPER-HAL(29885): [RequestManager.cpp]releaseLocked(): Released ID : 457909470
05-07 16:57:20.020 I/VRI[classevivaexpressive]@7ac169b(31394): mWNT: t=0xb400007512532df0 mBlastBufferQueue=0xb400007573668fd0 fn= 8 HdrRenderState mRenderHdrSdrRatio=1.0 caller= android.view.SyncRtSurfaceTransactionApplier.applyTransaction:102 android.view.SyncRtSurfaceTransactionApplier.lambda$scheduleApply$0:75 android.view.SyncRtSurfaceTransactionApplier.$r8$lambda$afI4fXg3U3-nBZQEDQMiNy-B06s:0 
05-07 16:57:20.022 I/vendor.qti.bluetooth@1.0-ibs_handler( 1760): ProcessIbsCmd: Received IBS_WAKE_IND: 0xFD
05-07 16:57:20.022 D/vendor.qti.bluetooth@1.0-ibs_handler( 1760): SerialClockVote: vote for UART CLK ON
05-07 16:57:20.022 D/vendor.qti.bluetooth@1.0-wake_lock( 1760): Acquire wakelock is acquired 
05-07 16:57:20.022 I/vendor.qti.bluetooth@1.0-ibs_handler( 1760): ProcessIbsCmd: Writing IBS_WAKE_ACK
05-07 16:57:20.023 I/View    (30993): setRequestedFrameRate frameRate=NaN, this=androidx.compose.ui.platform.AndroidComposeView{332a0 VFED..... ........ 0,0-1080,2340 aid=1073741824}, caller=android.view.ViewGroup.setRequestedFrameRate:10045 androidx.compose.ui.platform.Api35Impl.setRequestedFrameRate:4033 androidx.compose.ui.platform.AndroidComposeView.dispatchDraw:2248 android.view.View.draw:26758 android.view.View.updateDisplayListIfDirty:25577 
05-07 16:57:20.023 I/View    (30993): setRequestedFrameRate frameRate=NaN, this=android.view.View{46a4031 V.ED..... ........ 0,0-0,0}, caller=androidx.compose.ui.platform.Api35Impl.setRequestedFrameRate:4033 androidx.compose.ui.platform.AndroidComposeView.dispatchDraw:2251 android.view.View.draw:26758 android.view.View.updateDisplayListIfDirty:25577 android.view.ViewGroup.recreateChildDisplayList:4881 
05-07 16:57:20.023 D/VRI[MainActivity]@7a27b14(30993): mThreadedRenderer.initializeIfNeeded()#2 mSurface={isValid=true 0xb4000073f24fcc10}
05-07 16:57:20.023 D/InputMethodManagerUtils(30993): startInputInner - Id : 0
05-07 16:57:20.023 I/InputMethodManager(30993): startInputInner - IInputMethodManagerGlobalInvoker.startInputOrWindowGainedFocus
05-07 16:57:20.023 V/InputMethodManagerService(30245): startInputOrWindowGainedFocus: userId=0 callingUserId=0 editorInfo=android.view.inputmethod.EditorInfo@c4392be
05-07 16:57:20.024 V/InputMethodManagerService(30245): startInputOrWindowGainedFocusInternalLocked: reason=WINDOW_FOCUS_GAIN client=android.os.BinderProxy@4d5e757 inputContext=null editorInfo=android.view.inputmethod.EditorInfo@c4392be startInputFlags=VIEW_HAS_FOCUS|INITIAL_CONNECTION softInputMode=STATE_UNSPECIFIED|ADJUST_RESIZE|IS_FORWARD_NAVIGATION windowFlags=#81810100 unverifiedTargetSdkVersion=36 bindingController=com.android.server.inputmethod.InputMethodBindingController@8e69c95 imeBackCallbackReceiver=android.os.ResultReceiver@c6f8f1f cs=ClientState{a15926c mUid=10660 mPid=30993 mSelfReportedDisplayId=0} imeRequestedVisible=false
05-07 16:57:20.024 V/InputMethodManagerService(30245): setWindowStateInner, windowToken=android.os.BinderProxy@467a1f3, state=ImeTargetWindowState{ softInputModeState STATE_UNSPECIFIED|ADJUST_RESIZE|IS_FORWARD_NAVIGATION windowFlags: 81810100 imeFocusChanged true hasFocusedEditor false isStartInputByWindowGainFocus true toolType: 0 requestedImeVisible false requestImeToken null imeDisplayId 0}
05-07 16:57:20.024 V/InputMethodManagerService(30245): Unspecified window will hide input
05-07 16:57:20.024 I/ImeTracker(30245): dev.antigravity.classevivaexpressive:11942c25: onRequestHide at ORIGIN_SERVER reason HIDE_UNSPECIFIED_WINDOW fromUser false
05-07 16:57:20.024 D/SemInputMethodManagerServiceUtil(30245): restorePreviousUsedInputMethod : failed to return the previous ime becuase the stored info is null or do not need restore
05-07 16:57:20.024 V/InputMethodManagerService(30245): semComputeImeDisplayIdForTarget: displayToShowIme=0
05-07 16:57:20.024 V/InputMethodManagerService(30245): unbindCurrentInputLocked: client=android.os.BinderProxy@c0f7e77
05-07 16:57:20.024 D/InsetsController(30993): hide(ime())
05-07 16:57:20.024 I/ImeTracker(30993): dev.antigravity.classevivaexpressive:11942c25: onCancelled at PHASE_CLIENT_ALREADY_HIDDEN
05-07 16:57:20.024 V/InputMethodManagerService(30245): Creating new session for client ClientState{a15926c mUid=10660 mPid=30993 mSelfReportedDisplayId=0}
05-07 16:57:20.024 V/InputMethodManagerService(30245): Creating new session for client ClientState{a15926c mUid=10660 mPid=30993 mSelfReportedDisplayId=0}
05-07 16:57:20.024 D/InputTransport(30245): Input channel constructed: 'ClientS', fd=1443
05-07 16:57:20.024 D/InputTransport(30245): Input channel constructed: 'ClientS', fd=1445
05-07 16:57:20.024 D/InputTransport( 6892): Input channel destroyed: 'ClientS', fd=237
05-07 16:57:20.025 D/InputTransport(30245): Input channel destroyed: 'ClientS', fd=1445
05-07 16:57:20.025 V/InputMethodManagerService(30245): Creating new accessibility sessions for client ClientState{a15926c mUid=10660 mPid=30993 mSelfReportedDisplayId=0}
05-07 16:57:20.025 D/InputMethodManagerService(30245): isImeSwitcherDisabledPackage : false
05-07 16:57:20.025 D/InputMethodManagerService(30245): shouldShowImeSwitcherLocked : checking vis : 3
05-07 16:57:20.025 V/InputMethodManagerService(30245): Disabling: SessionState{uid=10430 pid=6892 method=2e37173 session=2bae017 channel=ClientState{ebaefb1 mUid=10430 mPid=6892 mSelfReportedDisplayId=0} userId=0}
05-07 16:57:20.025 V/InputMethodManagerService(30245): Enabling: SessionState{uid=10660 pid=30993 method=2e37173 session=1221cca channel=ClientState{a15926c mUid=10660 mPid=30993 mSelfReportedDisplayId=0} userId=0}
05-07 16:57:20.026 D/InputMethodManagerService(30245): checkDisplayOfStartInputAndUpdateKeyboard: displayId=0, mFocusedDisplayId=0
05-07 16:57:20.026 D/InputTransport(30245): Input channel constructed: 'ClientS', fd=1445
05-07 16:57:20.026 D/InputTransport(30245): Input channel destroyed: 'ClientS', fd=1445
05-07 16:57:20.026 D/InputTransport(30993): Input channel constructed: 'ClientS', fd=173
05-07 16:57:20.026 D/RestrictionPolicy(30245): isScreenCaptureEnabled : ret=true userId=0
05-07 16:57:20.026 I/WindowManager(30245): Cancelling animation restarting=true, leash=Surface(name=Surface(name=577a339 InputMethod#413107)/@0x34d6b2c - animation-leash of insets_animation#418247)/@0x1f60dab
05-07 16:57:20.026 I/InputMethodService( 2755): onNavButtonFlagsChanged: navButtonFlags=3 imeDrawsImeNavBar=true
05-07 16:57:20.026 I/WindowManager(30245): Reparenting to original parent: Surface(name=WindowToken{608fcca type=2011 android.os.Binder@80ad035}#413106)/@0xea639f5, destroy=false, surface=Surface(name=577a339 InputMethod#413107)/@0x34d6b2c
05-07 16:57:20.026 I/WindowManager(30245): Reparenting to leash, surface=Surface(name=577a339 InputMethod#413107)/@0x34d6b2c, leashParent=Surface(name=WindowToken{608fcca type=2011 android.os.Binder@80ad035}#413106)/@0xea639f5
05-07 16:57:20.026 I/HBD     ( 2755): HoneyBoardService onFinishInput 
05-07 16:57:20.026 I/SurfaceFlinger( 1880): id=418264 createSurf, flag=24004, Surface(name=577a339 InputMethod#413107)/@0x34d6b2c - animation-leash of insets_animation#418264
05-07 16:57:20.026 D/WindowManager(30245): makeSurface duration=0 leash=Surface(name=Surface(name=577a339 InputMethod#413107)/@0x34d6b2c - animation-leash of insets_animation#418264)/@0xbff6958
05-07 16:57:20.026 I/HBD     ( 2755): a IC have been unbinding,  RemoteInputConnection{idHash=#7703e23}
05-07 16:57:20.026 I/HBD     ( 2755): HoneyBoardService [PF_CL][onFinishInput]  0 ms 
05-07 16:57:20.026 D/InsetsSourceProvider(30245): updateControlForTarget: control=InsetsSourceControl: {3 mType=ime mSurfacePosition=Point(0, 103) mInsetsHint=Insets{left=0, top=0, right=0, bottom=823}}, target=Window{86a2eb0 u0 dev.antigravity.classevivaexpressive/dev.antigravity.classevivaexpressive.MainActivity}, from=com.android.server.wm.ImeInsetsSourceProvider.updateControlForTarget:23 com.android.server.wm.InsetsStateController.onControlTargetChanged:82 com.android.server.wm.DisplayContent.updateImeControlTarget:48 com.android.server.wm.DisplayContent.updateImeInputAndControlTarget:273 com.android.server.wm.WindowManagerService$LocalService.updateImeTargetWindow:82 
05-07 16:57:20.026 I/ImeTracker(30245): system_server:4493258a: onRequestHide at ORIGIN_SERVER reason IME_REQUESTED_CHANGED_LISTENER fromUser false
05-07 16:57:20.026 V/InputMethodManagerService(30245): Client requesting input be hidden
05-07 16:57:20.026 V/InputMethodManagerService(30245): setWindowStateInner, windowToken=android.os.BinderProxy@467a1f3, state=ImeTargetWindowState{ softInputModeState STATE_UNSPECIFIED|ADJUST_RESIZE|IS_FORWARD_NAVIGATION windowFlags: 81810100 imeFocusChanged true hasFocusedEditor false isStartInputByWindowGainFocus true toolType: 0 requestedImeVisible false requestImeToken android.os.Binder@fe8dab1 imeDisplayId 0}
05-07 16:57:20.026 W/HBD     ( 2755): a inputConnection will be used on unbinded state 
05-07 16:57:20.026 W/HBD     ( 2755): java.lang.Exception
05-07 16:57:20.026 W/HBD     ( 2755): 	at zi.a.s(Unknown Source:28)
05-07 16:57:20.026 W/HBD     ( 2755): 	at zi.a.getExtractedText(Unknown Source:14)
05-07 16:57:20.026 W/HBD     ( 2755): 	at hx.a.h(Unknown Source:10)
05-07 16:57:20.026 W/HBD     ( 2755): 	at hx.a.k(Unknown Source:0)
05-07 16:57:20.026 W/HBD     ( 2755): 	at com.samsung.android.honeyboard.service.HoneyBoardService.onStartInput(Unknown Source:24)
05-07 16:57:20.026 W/HBD     ( 2755): 	at android.inputmethodservice.InputMethodService.doStartInput(InputMethodService.java:3847)
05-07 16:57:20.026 W/HBD     ( 2755): 	at android.inputmethodservice.InputMethodService$InputMethodImpl.startInput(InputMethodService.java:855)
05-07 16:57:20.026 W/HBD     ( 2755): 	at android.inputmethodservice.InputMethodService$InputMethodImpl.dispatchStartInput(InputMethodService.java:886)
05-07 16:57:20.026 W/HBD     ( 2755): 	at android.inputmethodservice.IInputMethodWrapper.executeMessage(IInputMethodWrapper.java:205)
05-07 16:57:20.026 W/HBD     ( 2755): 	at com.android.internal.os.HandlerCaller$MyHandler.handleMessage(HandlerCaller.java:44)
05-07 16:57:20.026 W/HBD     ( 2755): 	at android.os.Handler.dispatchMessage(Handler.java:132)
05-07 16:57:20.026 W/HBD     ( 2755): 	at android.os.Looper.dispatchMessage(Looper.java:358)
05-07 16:57:20.026 W/HBD     ( 2755): 	at android.os.Looper.loopOnce(Looper.java:288)
05-07 16:57:20.026 W/HBD     ( 2755): 	at android.os.Looper.loop(Looper.java:392)
05-07 16:57:20.026 W/HBD     ( 2755): 	at android.app.ActivityThread.main(ActivityThread.java:10343)
05-07 16:57:20.026 W/HBD     ( 2755): 	at java.lang.reflect.Method.invoke(Native Method)
05-07 16:57:20.026 W/HBD     ( 2755): 	at com.android.internal.os.RuntimeInit$MethodAndArgsCaller.run(RuntimeInit.java:605)
05-07 16:57:20.026 W/HBD     ( 2755): 	at com.android.internal.os.ZygoteInit.main(ZygoteInit.java:972)
05-07 16:57:20.026 I/ImeTracker(30245): system_server:4493258a: onCancelled at PHASE_SERVER_SHOULD_HIDE
05-07 16:57:20.026 V/InputMethodManagerService(30245): hideCurrentInputLocked : canceled, shouldHideSoftInput=false, mInputShown=false, mImeWindowVis=0
05-07 16:57:20.027 I/HBD     ( 2755): a extractedText.isEmpty() true, isPackageMatched():false boardConfig.keyboardBodyVisibility:true editorFieldType:UNKNOWN 
05-07 16:57:20.027 I/HBD     ( 2755): a extractedText skip, update invalid field type 
05-07 16:57:20.027 I/HBD     ( 2755): HoneyBoardService [IMI] onStartInput - caller pid : 30993 , caller uid : 10660 
05-07 16:57:20.027 I/HBD     ( 2755): v0 updateConfigs 
05-07 16:57:20.027 W/PhoneWindowManager(30245): lockNow pending, ignore updating lockscreen timeout
05-07 16:57:20.027 I/HBD     ( 2755): v0 isEnabledNightMode : false 
05-07 16:57:20.027 I/HBD     ( 2755): a IC have been binding, RemoteInputConnection{idHash=#1cce9e4} 
05-07 16:57:20.027 I/HBD     ( 2755): h [EditorInputType]setPrivateImeOptionsToTable privateImeOptions ( null )
05-07 16:57:20.027 I/HBD     ( 2755): b incognitoMode : false 
05-07 16:57:20.027 I/HBD     ( 2755): e needOff = true , isForceOff = false, isNullInputClass : true 
05-07 16:57:20.027 I/HBD     ( 2755): h getDefaultInputRange : UNKNOWN 
05-07 16:57:20.027 I/HBD     ( 2755): h getDefaultInputRange : UNKNOWN 
05-07 16:57:20.027 I/HBD     ( 2755): h getDefaultInputRange : UNKNOWN 
05-07 16:57:20.027 I/HBD     ( 2755): h [AiWriter] isChildBlockCase:
05-07 16:57:20.028 I/SurfaceFlinger( 1880): [Surface(name=577a339 InputMethod#413107)/@0x34d6b2c - animation-leash of insets_animation#418264] attach to parent LayerHierarchy{RequestedLayerState{WindowToken{608fcca type=2011 android.os.Binder@80ad035}#413106 parentId=172714} 2 children}
05-07 16:57:20.028 I/View    (30993): setRequestedFrameRate frameRate=NaN, this=androidx.compose.ui.platform.AndroidComposeView{332a0 VFED..... ........ 0,0-1080,2340 aid=1073741824}, caller=android.view.ViewGroup.setRequestedFrameRate:10045 androidx.compose.ui.platform.Api35Impl.setRequestedFrameRate:4033 androidx.compose.ui.platform.AndroidComposeView.dispatchDraw:2248 android.view.View.draw:26758 android.view.View.updateDisplayListIfDirty:25577 
05-07 16:57:20.028 I/View    (30993): setRequestedFrameRate frameRate=NaN, this=android.view.View{46a4031 V.ED..... ........ 0,0-0,0}, caller=androidx.compose.ui.platform.Api35Impl.setRequestedFrameRate:4033 androidx.compose.ui.platform.AndroidComposeView.dispatchDraw:2251 android.view.View.draw:26758 android.view.View.updateDisplayListIfDirty:25577 android.view.ViewGroup.recreateChildDisplayList:4881 
05-07 16:57:20.029 I/SamsungAccount(  856): [AccountManagerProvider] isChildAccount
05-07 16:57:20.030 I/SamsungAccount(  856): [AccountManagerProvider] Calling package : android.honeyboard.
05-07 16:57:20.031 I/WindowManager(30245): Relayout Window{6118588 u0 Splash Screen dev.antigravity.classevivaexpressive}: viewVisibility=8 req=1080x2340 ty=3 d0
05-07 16:57:20.032 W/PhoneWindowManager(30245): lockNow pending, ignore updating lockscreen timeout
05-07 16:57:20.032 I/WindowManager(30245): Relayout hash=6118588, pid=31394, syncId=-1: mAttrs={(0,0)(fillxfill) sim={adjust=pan} layoutInDisplayCutoutMode=always ty=APPLICATION_STARTING fmt=TRANSLUCENT wanim=0x1030318
05-07 16:57:20.032 I/WindowManager(30245):   fl=81030118
05-07 16:57:20.032 I/WindowManager(30245):   pfl=10000810
05-07 16:57:20.032 I/WindowManager(30245):   apr=18
05-07 16:57:20.032 I/WindowManager(30245):   bhv=1
05-07 16:57:20.032 I/WindowManager(30245):   fitSides=0
05-07 16:57:20.032 I/WindowManager(30245):   frameRateBoostOnTouch=true
05-07 16:57:20.032 I/WindowManager(30245):   dvrrWindowFrameRateHint=true naviIconColor=0}
05-07 16:57:20.032 I/CameraService(29862): onUidStateChanged: uid=10053, procState is changed. (1 -> 0)
05-07 16:57:20.032 W/libbinder.IPCThreadState(29862): Sending oneway calls to frozen process.
05-07 16:57:20.032 W/libbinder.IPCThreadState(29862): Sending oneway calls to frozen process.
05-07 16:57:20.032 W/libbinder.IPCThreadState(29862): Sending oneway calls to frozen process.
05-07 16:57:20.033 W/JobScheduler.Concurrency(30245): Had fewer than 16 in existence
05-07 16:57:20.033 W/JobScheduler.Concurrency(30245): Had fewer than 16 in existence
05-07 16:57:20.033 W/JobScheduler.Concurrency(30245): Had fewer than 16 in existence
05-07 16:57:20.033 W/JobScheduler.Concurrency(30245): Had fewer than 16 in existence
05-07 16:57:20.033 W/JobScheduler.Concurrency(30245): Had fewer than 16 in existence
05-07 16:57:20.033 W/JobScheduler.Concurrency(30245): Had fewer than 16 in existence
05-07 16:57:20.034 I/VRI[classevivaexpressive]@7ac169b(31394): Relayout returned: old=(0,0,1080,2340) new=(0,0,1080,2340) relayoutAsync=false req=(1080,2340)8 dur=3 res=0x2 s={false 0x0} ch=true seqId=0
05-07 16:57:20.034 I/ScanController(31253): onScanResult to scannerId: 7- eventType=0x10, addressType=1, address=XX:XX:XX:XX:1D:B9, primaryPhy=1, secondaryPhy=0, advertisingSid=0xff, txPower=127, rssi=-49, periodicAdvInt=0x0
05-07 16:57:20.034 D/VRI[classevivaexpressive]@7ac169b(31394): Not drawing due to not visible. Reason=View.GONE
05-07 16:57:20.035 I/VRI[classevivaexpressive]@7ac169b(31394): dispatchDetachedFromWindow
05-07 16:57:20.035 D/WindowManager(30245): Starting window removed Window{6118588 u0 Splash Screen dev.antigravity.classevivaexpressive}
05-07 16:57:20.035 I/WindowManager(30245): Cancelling animation restarting=false, leash=Surface(name=Surface(name=86a2eb0 dev.antigravity.classevivaexpressive/dev.antigravity.classevivaexpressive.MainActivity#418259)/@0xbd0b474 - animation-leash of starting_reveal#418263)/@0x26be212
05-07 16:57:20.035 I/WindowManager(30245): Reparenting to original parent: Surface(name=ActivityRecord{95288003 u0 dev.antigravity.classevivaexpressive/.MainActivity t26554}#418250)/@0x4905d9d, destroy=false, surface=Surface(name=86a2eb0 dev.antigravity.classevivaexpressive/dev.antigravity.classevivaexpressive.MainActivity#418259)/@0xbd0b474
05-07 16:57:20.035 D/InputTransport(30245): Input channel destroyed: '6118588', fd=1364
05-07 16:57:20.035 V/WindowManager(30245): Remove Window{6118588 u0 Splash Screen dev.antigravity.classevivaexpressive}: mSurfaceControl=Surface(name=Splash Screen dev.antigravity.classevivaexpressive$_31394#418252)/@0x9f97b22 mAnimatingExit=false mRemoveOnExit=false mHasSurface=true surfaceShowing=true animating=false app-animation=false callers=com.android.server.wm.Session.remove:15 android.view.IWindowSession$Stub.onTransact:813 com.android.server.wm.Session.onTransact:1 android.os.Binder.execTransactInternal:1514 android.os.Binder.execTransact:1454 <bottom of call stack> 
05-07 16:57:20.035 W/PhoneWindowManager(30245): lockNow pending, ignore updating lockscreen timeout
05-07 16:57:20.035 W/ActivityManager(30245): Unable to start service Intent { flg=0x4 xflg=0x4 cmp=com.facebook.stella/androidx.work.impl.background.systemjob.SystemJobService } U=0: not found
05-07 16:57:20.035 W/ActivityManager(30245): Unbind failed: could not find connection for android.app.LoadedApk$ServiceDispatcher$InnerConnection@a6f2ee9
05-07 16:57:20.035 D/InputTransport(31394): Input channel destroyed: '6118588', fd=932
05-07 16:57:20.036 W/PhoneWindowManager(30245): lockNow pending, ignore updating lockscreen timeout
05-07 16:57:20.036 E/JobScheduler.Concurrency(30245): Error executing JobStatus{72e308e androidx.work.systemjobscheduler:u0a366/4402 #DailyNetworkTasksJob#@androidx.work.systemjobscheduler@com.facebook.stella/androidx.work.impl.background.systemjob.SystemJobService u=0 s=10366 TIME=-2d19h24m24s733ms:none NET READY}
05-07 16:57:20.036 I/SamsungAccount(  856): [SignatureInfoDbHelper] searchOnUser(fromDb) - [10/lfgff][android.honeyboard.][64/3291d] => matched
05-07 16:57:20.036 I/SamsungAccount(  856): [AccountManagerProvider] This is the access of the allowed application
05-07 16:57:20.036 I/SamsungAccount(  856): [AccountManagerUtil] isSamsungAccountSignedIn : true
05-07 16:57:20.036 I/SurfaceFlinger( 1880): RequestedLayer [Surface(name=577a339 InputMethod#413[...]ion-leash of insets_animation#418264] hidden!! flag  from(1) --> to(0)
05-07 16:57:20.036 E/SurfaceFlinger( 1880): alpha changed 1.000 -> 0.000 - Surface(name=577a339 InputMethod#413107)/@0x34d6b2c - animation-leash of insets_animation#418264
05-07 16:57:20.036 I/SurfaceFlinger( 1880): [LayerHierarchy{RequestedLayerState{ImeContainer#172714 parentId=418250 relativeParentId=418250 z=3} 1 children}] reparent to LayerHierarchy{RequestedLayerState{ActivityRecord{95288003 u0 dev.antigravity.classevivaexpressive/.MainActivity t26554}#418250 parentId=418249} 4 children}
05-07 16:57:20.036 I/SurfaceFlinger( 1880): [LayerHierarchy{RequestedLayerState{ImeContainer#172714 parentId=418250 relativeParentId=418250 z=3} 1 children}] RelativeParent to null
05-07 16:57:20.036 I/SurfaceFlinger( 1880): [LayerHierarchy{RequestedLayerState{Surface(name=577a339 InputMethod#413107)/@0x34d6b2c - animation-leash of insets_animation#418247} 1 children}] reparent to OffscreenRoot
05-07 16:57:20.036 I/SurfaceFlinger( 1880): [LayerHierarchy{RequestedLayerState{Surface(name=577a339 InputMethod#413107)/@0x34d6b2c - animation-leash of insets_animation#418247} 1 children}] RelativeParent to null
05-07 16:57:20.036 I/View    (30993): setRequestedFrameRate frameRate=NaN, this=androidx.compose.ui.platform.AndroidComposeView{332a0 VFED..... ........ 0,0-1080,2340 aid=1073741824}, caller=android.view.ViewGroup.setRequestedFrameRate:10045 androidx.compose.ui.platform.Api35Impl.setRequestedFrameRate:4033 androidx.compose.ui.platform.AndroidComposeView.dispatchDraw:2248 android.view.View.draw:26758 android.view.View.updateDisplayListIfDirty:25577 
05-07 16:57:20.036 I/SurfaceFlinger( 1880): [LayerHierarchy{RequestedLayerState{577a339 InputMethod#413107 parentId=418264} no children}] reparent to LayerHierarchy{RequestedLayerState{Surface(name=577a339 InputMethod#413107)/@0x34d6b2c - animation-leash of insets_animation#418264 parentId=413106} 1 children}
05-07 16:57:20.036 I/View    (30993): setRequestedFrameRate frameRate=NaN, this=android.view.View{46a4031 V.ED..... ........ 0,0-0,0}, caller=androidx.compose.ui.platform.Api35Impl.setRequestedFrameRate:4033 androidx.compose.ui.platform.AndroidComposeView.dispatchDraw:2251 android.view.View.draw:26758 android.view.View.updateDisplayListIfDirty:25577 android.view.ViewGroup.recreateChildDisplayList:4881 
05-07 16:57:20.037 I/SurfaceFlinger( 1880): id=418247 Removed Surface(name=577a339 InputMethod#413107)/@0x34d6b2c - animation-leash of insets_animation#418247 (325)
05-07 16:57:20.039 W/PhoneWindowManager(30245): lockNow pending, ignore updating lockscreen timeout
05-07 16:57:20.040 I/SamsungAccount(  856): [TPMU]  SIMState     :SIM_STATE_READY
05-07 16:57:20.041 I/SamsungAccount(  856): [CountryCodeUtil] isChinaCountryCode : false
05-07 16:57:20.041 I/SamsungAccount(  856): [TPMU] getMccFromUsim
05-07 16:57:20.041 I/SamsungAccount(  856): [MccManager] saveMccToPreference Start
05-07 16:57:20.041 I/SamsungAccount(  856): [MccManager] saveMccToPreference, mcc is same with previous mcc
05-07 16:57:20.041 I/SamsungAccount(  856): [ChildAccountSupportedListManager] getSupportedListFromLocal from cache
05-07 16:57:20.042 I/SamsungAccount(  856): [TPMU]  SIMState     :SIM_STATE_READY
05-07 16:57:20.042 I/SamsungAccount(  856): [CountryCodeUtil] isChinaCountryCode : false
05-07 16:57:20.042 I/SamsungAccount(  856): [TPMU] getMccFromUsim
05-07 16:57:20.042 I/SamsungAccount(  856): [MccManager] saveMccToPreference Start
05-07 16:57:20.042 I/SamsungAccount(  856): [MccManager] saveMccToPreference, mcc is same with previous mcc
05-07 16:57:20.042 I/SamsungAccount(  856): [FamilyGroupUtil] meetKoreaCountryCondition(beforeSignUp=false): false
05-07 16:57:20.042 W/ActivityManager(30245): Unable to start service Intent { flg=0x4 xflg=0x4 cmp=com.facebook.stella/androidx.work.impl.background.systemjob.SystemJobService } U=0: not found
05-07 16:57:20.042 W/ActivityManager(30245): Unbind failed: could not find connection for android.app.LoadedApk$ServiceDispatcher$InnerConnection@2e34c7a
05-07 16:57:20.042 I/SamsungAccount(  856): [ChildAccountSupportedListManager] getSupportedListFromLocal from cache
05-07 16:57:20.042 E/JobScheduler.Concurrency(30245): Error executing JobStatus{71a4ec0 androidx.work.systemjobscheduler:u0a366/4337 #DeviceInfoProviderWorker#@androidx.work.systemjobscheduler@com.facebook.stella/androidx.work.impl.background.systemjob.SystemJobService u=0 s=10366 TIME=-3d4h29m46s253ms:none READY}
05-07 16:57:20.042 I/SamsungAccount(  856): [TPMU]  SIMState     :SIM_STATE_READY
05-07 16:57:20.042 I/SamsungAccount(  856): [CountryCodeUtil] isChinaCountryCode : false
05-07 16:57:20.043 I/SamsungAccount(  856): [TPMU] getMccFromUsim
05-07 16:57:20.043 I/SamsungAccount(  856): [MccManager] saveMccToPreference Start
05-07 16:57:20.043 I/SamsungAccount(  856): [MccManager] saveMccToPreference, mcc is same with previous mcc
05-07 16:57:20.043 I/SamsungAccount(  856): [FamilyGroupUtil] meetServerCountryCondition(beforeSignUp=false): true
05-07 16:57:20.043 I/SamsungAccount(  856): [TPMU]  SIMState     :SIM_STATE_READY
05-07 16:57:20.043 I/SamsungAccount(  856): [CountryCodeUtil] isChinaCountryCode : false
05-07 16:57:20.043 W/ActivityManager(30245): Unable to start service Intent { flg=0x4 xflg=0x4 cmp=com.facebook.stella/androidx.work.impl.background.systemjob.SystemJobService } U=0: not found
05-07 16:57:20.043 W/ActivityManager(30245): Unbind failed: could not find connection for android.app.LoadedApk$ServiceDispatcher$InnerConnection@2102007
05-07 16:57:20.043 I/SamsungAccount(  856): [TPMU] getMccFromUsim
05-07 16:57:20.043 I/SamsungAccount(  856): [MccManager] saveMccToPreference Start
05-07 16:57:20.043 I/SamsungAccount(  856): [MccManager] saveMccToPreference, mcc is same with previous mcc
05-07 16:57:20.043 I/SamsungAccount(  856): [FamilyGroupUtil] meetKoreaOneUiCondition: false
05-07 16:57:20.043 E/JobScheduler.Concurrency(30245): Error executing JobStatus{f56727a androidx.work.systemjobscheduler:u0a366/4338 #TwiceDailyTaskJob#@androidx.work.systemjobscheduler@com.facebook.stella/androidx.work.impl.background.systemjob.SystemJobService u=0 s=10366 TIME=-3d4h29m46s156ms:none READY}
05-07 16:57:20.043 W/ActivityManager(30245): Unable to start service Intent { flg=0x4 xflg=0x4 cmp=com.facebook.stella/androidx.work.impl.background.systemjob.SystemJobService } U=0: not found
05-07 16:57:20.043 I/SamsungAccount(  856): [ChildAccountSupportedListManager] getSupportedListFromLocal from cache
05-07 16:57:20.043 W/ActivityManager(30245): Unbind failed: could not find connection for android.app.LoadedApk$ServiceDispatcher$InnerConnection@5eb30a0
05-07 16:57:20.043 I/SamsungAccount(  856): [FamilyGroupUtil] meetServerOneUiCondition: true
05-07 16:57:20.043 I/SamsungAccount(  856): [FamilyGroupUtil] isSupportFamilyService: true
05-07 16:57:20.043 I/SamsungAccount(  856): [AccountManagerUtil] isSamsungAccountSignedIn : true
05-07 16:57:20.043 E/JobScheduler.Concurrency(30245): Error executing JobStatus{4e6f462 androidx.work.systemjobscheduler:u0a366/4431 #FourTimesDailyTaskJob#@androidx.work.systemjobscheduler@com.facebook.stella/androidx.work.impl.background.systemjob.SystemJobService u=0 s=10366 TIME=-3d4h36m17s425ms:none NET READY}
05-07 16:57:20.043 I/SamsungAccount(  856): [ChildAccount] isChildAccount : false
05-07 16:57:20.043 I/SamsungAccount(  856): [AccountManagerProvider] makeResultBundle - resultCode : 0
05-07 16:57:20.043 W/ActivityManager(30245): Unable to start service Intent { flg=0x4 xflg=0x4 cmp=com.facebook.stella/androidx.work.impl.background.systemjob.SystemJobService } U=0: not found
05-07 16:57:20.043 W/ActivityManager(30245): Unbind failed: could not find connection for android.app.LoadedApk$ServiceDispatcher$InnerConnection@1022d15
05-07 16:57:20.043 I/HBD     ( 2755): h [AiWriter] isChildAccount:false
05-07 16:57:20.043 E/JobScheduler.Concurrency(30245): Error executing JobStatus{b294555 androidx.work.systemjobscheduler:u0a366/4432 #NabuJitCleanupWorker#@androidx.work.systemjobscheduler@com.facebook.stella/androidx.work.impl.background.systemjob.SystemJobService u=0 s=10366 TIME=-3d9h36m16s714ms:none READY}
05-07 16:57:20.044 I/HBD     ( 2755): e needOff = true , isForceOff = false, isNullInputClass : true 
05-07 16:57:20.044 W/ActivityManager(30245): Unable to start service Intent { flg=0x4 xflg=0x4 cmp=com.facebook.stella/androidx.work.impl.background.systemjob.SystemJobService } U=0: not found
05-07 16:57:20.044 I/HBD     ( 2755): e update cached prediction status : false 
05-07 16:57:20.044 W/ActivityManager(30245): Unbind failed: could not find connection for android.app.LoadedApk$ServiceDispatcher$InnerConnection@9123cf6
05-07 16:57:20.044 E/JobScheduler.Concurrency(30245): Error executing JobStatus{dc5dbd7 androidx.work.systemjobscheduler:u0a366/4434 #MobileConfigEmergencyPushWorker#@androidx.work.systemjobscheduler@com.facebook.stella/androidx.work.impl.background.systemjob.SystemJobService u=0 s=10366 TIME=-3d9h36m17s461ms:none NET READY}
05-07 16:57:20.044 I/HBD     ( 2755): h getDefaultInputRange : UNKNOWN 
05-07 16:57:20.044 I/HBD     ( 2755): a currentState : 0 
05-07 16:57:20.044 D/SecContentProvider(30245): query(), uri = 17 selection = isSettingsChangesAllowed
05-07 16:57:20.044 D/SecContentProvider(30245): called from android.uid.honeyboard:10229
05-07 16:57:20.044 D/RestrictionPolicy(30245): isSettingsChangesAllowedAsUser, userId 0 : true
05-07 16:57:20.044 D/SecContentProvider(30245): query(), uri = 17 selection = isSettingsChangesAllowed
05-07 16:57:20.044 D/SecContentProvider(30245): called from android.uid.honeyboard:10229
05-07 16:57:20.044 D/RestrictionPolicy(30245): isSettingsChangesAllowedAsUser, userId 0 : true
05-07 16:57:20.044 I/HBD     ( 2755): x updated Sub Types. Italian 
05-07 16:57:20.044 I/HBD     ( 2755): a [UpdatePolicy] [post] a: 0 cl: 2162688 kit: [0/0] vt: 0 ir: 1 
05-07 16:57:20.044 I/SurfaceFlinger( 1880): RequestedLayer [Splash Screen dev.antigravity.classevivaexpressive$_31394#418252] hidden!! flag  from(0) --> to(1)
05-07 16:57:20.044 I/SurfaceFlinger( 1880): destroyed Surface(name=577a339 InputMethod#413107)/@0x34d6b2c - animation-leash of insets_animation#418247 form LifecycleManager
05-07 16:57:20.044 I/SurfaceFlinger( 1880): [LayerHierarchy{RequestedLayerState{Surface(name=86a2eb0 dev.antigravity.classevivaexpressive/dev.antigravity.classevivaexpressive.MainActivity#418259)/@0xbd0b474 - animation-leash of starting_reveal#418263} 1 children}] reparent to OffscreenRoot
05-07 16:57:20.044 I/SurfaceFlinger( 1880): [LayerHierarchy{RequestedLayerState{Surface(name=86a2eb0 dev.antigravity.classevivaexpressive/dev.antigravity.classevivaexpressive.MainActivity#418259)/@0xbd0b474 - animation-leash of starting_reveal#418263} 1 children}] RelativeParent to null
05-07 16:57:20.044 I/SurfaceFlinger( 1880): [LayerHierarchy{RequestedLayerState{86a2eb0 dev.antigravity.classevivaexpressive/dev.antigravity.classevivaexpressive.MainActivity#418259 parentId=418250} 1 children}] reparent to LayerHierarchy{RequestedLayerState{ActivityRecord{95288003 u0 dev.antigravity.classevivaexpressive/.MainActivity t26554}#418250 parentId=418249} 4 children}
05-07 16:57:20.044 I/SurfaceFlinger( 1880): id=418247 onLayerDestroyed from LayerHierarchyBuilder(RequestedLayerState{Surface(name=577a339 InputMethod#413107)/@0x34d6b2c - animation-leash of insets_animation#418247 !handle})
05-07 16:57:20.044 I/View    (30993): setRequestedFrameRate frameRate=NaN, this=androidx.compose.ui.platform.AndroidComposeView{332a0 VFED..... ........ 0,0-1080,2340 aid=1073741824}, caller=android.view.ViewGroup.setRequestedFrameRate:10045 androidx.compose.ui.platform.Api35Impl.setRequestedFrameRate:4033 androidx.compose.ui.platform.AndroidComposeView.dispatchDraw:2248 android.view.View.draw:26758 android.view.View.updateDisplayListIfDirty:25577 
05-07 16:57:20.044 I/View    (30993): setRequestedFrameRate frameRate=NaN, this=android.view.View{46a4031 V.ED..... ........ 0,0-0,0}, caller=androidx.compose.ui.platform.Api35Impl.setRequestedFrameRate:4033 androidx.compose.ui.platform.AndroidComposeView.dispatchDraw:2251 android.view.View.draw:26758 android.view.View.updateDisplayListIfDirty:25577 android.view.ViewGroup.recreateChildDisplayList:4881 
05-07 16:57:20.045 I/SurfaceFlinger( 1880): id=418247 Destroyed Surface(name=577a339 InputMethod#413107)/@0x34d6b2c - animation-leash of insets_animation#418247
05-07 16:57:20.045 I/SurfaceFlinger( 1880): id=418263 Removed Surface(name=86a2eb0 dev.antigravity.classevivaexpressive/dev.antigravity.classevivaexpressive.MainActivity#418259)/@0xbd0b474 - animation-leash of starting_reveal#418263 (324)
